******************************************************************************
               TMS320C6x Linker PC v8.1.3                      
******************************************************************************
>> Linked Fri Jul 27 17:00:30 2018

OUTPUT FILE NAME:   <mmw_dss_68xx.xe674>
ENTRY POINT SYMBOL: "_c_int00"  address: 007f94a0


MEMORY CONFIGURATION

         name            origin    length      used     unused   attr    fill
----------------------  --------  ---------  --------  --------  ----  --------
PAGE 0:
  L2SRAM_UMAP1          007e0000   00020000  0001f720  000008e0  RWIX
  L2SRAM_UMAP0          00800000   00020000  0001bde5  0000421b  RWIX
  L1PSRAM               00e00000   00004000  00003920  000006e0  RWIX
  L1DSRAM               00f00000   00004000  00004000  00000000  RWIX
  L3SRAM                20000000   000a0000  00004320  0009bce0  RWIX
  HSRAM                 21080000   00008000  00008000  00000000  RWIX

PAGE 1:
  L3SRAM                20000000   000a0000  000a0000  00000000  RWIX


SEGMENT ALLOCATION MAP

run origin  load origin   length   init length attrs members
----------  ----------- ---------- ----------- ----- -------
007e0000    007e0000    0001f720   0001f720    r-x
  007e0000    007e0000    00000200   00000200    r-x .vecs
  007e0200    007e0200    0001f520   0001f520    r-x .text
00800000    00800000    00018010   00000000    rw-
  00800000    00800000    0000c000   00000000    rw- .l2data
  0080c000    0080c000    0000800c   00000000    rw- .far
  00814010    00814010    00004000   00000000    rw- systemHeap
00818010    00818010    00002511   00002511    r--
  00818010    00818010    00002511   00002511    r-- .const
0081a528    0081a528    00001648   0000122c    rw-
  0081a528    0081a528    0000122c   0000122c    rw- .fardata
  0081b758    0081b758    00000418   00000000    rw- .stack
0081bb70    0081bb70    00000140   00000140    r--
  0081bb70    0081bb70    00000140   00000140    r-- .switch
0081bcb0    0081bcb0    00000120   00000000    rw-
  0081bcb0    0081bcb0    00000120   00000000    rw- .cio
0081bdd0    0081bdd0    00000014   00000014    rw-
  0081bdd0    0081bdd0    00000014   00000014    rw- .neardata
0081bde8    0081bde8    00000010   00000010    r--
  0081bde8    0081bde8    00000010   00000010    r-- .ovly
00e00000    20000000    00003920   00003920    r-x
  00e00000    20000000    00003920   00003920    r-x .fastCode
00f00000    00f00000    00004000   00000000    rw-
  00f00000    00f00000    00004000   00000000    rw- .l1data
20003920    20003920    00000a00   00000a00    r-x
  20003920    20003920    00000a00   00000a00    r-x .overlay
21080000    21080000    00008000   00000000    rw-
  21080000    21080000    00008000   00000000    rw- .demoSharedMem
20000000    20000000    000a0000   00000000    rw-
  20000000    20000000    000a0000   00000000    rw- .l3data


SECTION ALLOCATION MAP

 output                                  attributes/
section   page    origin      length       input sections
--------  ----  ----------  ----------   ----------------
.vecs      0    007e0000    00000200     
                  007e0000    00000200     dss_mmw_pe674.oe674 (.vecs)

.text      0    007e0200    0001f520     
                  007e0200    00000a60     dss_main.oe674 (.text:MmwDemo_parseProfileAndChirpConfig)
                  007e0c60    000008a0     ti.targets.rts6000.ae674 : System.oe674 (.text:xdc_runtime_System_doPrint__I)
                  007e1500    00000700     sysbios.ae674 : BIOS.obj (.text:ti_sysbios_family_c64p_Exception_handler__I)
                  007e1c00    00000640     dss_main.oe674 (.text:MmwDemo_mboxReadTask)
                  007e2240    000005c0     rts6740_elf.lib : divd.obj (.text:__c6xabi_divd)
                  007e2800    00000580     dss_data_path.oe674 (.text:MmwDemo_dataPathConfigEdma)
                  007e2d80    00000560     dss_data_path.oe674 (.text:MmwDemo_cfarPeakGroupingCfarQualified)
                  007e32e0    00000540     dss_data_path.oe674 (.text:MmwDemo_dataPathConfigBuffers)
                  007e3820    00000500     sysbios.ae674 : BIOS.obj (.text:ti_sysbios_knl_Semaphore_pend__E)
                  007e3d20    000004e0                   : BIOS.obj (.text:ti_sysbios_knl_Event_pend__E)
                  007e4200    000004c0                   : BIOS.obj (.text:ti_sysbios_heaps_HeapMem_allocUnprotected__E)
                  007e46c0    00000460     dss_data_path.oe674 (.text:MmwDemo_gen_twiddle_fft16x16_fast)
                  007e4b20    00000460     sysbios.ae674 : BIOS.obj (.text:ti_sysbios_heaps_HeapMem_freeUnprotected__E)
                  007e4f80    00000420     libmailbox_xwr16xx.ae674 : mailbox.oe674 (.text:Mailbox_open)
                  007e53a0    00000420     sysbios.ae674 : BIOS.obj (.text:ti_sysbios_knl_Task_Instance_finalize__E)
                  007e57c0    00000400     libadcbuf_xwr16xx.ae674 : adcbuf_mmwave.oe674 (.text:ADCBUF_MMWave_control)
                  007e5bc0    00000400     libmmwave_xwr16xx.ae674 : mmwave_xwr16xx.oe674 (.text:MMWave_deviceExecuteFxn)
                  007e5fc0    000003e0     libmmwavelink_xwr16xx.ae674 : rl_driver.oe674 (.text:rlDriverRxHdrRead)
                  007e63a0    000003c0     dss_data_path.oe674 (.text:MmwDemo_XYZcalc)
                  007e6760    000003c0     dss_data_path.oe674 (.text:MmwDemo_dcRangeSignatureCompensation)
                  007e6b20    00000380     dss_main.oe674 (.text:MmwDemo_dssDataPathReconfig)
                  007e6ea0    00000360     libcrc_xwr16xx.ae674 : crc.oe674 (.text:CRC_open)
                  007e7200    00000320     dss_main.oe674 (.text:MmwDemo_dssDataPathTask)
                  007e7520    00000320     libuart_xwr16xx.ae674 : uartsci.oe674 (.text:UartSci_open)
                  007e7840    00000320     sysbios.ae674 : BIOS.obj (.text:ti_sysbios_knl_Task_Instance_init__E)
                  007e7b60    000002e0     libedma_xwr16xx.ae674 : edma.oe674 (.text:EDMA_error_isr)
                  007e7e40    000002e0     libmmwavelink_xwr16xx.ae674 : rl_driver.oe674 (.text:rlDriverCmdInvoke)
                  007e8120    000002c0     dss_data_path.oe674 (.text:MmwDemo_genWindow)
                  007e83e0    000002c0     sysbios.ae674 : BIOS.obj (.text:ti_sysbios_knl_Task_sleep__E)
                  007e86a0    000002a0     libcrc_xwr16xx.ae674 : crc.oe674 (.text:CRC_computeSignature)
                  007e8940    000002a0     dss_main.oe674 (.text:MmwDemo_dssDataPathInit)
                  007e8be0    000002a0     rts6740_elf.lib : divf.obj (.text:__c6xabi_divf)
                  007e8e80    00000280     libedma_xwr16xx.ae674 : edma.oe674 (.text:EDMA_configChannel)
                  007e9100    00000280     dss_data_path.oe674 (.text:MmwDemo_processChirp)
                  007e9380    00000260     libedma_xwr16xx.ae674 : edma.oe674 (.text:EDMA_open)
                  007e95e0    00000260     dss_data_path.oe674 (.text:MmwDemo_XYcalc)
                  007e9840    00000260     rts6740_elf.lib : imath64.obj (.text:__c6xabi_divull)
                  007e9aa0    00000260     libmmwavelink_xwr16xx.ae674 : rl_driver.oe674 (.text:rlDriverInit)
                  007e9d00    00000260                                 : rl_driver.oe674 (.text:rlDriverMsgRead)
                  007e9f60    00000260     sysbios.ae674 : BIOS.obj (.text:ti_sysbios_knl_Clock_workFunc__E)
                  007ea1c0    00000260     ti.targets.rts6000.ae674 : Startup.oe674 (.text:xdc_runtime_Startup_startMods__I)
                  007ea420    00000240     libedma_xwr16xx.ae674 : edma.oe674 (.text:EDMA_configErrorMonitoring)
                  007ea660    00000240     libuart_xwr16xx.ae674 : uartsci.oe674 (.text:UartSci_ISR)
                  007ea8a0    00000240     rts6740_elf.lib : setvbuf.obj (.text:setvbuf)
                  007eaae0    00000240     sysbios.ae674 : BIOS.obj (.text:ti_sysbios_knl_Event_post__E)
                  007ead20    00000240     ti.targets.rts6000.ae674 : Core-mem.oe674 (.text:xdc_runtime_Core_createObject__I)
                  007eaf60    00000240     dss_mmw_pe674.oe674 (.text:xdc_runtime_System_printfExtend__I)
                  007eb1a0    00000220     libedma_xwr16xx.ae674 : edma.oe674 (.text:EDMA_transferComplete_isr)
                  007eb3c0    00000220     libmailbox_xwr16xx.ae674 : mailbox.oe674 (.text:Mailbox_write)
                  007eb5e0    00000220     dss_main.oe674 (.text:MmwDemo_dssDataPathProcessEvents)
                  007eb800    00000220     rts6740_elf.lib : fputc.obj (.text:fputc)
                  007eba20    00000220     libmmwavelink_xwr16xx.ae674 : rl_driver.oe674 (.text:rlDriverCmdSendRetry)
                  007ebc40    00000220     sysbios.ae674 : BIOS.obj (.text:ti_sysbios_family_c64p_Hwi_dispatchCore__I)
                  007ebe60    00000220                   : BIOS.obj (.text:ti_sysbios_heaps_HeapMem_Instance_init__E)
                  007ec080    00000220                   : BIOS.obj (.text:ti_sysbios_knl_Task_schedule__I)
                  007ec2a0    00000220                   : BIOS.obj (.text:ti_sysbios_utils_Load_updateThreadContexts__E)
                  007ec4c0    00000200     libmmwave_xwr16xx.ae674 : mmwave_link.oe674 (.text:MMWave_initMMWaveLink)
                  007ec6c0    00000200     sysbios.ae674 : c64p_Hwi_disp_always.obj (.text:_ti_sysbios_family_c64p_Hwi_dispatchAlways)
                  007ec8c0    00000200     rts6740_elf.lib : atan.obj (.text:atan)
                  007ecac0    00000200     libmmwavelink_xwr16xx.ae674 : rl_driver.oe674 (.text:rlDriverRdVerifyMsg)
                  007eccc0    00000200     sysbios.ae674 : BIOS.obj (.text:ti_sysbios_knl_Semaphore_post__E)
                  007ecec0    00000200     ti.targets.rts6000.ae674 : Error.oe674 (.text:xdc_runtime_Error_policyDefault__E)
                  007ed0c0    000001e0     libadcbuf_xwr16xx.ae674 : adcbuf_mmwave.oe674 (.text:ADCBUF_MMWave_open)
                  007ed2a0    000001e0     libedma_xwr16xx.ae674 : edma.oe674 (.text:EDMA_init)
                  007ed480    000001e0     dss_data_path.oe674 (.text:MmwDemo_gen_twiddle_fft32x32_fast)
                  007ed660    000001e0     libuart_xwr16xx.ae674 : uartsci_edma.oe674 (.text:UartSci_openEDMA)
                  007ed840    000001e0     rts6740_elf.lib : log.obj (.text:log)
                  007eda20    000001e0     sysbios.ae674 : BIOS.obj (.text:ti_sysbios_knl_Task_postInit__I)
                  007edc00    000001e0                   : BIOS.obj (.text:ti_sysbios_knl_Task_startCore__E)
                  007edde0    000001e0     ti.targets.rts6000.ae674 : Text.oe674 (.text:xdc_runtime_Text_putSite__E)
                  007edfc0    000001c0     libmmwave_xwr16xx.ae674 : mmwave_xwr16xx.oe674 (.text:MMWave_deviceInitFxn)
                  007ee180    000001c0     libmailbox_xwr16xx.ae674 : mailbox.oe674 (.text:Mailbox_read)
                  007ee340    000001c0     dss_main.oe674 (.text:MmwDemo_edmaBlockCopy)
                  007ee500    000001c0     dss_data_path.oe674 (.text:MmwDemo_genDftSinCosTable)
                  007ee6c0    000001c0     libuart_xwr16xx.ae674 : uartsci_edma.oe674 (.text:UartSci_initiateTxEDMA)
                  007ee880    000001c0     rts6740_elf.lib : atan2.obj (.text:atan2)
                  007eea40    000001c0                     : frexp.obj (.text:frexp)
                  007eec00    000001c0     libmmwavelink_xwr16xx.ae674 : rl_driver.oe674 (.text:rlDriverClientCbCheck)
                  007eedc0    000001c0     sysbios.ae674 : BIOS.obj (.text:ti_sysbios_timers_rti_Timer_getFreq__E)
                  007eef80    000001a0     libadcbuf_xwr16xx.ae674 : adcbuf_mmwave.oe674 (.text:ADCBUFTestPatternConfig)
                  007ef120    000001a0     libedma_xwr16xx.ae674 : edma.oe674 (.text:EDMA_paramConfig_assist)
                  007ef2c0    000001a0     dss_config_edma_util.oe674 (.text:EDMAutil_configType2b)
                  007ef460    000001a0     rts6740_elf.lib : trgdrv.obj (.text:HOSTrename)
                  007ef600    000001a0     dss_main.oe674 (.text:MmwDemo_dssChirpIntHandler)
                  007ef7a0    000001a0     rts6740_elf.lib : asin.obj (.text:asin)
                  007ef940    000001a0                     : lowlev.obj (.text:getdevice)
                  007efae0    000001a0     libmmwavelink_xwr16xx.ae674 : rl_driver.oe674 (.text:rlDriverDeInit)
                  007efc80    000001a0                                 : rl_driver.oe674 (.text:rlDriverMsgReadCmdCtx)
                  007efe20    000001a0     sysbios.ae674 : BIOS.obj (.text:ti_sysbios_family_c64p_EventCombiner_dispatch__E)
                  007effc0    000001a0     ti.targets.rts6000.ae674 : Core-smem.oe674 (.text:xdc_runtime_Core_constructObject__I)
                  007f0160    00000180     libadcbuf_xwr16xx.ae674 : adcbuf_mmwave.oe674 (.text:ADCBUFCmdParamCheck)
                  007f02e0    00000180     libmmwave_xwr16xx.ae674 : mmwave_fullcfg.oe674 (.text:MMWave_getChirpHandle)
                  007f0460    00000180     dss_main.oe674 (.text:MmwDemo_dssDataPathConfig)
                  007f05e0    00000180     libmmwavelink_xwr16xx.ae674 : rl_driver.oe674 (.text:rlDriverMsgWrite)
                  007f0760    00000180                                 : rl_driver.oe674 (.text:rlDriverWaitForResponse)
                  007f08e0    00000180     sysbios.ae674 : c64p_Exception_asm.obj (.text)
                  007f0a60    00000180                   : BIOS.obj (.text:ti_sysbios_family_c64p_Exception_internalHandler__I)
                  007f0be0    00000180                   : BIOS.obj (.text:ti_sysbios_knl_Task_exit__E)
                  007f0d60    00000180                   : BIOS.obj (.text:ti_sysbios_knl_Task_unblockI__E)
                  007f0ee0    00000180                   : BIOS.obj (.text:ti_sysbios_utils_Load_startup__E)
                  007f1060    00000160     dss_config_edma_util.oe674 (.text:EDMAutil_configType1)
                  007f11c0    00000160     dss_config_edma_util.oe674 (.text:EDMAutil_configType3)
                  007f1320    00000160     libmmwave_xwr16xx.ae674 : mmwave_link.oe674 (.text:MMWave_computeCRC)
                  007f1480    00000160                             : mmwave.oe674 (.text:MMWave_start)
                  007f15e0    00000160     libmailbox_xwr16xx.ae674 : mailbox.oe674 (.text:Mailbox_close)
                  007f1740    00000160     libsoc_xwr16xx.ae674 : soc.oe674 (.text:SOC_registerSysIntListener)
                  007f18a0    00000160     libuart_xwr16xx.ae674 : uartsci.oe674 (.text:UartSci_readPolling)
                  007f1a00    00000160                           : uartsci.oe674 (.text:UartSci_writePolling)
                  007f1b60    00000160     rts6740_elf.lib : sqrt.obj (.text:sqrt)
                  007f1cc0    00000160     sysbios.ae674 : BIOS.obj (.text:ti_sysbios_knl_Task_checkStacks__E)
                  007f1e20    00000160                   : BIOS.obj (.text:ti_sysbios_timers_rti_Timer_postInit__I)
                  007f1f80    00000160                   : BIOS.obj (.text:ti_sysbios_utils_Load_idleFxn__E)
                  007f20e0    00000160                   : BIOS.obj (.text:ti_sysbios_utils_Load_logLoads__I)
                  007f2240    00000160                   : BIOS.obj (.text:ti_sysbios_utils_Load_updateLoads__E)
                  007f23a0    00000160     ti.targets.rts6000.ae674 : Text.oe674 (.text:xdc_runtime_Text_putMod__E)
                  007f2500    00000140     libedma_xwr16xx.ae674 : edma_low_level.oe674 (.text:EDMA3Init)
                  007f2640    00000140                           : edma.oe674 (.text:EDMA_transferController_error_isr)
                  007f2780    00000140     libmmwave_xwr16xx.ae674 : mmwave_fullcfg.oe674 (.text:MMWave_addChirp)
                  007f28c0    00000140                             : mmwave_link.oe674 (.text:MMWave_asyncEventHandler)
                  007f2a00    00000140                             : mmwave.oe674 (.text:MMWave_init)
                  007f2b40    00000140                             : mmwave_link.oe674 (.text:MMWave_startLink)
                  007f2c80    00000140     dss_data_path.oe674 (.text:MmwDemo_XYZestimation)
                  007f2dc0    00000140     libuart_xwr16xx.ae674 : uartsci.oe674 (.text:UartSci_read)
                  007f2f00    00000140                           : uartsci.oe674 (.text:UartSci_write)
                  007f3040    00000140     rts6740_elf.lib : fclose.obj (.text:__TI_closefile)
                  007f3180    00000140                     : fflush.obj (.text:fflush)
                  007f32c0    00000140     libmmwavelink_xwr16xx.ae674 : rl_driver.oe674 (.text:rlDriverMsgCmdReply)
                  007f3400    00000140     sysbios.ae674 : BIOS.obj (.text:ti_sysbios_gates_GateMutex_enter__E)
                  007f3540    00000140                   : BIOS.obj (.text:ti_sysbios_knl_Task_Module_startup__E)
                  007f3680    00000140                   : BIOS.obj (.text:ti_sysbios_knl_Task_blockI__E)
                  007f37c0    00000140                   : BIOS.obj (.text:ti_sysbios_timers_rti_Timer_Module_startup__E)
                  007f3900    00000140     ti.targets.rts6000.ae674 : Core-mem.oe674 (.text:xdc_runtime_Core_deleteObject__I)
                  007f3a40    00000140                              : Text.oe674 (.text:xdc_runtime_Text_putLab__E)
                  007f3b80    00000120     libadcbuf_xwr16xx.ae674 : adcbuf_mmwave.oe674 (.text:ADCBUF_MMWave_getChanBufAddr)
                  007f3ca0    00000120     libmmwave_xwr16xx.ae674 : mmwave_fullcfg.oe674 (.text:MMWave_flushCfg)
                  007f3dc0    00000120     boot.ae674 : autoinit.oe674 (.text:_auto_init_elf)
                  007f3ee0    00000120     rts6740_elf.lib : fseek.obj (.text:fseek)
                  007f4000    00000120     libmmwavelink_xwr16xx.ae674 : rl_device.oe674 (.text:rlDevicePowerOn)
                  007f4120    00000120                                 : rl_driver.oe674 (.text:rlDriverAsyncEventHandler)
                  007f4240    00000120                                 : rl_driver.oe674 (.text:rlDriverProcRdMsg)
                  007f4360    00000120     sysbios.ae674 : BIOS.obj (.text:ti_sysbios_family_c64p_EventCombiner_dispatchPlug__E)
                  007f4480    00000120                   : BIOS.obj (.text:ti_sysbios_knl_Semaphore_Instance_init__E)
                  007f45a0    00000100     rts6740_elf.lib : trgdrv.obj (.text:HOSTlseek)
                  007f46a0    00000100     libmmwave_xwr16xx.ae674 : mmwave_fullcfg.oe674 (.text:MMWave_addProfile)
                  007f47a0    00000100                             : mmwave_fullcfg.oe674 (.text:MMWave_getChirpCfg)
                  007f48a0    00000100     libmailbox_xwr16xx.ae674 : mailbox.oe674 (.text:Mailbox_readFlush)
                  007f49a0    00000100     dss_data_path.oe674 (.text:MmwDemo_checkDynamicConfigErrors)
                  007f4aa0    00000100     dss_main.oe674 (.text:MmwDemo_dssMmwaveEventCallbackFxn)
                  007f4ba0    00000100     dss_data_path.oe674 (.text:MmwDemo_getDopplerLine)
                  007f4ca0    00000100     libsoc_xwr16xx.ae674 : soc_xwr16xx_dss.oe674 (.text:SOC_deviceInit)
                  007f4da0    00000100                          : soc_xwr16xx.oe674 (.text:SOC_translateAddress)
                  007f4ea0    00000100     libuart_xwr16xx.ae674 : uartsci.oe674 (.text:UartSci_control)
                  007f4fa0    00000100                           : uartsci.oe674 (.text:UartSci_readChar)
                  007f50a0    00000100     rts6740_elf.lib : _io_perm.obj (.text:__TI_wrt_ok)
                  007f51a0    00000100     libmmwavelink_xwr16xx.ae674 : rl_device.oe674 (.text:rlDeviceGetVersion)
                  007f52a0    00000100                                 : rl_device.oe674 (.text:rlDevicePowerOff)
                  007f53a0    00000100     sysbios.ae674 : BIOS.obj (.text:ti_sysbios_timers_rti_Timer_initDevice__I)
                  007f54a0    00000100                   : BIOS.obj (.text:ti_sysbios_timers_rti_Timer_start__E)
                  007f55a0    00000100     ti.targets.rts6000.ae674 : Error.oe674 (.text:xdc_runtime_Error_print__E)
                  007f56a0    00000100                              : Memory.oe674 (.text:xdc_runtime_Memory_alloc__E)
                  007f57a0    00000100                              : Startup.oe674 (.text:xdc_runtime_Startup_exec__E)
                  007f58a0    000000e0     libcrc_xwr16xx.ae674 : crc.oe674 (.text:CRC_getTransactionId)
                  007f5980    000000e0     libedma_xwr16xx.ae674 : edma.oe674 (.text:EDMA_configParamSet)
                  007f5a60    000000e0                           : edma.oe674 (.text:EDMA_isTransferComplete)
                  007f5b40    000000e0     dss_config_edma_util.oe674 (.text:EDMA_setup_shadow_link)
                  007f5c20    000000e0     dss_config_edma_util.oe674 (.text:EDMAutil_triggerType3)
                  007f5d00    000000e0     rts6740_elf.lib : trgdrv.obj (.text:HOSTopen)
                  007f5de0    000000e0                     : trgdrv.obj (.text:HOSTwrite)
                  007f5ec0    000000e0     libmmwave_xwr16xx.ae674 : mmwave_xwr16xx.oe674 (.text:MMWave_deviceStartFxn)
                  007f5fa0    000000e0                             : mmwave_fullcfg.oe674 (.text:MMWave_getProfileCfg)
                  007f6080    000000e0                             : mmwave_link.oe674 (.text:MMWave_spawn)
                  007f6160    000000e0     libmailbox_xwr16xx.ae674 : mailbox.oe674 (.text:Mailbox_boxFullISRMssDss)
                  007f6240    000000e0                              : mailbox.oe674 (.text:Mailbox_init)
                  007f6320    000000e0     dss_main.oe674 (.text:MmwDemo_dssDataPathStart)
                  007f6400    000000e0     dss_main.oe674 (.text:MmwDemo_dssSendProcessOutputToMSS)
                  007f64e0    000000e0     libuart_xwr16xx.ae674 : uartsci.oe674 (.text:UartSci_writeChar)
                  007f65c0    000000e0     rts6740_elf.lib : divi.obj (.text:__divi)
                  007f66a0    000000e0                     : lowlev.obj (.text:close)
                  007f6780    000000e0                     : memset.obj (.text:memset)
                  007f6860    000000e0     libmmwavelink_xwr16xx.ae674 : rl_driver.oe674 (.text:rlDriverCalChkSum)
                  007f6940    000000e0                                 : rl_driver.oe674 (.text:rlDriverHostIrqHandler)
                  007f6a20    000000e0                                 : rl_driver.oe674 (.text:rlDriverMsgReadSpawnCtx)
                  007f6b00    000000e0                                 : rl_driver.oe674 (.text:rlDriverValidateHdr)
                  007f6be0    000000e0     sysbios.ae674 : BIOS.obj (.text:ti_sysbios_family_c64p_Cache_Module_startup__E)
                  007f6cc0    000000e0                   : BIOS.obj (.text:ti_sysbios_family_c64p_Cache_getL2InitSize__I)
                  007f6da0    000000e0                   : BIOS.obj (.text:ti_sysbios_utils_Load_updateCurrentThreadTime__E)
                  007f6e80    000000c0     libcrc_xwr16xx.ae674 : crc.oe674 (.text:CRC_getSignature)
                  007f6f40    000000c0     libedma_xwr16xx.ae674 : edma.oe674 (.text:EDMA_startDmaTransfer)
                  007f7000    000000c0     rts6740_elf.lib : trgdrv.obj (.text:HOSTread)
                  007f70c0    000000c0                     : trgdrv.obj (.text:HOSTunlink)
                  007f7180    000000c0     libmmwave_xwr16xx.ae674 : mmwave_xwr16xx.oe674 (.text:MMWave_deviceEventFxn)
                  007f7240    000000c0                             : mmwave_fullcfg.oe674 (.text:MMWave_getNumChirps)
                  007f7300    000000c0                             : mmwave_link.oe674 (.text:MMWave_initCRC)
                  007f73c0    000000c0     libmailbox_xwr16xx.ae674 : mailbox.oe674 (.text:Mailbox_boxFullISRProcessing)
                  007f7480    000000c0     dss_main.oe674 (.text:MmwDemo_cfgUpdate)
                  007f7540    000000c0     dss_data_path.oe674 (.text:MmwDemo_dataPathConfigFFTs)
                  007f7600    000000c0     libuart_xwr16xx.ae674 : uartsci.oe674 (.text:UartSci_readCancel)
                  007f76c0    000000c0                           : uartsci.oe674 (.text:UartSci_writeCancel)
                  007f7780    000000c0     dss_main.oe674 (.text:_MmwDemo_dssAssert)
                  007f7840    000000c0     rts6740_elf.lib : fflush.obj (.text:__TI_doflush)
                  007f7900    000000c0                     : divu.obj (.text:__divu)
                  007f79c0    000000c0                     : remi.obj (.text:__remi)
                  007f7a80    000000c0                     : exit.obj (.text:exit)
                  007f7b40    000000c0     libmmwavelink_xwr16xx.ae674 : rl_driver.oe674 (.text:rlDriverExecuteGetApi)
                  007f7c00    000000c0     sysbios.ae674 : BIOS.obj (.text:ti_sysbios_family_c64p_Cache_getL1DInitSize__I)
                  007f7cc0    000000c0                   : BIOS.obj (.text:ti_sysbios_family_c64p_Cache_getL1PInitSize__I)
                  007f7d80    000000c0                   : BIOS.obj (.text:ti_sysbios_heaps_HeapMem_getStats__E)
                  007f7e40    000000c0                   : BIOS.obj (.text:ti_sysbios_knl_Clock_logTick__E)
                  007f7f00    000000c0     dss_mmw_pe674.oe674 (.text:ti_sysbios_knl_Task_create)
                  007f7fc0    000000c0     sysbios.ae674 : BIOS.obj (.text:ti_sysbios_timers_rti_Timer_startup__E)
                  007f8080    000000c0                   : BIOS.obj (.text:ti_sysbios_utils_Load_logCPULoad__I)
                  007f8140    000000c0                   : BIOS.obj (.text:ti_sysbios_utils_Load_taskCreateHook__E)
                  007f8200    000000c0                   : BIOS.obj (.text:ti_sysbios_utils_Load_taskSwitchHook__E)
                  007f82c0    000000c0     rts6740_elf.lib : tls.obj (.text:tls:init:__TI_tls_init)
                  007f8380    000000c0     ti.targets.rts6000.ae674 : Assert.oe674 (.text:xdc_runtime_Assert_raise__I)
                  007f8440    000000c0                              : Error.oe674 (.text:xdc_runtime_Error_setX__E)
                  007f8500    000000a0     libedma_xwr16xx.ae674 : edma_low_level.oe674 (.text:EDMA3EnableChInShadowReg)
                  007f85a0    000000a0                           : edma.oe674 (.text:EDMA_disableChannel)
                  007f8640    000000a0     rts6740_elf.lib : trgdrv.obj (.text:HOSTclose)
                  007f86e0    000000a0     libmmwave_xwr16xx.ae674 : mmwave.oe674 (.text:MMWave_execute)
                  007f8780    000000a0                             : mmwave_link.oe674 (.text:MMWave_executeLink)
                  007f8820    000000a0                             : mmwave_link.oe674 (.text:MMWave_initLink)
                  007f88c0    000000a0                             : mmwave_link.oe674 (.text:MMWave_mboxOpen)
                  007f8960    000000a0                             : mmwave.oe674 (.text:MMWave_sync)
                  007f8a00    000000a0     libmailbox_xwr16xx.ae674 : mailbox.oe674 (.text:Mailbox_boxEmptyISRProcessing)
                  007f8aa0    000000a0     dss_data_path.oe674 (.text:MmwDemo_Yestimation)
                  007f8b40    000000a0     dss_data_path.oe674 (.text:MmwDemo_dataPathWait1DInputData)
                  007f8be0    000000a0     dss_data_path.oe674 (.text:MmwDemo_dataPathWait1DOutputData)
                  007f8c80    000000a0     dss_data_path.oe674 (.text:MmwDemo_dataPathWait2DInputData)
                  007f8d20    000000a0     dss_data_path.oe674 (.text:MmwDemo_dataPathWait3DInputData)
                  007f8dc0    000000a0     dss_data_path.oe674 (.text:MmwDemo_dataPathWaitTransDetMatrix2)
                  007f8e60    000000a0     dss_data_path.oe674 (.text:MmwDemo_dataPathWaitTransDetMatrix)
                  007f8f00    000000a0     dss_main.oe674 (.text:MmwDemo_dssDataPathStop)
                  007f8fa0    000000a0     dss_main.oe674 (.text:MmwDemo_dssFrameStartIntHandler)
                  007f9040    000000a0     libsoc_xwr16xx.ae674 : soc.oe674 (.text:SOC_SystemISR)
                  007f90e0    000000a0                          : soc_xwr16xx_dss.oe674 (.text:SOC_triggerDSStoMSSsoftwareInterrupt)
                  007f9180    000000a0     libuart_xwr16xx.ae674 : UART.oe674 (.text:UART_init)
                  007f9220    000000a0                           : uartsci.oe674 (.text:UartSci_close)
                  007f92c0    000000a0     rts6740_elf.lib : fopen.obj (.text:__TI_cleanup)
                  007f9360    000000a0                     : fixfu.obj (.text:__c6xabi_fixfu)
                  007f9400    000000a0                     : remu.obj (.text:__remu)
                  007f94a0    000000a0     boot.ae674 : boot.oe674 (.text:_c_int00)
                  007f9540    000000a0     rts6740_elf.lib : memcpy64.obj (.text:memcpy)
                  007f95e0    000000a0                     : modf.obj (.text:modf)
                  007f9680    000000a0     libmmwavelink_xwr16xx.ae674 : rl_controller.oe674 (.text:rlAppendSubBlock)
                  007f9720    000000a0                                 : rl_driver.oe674 (.text:rlDriverExecuteSetApi)
                  007f97c0    000000a0                                 : rl_driver.oe674 (.text:rlDriverOsiInit)
                  007f9860    000000a0                                 : rl_driver.oe674 (.text:rlDriverVerifyCRC)
                  007f9900    000000a0                                 : rl_controller.oe674 (.text:rlGetSubBlock)
                  007f99a0    000000a0     sysbios.ae674 : BIOS.obj (.text:ti_sysbios_family_c64p_Hwi_Module_startup__E)
                  007f9a40    000000a0                   : BIOS.obj (.text:ti_sysbios_family_c64p_Hwi_getStackInfo__E)
                  007f9ae0    000000a0                   : BIOS.obj (.text:ti_sysbios_heaps_HeapMem_alloc__E)
                  007f9b80    000000a0                   : BIOS.obj (.text:ti_sysbios_knl_Task_allBlockedFunction__I)
                  007f9c20    000000a0                   : BIOS.obj (.text:ti_sysbios_timers_rti_Timer_setPeriodMicroSecs__E)
                  007f9cc0    000000a0                   : BIOS.obj (.text:ti_sysbios_utils_Load_addTask__E)
                  007f9d60    000000a0                   : BIOS.obj (.text:ti_sysbios_utils_Load_taskDeleteHook__E)
                  007f9e00    000000a0     ti.targets.rts6000.ae674 : Core-params.oe674 (.text:xdc_runtime_Core_assignParams__I)
                  007f9ea0    000000a0                              : System.oe674 (.text:xdc_runtime_System_formatNum__I)
                  007f9f40    000000a0                              : System.oe674 (.text:xdc_runtime_System_putchar__I)
                  007f9fe0    000000a0                              : Text.oe674 (.text:xdc_runtime_Text_printVisFxn__I)
                  007fa080    000000a0                              : Text.oe674 (.text:xdc_runtime_Text_xprintf__I)
                  007fa120    00000080     libadcbuf_xwr16xx.ae674 : ADCBuf.oe674 (.text:ADCBuf_init)
                  007fa1a0    00000080     libedma_xwr16xx.ae674 : edma_low_level.oe674 (.text:EDMA3MapChToEvtQ)
                  007fa220    00000080                           : edma.oe674 (.text:EDMA_linkParamSets)
                  007fa2a0    00000080     libmmwave_xwr16xx.ae674 : mmwave_link.oe674 (.text:MMWave_mboxWrite)
                  007fa320    00000080     libmailbox_xwr16xx.ae674 : mailbox.oe674 (.text:Mailbox_writeReset)
                  007fa3a0    00000080     dss_data_path.oe674 (.text:MmwDemo_dataPathComputeDerivedConfig)
                  007fa420    00000080     dss_main.oe674 (.text:MmwDemo_dssDataPathOutputLogging)
                  007fa4a0    00000080     libosal_xwr16xx.ae674 : SemaphoreP_tirtos.oe674 (.text:SemaphoreP_create)
                  007fa520    00000080     rts6740_elf.lib : trgmsg.obj (.text:__TI_readmsg)
                  007fa5a0    00000080                     : trgmsg.obj (.text:__TI_writemsg)
                  007fa620    00000080                     : fixdu.obj (.text:__c6xabi_fixdu)
                  007fa6a0    00000080                     : llshift.obj (.text:__c6xabi_llshl)
                  007fa720    00000080     sysbios.ae674 : c62_TaskSupport_asm.obj (.text:_ti_sysbios_family_c62_TaskSupport_swap__E)
                  007fa7a0    00000080     libmmwavelink_xwr16xx.ae674 : rl_driver.oe674 (.text:rlDeviceIdentifyCmdDir)
                  007fa820    00000080     dss_mmw_pe674.oe674 (.text:ti_sysbios_BIOS_atExitFunc__I)
                  007fa8a0    00000080     dss_mmw_pe674.oe674 (.text:ti_sysbios_BIOS_registerRTSLock__I)
                  007fa920    00000080     sysbios.ae674 : BIOS.obj (.text:ti_sysbios_family_c64p_Cache_marInit__I)
                  007fa9a0    00000080                   : BIOS.obj (.text:ti_sysbios_family_c64p_Exception_Module_startup__E)
                  007faa20    00000080                   : BIOS.obj (.text:ti_sysbios_family_c64p_Hwi_eventMap__E)
                  007faaa0    00000080     dss_mmw_pe674.oe674 (.text:ti_sysbios_gates_GateHwi_Object__create__S)
                  007fab20    00000080     dss_mmw_pe674.oe674 (.text:ti_sysbios_gates_GateMutex_Object__create__S)
                  007faba0    00000080     sysbios.ae674 : BIOS.obj (.text:ti_sysbios_hal_Hwi_checkStack)
                  007fac20    00000080                   : BIOS.obj (.text:ti_sysbios_hal_Hwi_initStack)
                  007faca0    00000080     dss_mmw_pe674.oe674 (.text:ti_sysbios_heaps_HeapMem_Object__create__S)
                  007fad20    00000080     sysbios.ae674 : BIOS.obj (.text:ti_sysbios_heaps_HeapMem_free__E)
                  007fada0    00000080                   : BIOS.obj (.text:ti_sysbios_heaps_HeapMem_init__I)
                  007fae20    00000080     dss_mmw_pe674.oe674 (.text:ti_sysbios_knl_Clock_doTick__I)
                  007faea0    00000080     dss_mmw_pe674.oe674 (.text:ti_sysbios_knl_Event_create)
                  007faf20    00000080     sysbios.ae674 : BIOS.obj (.text:ti_sysbios_knl_Idle_run__E)
                  007fafa0    00000080     dss_mmw_pe674.oe674 (.text:ti_sysbios_knl_Semaphore_create)
                  007fb020    00000080     sysbios.ae674 : BIOS.obj (.text:ti_sysbios_knl_Task_processVitalTaskFlag__I)
                  007fb0a0    00000080                   : BIOS.obj (.text:ti_sysbios_timers_rti_Timer_setPeriod__E)
                  007fb120    00000080                   : BIOS.obj (.text:ti_sysbios_timers_rti_Timer_stop__E)
                  007fb1a0    00000080                   : BIOS.obj (.text:ti_sysbios_utils_Load_removeTask__E)
                  007fb220    00000080     rts6740_elf.lib : lowlev.obj (.text:unlink)
                  007fb2a0    00000080     ti.targets.rts6000.ae674 : Core-label.oe674 (.text:xdc_runtime_Core_assignLabel__I)
                  007fb320    00000080                              : SysStd.oe674 (.text:xdc_runtime_SysStd_abort__E)
                  007fb3a0    00000080                              : System.oe674 (.text:xdc_runtime_System_atexit__E)
                  007fb420    00000080                              : System.oe674 (.text:xdc_runtime_System_avprintf__E)
                  007fb4a0    00000080                              : System.oe674 (.text:xdc_runtime_System_processAtExit__E)
                  007fb520    00000080                              : System.oe674 (.text:xdc_runtime_System_vprintf__E)
                  007fb5a0    00000060     libadcbuf_xwr16xx.ae674 : adcbuf_mmwave.oe674 (.text:ADCBUF_MMWave_close)
                  007fb600    00000060                             : ADCBuf.oe674 (.text:ADCBuf_open)
                  007fb660    00000060     libcrc_xwr16xx.ae674 : crc.oe674 (.text:CRC_getCRCDataSelectBitValue)
                  007fb6c0    00000060                          : crc.oe674 (.text:CRC_getCRCTypeBitValue)
                  007fb720    00000060                          : crc.oe674 (.text:CRC_isTransactionIdValid)
                  007fb780    00000060                          : crc.oe674 (.text:CRC_resetSignature)
                  007fb7e0    00000060     libedma_xwr16xx.ae674 : edma_low_level.oe674 (.text:EDMA3ClrEvt)
                  007fb840    00000060                           : edma_low_level.oe674 (.text:EDMA3ClrIntr)
                  007fb8a0    00000060                           : edma_low_level.oe674 (.text:EDMA3ClrMissEvt)
                  007fb900    00000060                           : edma_low_level.oe674 (.text:EDMA3DisableEvtIntr)
                  007fb960    00000060                           : edma_low_level.oe674 (.text:EDMA3EnableDmaEvt)
                  007fb9c0    00000060                           : edma_low_level.oe674 (.text:EDMA3EnableEvtIntr)
                  007fba20    00000060                           : edma_low_level.oe674 (.text:EDMA3SetEvt)
                  007fba80    00000060                           : edma.oe674 (.text:EDMA_configTransferControllerError)
                  007fbae0    00000060                           : edma.oe674 (.text:EDMA_setDestinationAddress)
                  007fbb40    00000060                           : edma.oe674 (.text:EDMA_setSourceAddress)
                  007fbba0    00000060                           : edma.oe674 (.text:EDMA_validate_channelIdchannelType)
                  007fbc00    00000060     libmmwave_xwr16xx.ae674 : mmwave_listlib.oe674 (.text:MMWave_listCat)
                  007fbc60    00000060                             : mmwave_listlib.oe674 (.text:MMWave_listRemoveNode)
                  007fbcc0    00000060                             : mmwave_osal.oe674 (.text:MMWave_osalMutexCreate)
                  007fbd20    00000060                             : mmwave_osal.oe674 (.text:MMWave_osalSemCreate)
                  007fbd80    00000060     libmailbox_xwr16xx.ae674 : mailbox.oe674 (.text:Mailbox_Config_init)
                  007fbde0    00000060     dss_main.oe674 (.text:MmwDemo_dssMMWaveCtrlTask)
                  007fbe40    00000060     dss_main.oe674 (.text:MmwDemo_dssMmwaveOpenCallbackFxn)
                  007fbea0    00000060     dss_main.oe674 (.text:MmwDemo_measurementResultOutput)
                  007fbf00    00000060     dss_main.oe674 (.text:MmwDemo_triggerDss2MssISR)
                  007fbf60    00000060     dss_data_path.oe674 (.text:MmwDemo_waitEndOfChirps)
                  007fbfc0    00000060     libsoc_xwr16xx.ae674 : soc_xwr16xx.oe674 (.text:SOC_setMMWaveDSSLinkState)
                  007fc020    00000060                          : soc_xwr16xx.oe674 (.text:SOC_setMMWaveMSSLinkState)
                  007fc080    00000060                          : soc.oe674 (.text:SOC_unhaltBSS)
                  007fc0e0    00000060                          : soc_xwr16xx_dss.oe674 (.text:SOC_waitBSSPowerUp)
                  007fc140    00000060     libuart_xwr16xx.ae674 : UART.oe674 (.text:UART_open)
                  007fc1a0    00000060                           : uartsci_edma.oe674 (.text:UartSci_TxEDMACallbackFxn)
                  007fc200    00000060                           : uartsci_edma.oe674 (.text:UartSci_closeEDMA)
                  007fc260    00000060     rts6740_elf.lib : llshift.obj (.text:__c6xabi_llshru)
                  007fc2c0    00000060                     : imath64.obj (.text:_subcull)
                  007fc320    00000060     sysbios.ae674 : c64p_Hwi_asm_switch.obj (.text:_ti_sysbios_family_c64p_Hwi_switchAndDispatch__I)
                  007fc380    00000060     rts6740_elf.lib : lowlev.obj (.text:lseek)
                  007fc3e0    00000060     libmmwavelink_xwr16xx.ae674 : rl_device.oe674 (.text:rlDeviceGetMssVersion)
                  007fc440    00000060                                 : rl_driver.oe674 (.text:rlDriverConstructInMsg)
                  007fc4a0    00000060                                 : rl_sensor.oe674 (.text:rlEnableContMode)
                  007fc500    00000060                                 : rl_sensor.oe674 (.text:rlSensorStart)
                  007fc560    00000060     dss_mmw_pe674.oe674 (.text:ti_sysbios_BIOS_errorRaiseHook__I)
                  007fc5c0    00000060     dss_mmw_pe674.oe674 (.text:ti_sysbios_BIOS_removeRTSLock__I)
                  007fc620    00000060     dss_mmw_pe674.oe674 (.text:ti_sysbios_BIOS_startFunc__I)
                  007fc680    00000060     sysbios.ae674 : BIOS.obj (.text:ti_sysbios_family_c62_TaskSupport_start__E)
                  007fc6e0    00000060                   : BIOS.obj (.text:ti_sysbios_family_c64p_Cache_setMar__E)
                  007fc740    00000060                   : BIOS.obj (.text:ti_sysbios_family_c64p_Cache_setSize__E)
                  007fc7a0    00000060                   : BIOS.obj (.text:ti_sysbios_family_c64p_EventCombiner_Module_startup__E)
                  007fc800    00000060                   : BIOS.obj (.text:ti_sysbios_family_c64p_EventCombiner_unused__E)
                  007fc860    00000060     dss_mmw_pe674.oe674 (.text:ti_sysbios_gates_GateMutex_Object__delete__S)
                  007fc8c0    00000060     sysbios.ae674 : BIOS.obj (.text:ti_sysbios_knl_Clock_Module_startup__E)
                  007fc920    00000060                   : BIOS.obj (.text:ti_sysbios_knl_Event_pendTimeout__I)
                  007fc980    00000060     dss_mmw_pe674.oe674 (.text:ti_sysbios_knl_Queue_construct)
                  007fc9e0    00000060     dss_mmw_pe674.oe674 (.text:ti_sysbios_knl_Semaphore_Object__delete__S)
                  007fca40    00000060     dss_mmw_pe674.oe674 (.text:ti_sysbios_knl_Semaphore_construct)
                  007fcaa0    00000060     sysbios.ae674 : BIOS.obj (.text:ti_sysbios_knl_Semaphore_pendTimeout__I)
                  007fcb00    00000060                   : BIOS.obj (.text:ti_sysbios_knl_Task_enter__I)
                  007fcb60    00000060                   : BIOS.obj (.text:ti_sysbios_knl_Task_getMode__E)
                  007fcbc0    00000060                   : BIOS.obj (.text:ti_sysbios_knl_Task_restoreHwi__E)
                  007fcc20    00000060                   : BIOS.obj (.text:ti_sysbios_knl_Task_restore__E)
                  007fcc80    00000060     dss_mmw_pe674.oe674 (.text:ti_sysbios_rts_gnu_MemAlloc_alloc)
                  007fcce0    00000060     rts6740_elf.lib : lowlev.obj (.text:write)
                  007fcd40    00000060     ti.targets.rts6000.ae674 : Memory.oe674 (.text:xdc_runtime_Memory_valloc__E)
                  007fcda0    00000060                              : Text.oe674 (.text:xdc_runtime_Text_cordText__E)
                  007fce00    00000040     libcrc_xwr16xx.ae674 : crc.oe674 (.text:CRC_getSignatureRegister)
                  007fce40    00000040                          : crc.oe674 (.text:CRC_releaseTransactionId)
                  007fce80    00000040     libadcbuf_xwr16xx.ae674 : adcbuf_mmwave.oe674 (.text:CSL_FEXTR)
                  007fcec0    00000040     libmmwave_xwr16xx.ae674 : mmwave.oe674 (.text:CSL_FEXTR)
                  007fcf00    00000040     libsoc_xwr16xx.ae674 : soc.oe674 (.text:CSL_FEXTR)
                  007fcf40    00000040                          : soc_xwr16xx.oe674 (.text:CSL_FEXTR)
                  007fcf80    00000040     libuart_xwr16xx.ae674 : uartsci.oe674 (.text:CSL_FEXTR)
                  007fcfc0    00000040     libadcbuf_xwr16xx.ae674 : adcbuf_mmwave.oe674 (.text:CSL_FINSR)
                  007fd000    00000040     libcrc_xwr16xx.ae674 : crc.oe674 (.text:CSL_FINSR)
                  007fd040    00000040     libmailbox_xwr16xx.ae674 : mailbox.oe674 (.text:CSL_FINSR)
                  007fd080    00000040     libsoc_xwr16xx.ae674 : soc.oe674 (.text:CSL_FINSR)
                  007fd0c0    00000040                          : soc_xwr16xx.oe674 (.text:CSL_FINSR)
                  007fd100    00000040                          : soc_xwr16xx_dss.oe674 (.text:CSL_FINSR)
                  007fd140    00000040     libuart_xwr16xx.ae674 : uartsci.oe674 (.text:CSL_FINSR)
                  007fd180    00000040     libedma_xwr16xx.ae674 : edma_low_level.oe674 (.text:EDMA3DisableDmaEvt)
                  007fd1c0    00000040                           : edma_low_level.oe674 (.text:EDMA3MapQdmaChToPaRAM)
                  007fd200    00000040                           : edma_low_level.oe674 (.text:EDMA3SetPaRAM)
                  007fd240    00000040                           : edma_low_level.oe674 (.text:EDMA3SetQdmaTrigWord)
                  007fd280    00000040     libosal_xwr16xx.ae674 : HwiP_tirtos.oe674 (.text:HwiP_create)
                  007fd2c0    00000040                           : HwiP_tirtos.oe674 (.text:HwiP_delete)
                  007fd300    00000040     libmmwave_xwr16xx.ae674 : mmwave_xwr16xx.oe674 (.text:MMWave_deviceSyncFxn)
                  007fd340    00000040                             : mmwave.oe674 (.text:MMWave_encodeError)
                  007fd380    00000040                             : mmwave_fullcfg.oe674 (.text:MMWave_internalDelChirp)
                  007fd3c0    00000040                             : mmwave_listlib.oe674 (.text:MMWave_listAdd)
                  007fd400    00000040                             : mmwave_listlib.oe674 (.text:MMWave_listRemove)
                  007fd440    00000040                             : mmwave_osal.oe674 (.text:MMWave_osalMutexLock)
                  007fd480    00000040                             : mmwave_osal.oe674 (.text:MMWave_osalSemWait)
                  007fd4c0    00000040     libmailbox_xwr16xx.ae674 : mailbox.oe674 (.text:Mailbox_boxEmptyISRBss)
                  007fd500    00000040                              : mailbox.oe674 (.text:Mailbox_boxEmptyISRMssDss)
                  007fd540    00000040                              : mailbox.oe674 (.text:Mailbox_boxFullISRBss)
                  007fd580    00000040     dss_data_path.oe674 (.text:MmwDemo_dataPathInit1Dstate)
                  007fd5c0    00000040     dss_data_path.oe674 (.text:MmwDemo_dataPathObjInit)
                  007fd600    00000040     dss_main.oe674 (.text:MmwDemo_dssMmwaveConfigCallbackFxn)
                  007fd640    00000040     dss_main.oe674 (.text:MmwDemo_dssMmwaveStartCallbackFxn)
                  007fd680    00000040     dss_data_path.oe674 (.text:MmwDemo_edmaErrorCallbackFxn)
                  007fd6c0    00000040     dss_data_path.oe674 (.text:MmwDemo_edmaTransferControllerErrorCallbackFxn)
                  007fd700    00000040     dss_main.oe674 (.text:MmwDemo_mboxWrite)
                  007fd740    00000040     dss_data_path.oe674 (.text:MmwDemo_pow2roundup)
                  007fd780    00000040     dss_data_path.oe674 (.text:MmwDemo_resetDopplerLines)
                  007fd7c0    00000040     libsoc_xwr16xx.ae674 : soc_xwr16xx_dss.oe674 (.text:SOC_getInAddr_LUTType)
                  007fd800    00000040                          : soc_xwr16xx_dss.oe674 (.text:SOC_getOutAddr_LUTType)
                  007fd840    00000040                          : soc_xwr16xx.oe674 (.text:SOC_isMMWaveDSSOperational)
                  007fd880    00000040                          : soc_xwr16xx.oe674 (.text:SOC_isMMWaveMSSOperational)
                  007fd8c0    00000040     rts6740_elf.lib : frcmpyd_div.obj (.text:__TI_frcmpyd_div)
                  007fd900    00000040                     : strasg.obj (.text:__strasgi_64plus)
                  007fd940    00000040                     : args_main.obj (.text:_args_main)
                  007fd980    00000040     sysbios.ae674 : c62_TaskSupport_asm.obj (.text:_ti_sysbios_family_c62_TaskSupport_buildTaskStack)
                  007fd9c0    00000040     dss_mmw_pe674.oe674 (.text:free)
                  007fda00    00000040     rts6740_elf.lib : log10.obj (.text:log10)
                  007fda40    00000040     libmmwavelink_xwr16xx.ae674 : rl_controller.oe674 (.text:rlAppendDummy)
                  007fda80    00000040                                 : rl_device.oe674 (.text:rlDeviceGetRfVersion)
                  007fdac0    00000040                                 : rl_driver.oe674 (.text:rlDriverCalCRC)
                  007fdb00    00000040     dss_mmw_pe674.oe674 (.text:ti_sysbios_BIOS_exitFunc__I)
                  007fdb40    00000040     dss_mmw_pe674.oe674 (.text:ti_sysbios_BIOS_rtsLock__I)
                  007fdb80    00000040     dss_mmw_pe674.oe674 (.text:ti_sysbios_BIOS_rtsUnlock__I)
                  007fdbc0    00000040     sysbios.ae674 : BIOS.obj (.text:ti_sysbios_family_c64p_EventCombiner_disableEvent__E)
                  007fdc00    00000040                   : BIOS.obj (.text:ti_sysbios_family_c64p_EventCombiner_enableEvent__E)
                  007fdc40    00000040                   : BIOS.obj (.text:ti_sysbios_family_c64p_Exception_externalHandler__I)
                  007fdc80    00000040                   : BIOS.obj (.text:ti_sysbios_family_c64p_Exception_nmiHandler__I)
                  007fdcc0    00000040                   : BIOS.obj (.text:ti_sysbios_family_c64p_Hwi_disableIER__E)
                  007fdd00    00000040                   : BIOS.obj (.text:ti_sysbios_family_c64p_Hwi_dispatchC__I)
                  007fdd40    00000040                   : BIOS.obj (.text:ti_sysbios_family_c64p_Hwi_enableIER__E)
                  007fdd80    00000040                   : BIOS.obj (.text:ti_sysbios_family_c64p_Hwi_getEventId__E)
                  007fddc0    00000040     dss_mmw_pe674.oe674 (.text:ti_sysbios_gates_GateHwi_Handle__label__S)
                  007fde00    00000040     dss_mmw_pe674.oe674 (.text:ti_sysbios_gates_GateHwi_Object__delete__S)
                  007fde40    00000040     dss_mmw_pe674.oe674 (.text:ti_sysbios_gates_GateMutex_Handle__label__S)
                  007fde80    00000040     sysbios.ae674 : BIOS.obj (.text:ti_sysbios_gates_GateMutex_Instance_finalize__E)
                  007fdec0    00000040                   : BIOS.obj (.text:ti_sysbios_gates_GateMutex_Instance_init__E)
                  007fdf00    00000040                   : BIOS.obj (.text:ti_sysbios_gates_GateMutex_leave__E)
                  007fdf40    00000040     dss_mmw_pe674.oe674 (.text:ti_sysbios_heaps_HeapMem_Handle__label__S)
                  007fdf80    00000040     dss_mmw_pe674.oe674 (.text:ti_sysbios_heaps_HeapMem_Object__delete__S)
                  007fdfc0    00000040     dss_mmw_pe674.oe674 (.text:ti_sysbios_heaps_HeapMem_Object__get__S)
                  007fe000    00000040     sysbios.ae674 : BIOS.obj (.text:ti_sysbios_knl_Clock_addI__E)
                  007fe040    00000040                   : BIOS.obj (.text:ti_sysbios_knl_Event_Instance_init__E)
                  007fe080    00000040                   : BIOS.obj (.text:ti_sysbios_knl_Event_checkEvents__I)
                  007fe0c0    00000040                   : BIOS.obj (.text:ti_sysbios_knl_Semaphore_Instance_finalize__E)
                  007fe100    00000040     dss_mmw_pe674.oe674 (.text:ti_sysbios_knl_Semaphore_destruct)
                  007fe140    00000040     dss_mmw_pe674.oe674 (.text:ti_sysbios_knl_Task_Object__get__S)
                  007fe180    00000040     sysbios.ae674 : BIOS.obj (.text:ti_sysbios_knl_Task_sleepTimeout__I)
                  007fe1c0    00000040                   : BIOS.obj (.text:ti_sysbios_knl_Task_unblock__E)
                  007fe200    00000040                   : BIOS.obj (.text:ti_sysbios_timers_rti_Timer_ackInterrupt__E)
                  007fe240    00000040                   : BIOS.obj (.text:ti_sysbios_timers_rti_Timer_checkOverflow__I)
                  007fe280    00000040                   : BIOS.obj (.text:ti_sysbios_utils_Load_getTaskLoad__E)
                  007fe2c0    00000040     ti.targets.rts6000.ae674 : Error.oe674 (.text:xdc_runtime_Error_check__E)
                  007fe300    00000040                              : Error.oe674 (.text:xdc_runtime_Error_init__E)
                  007fe340    00000040                              : Registry.oe674 (.text:xdc_runtime_Registry_findById__E)
                  007fe380    00000040                              : System.oe674 (.text:xdc_runtime_System_abort__E)
                  007fe3c0    00000040     dss_mmw_pe674.oe674 (.text:xdc_runtime_System_aprintf__E)
                  007fe400    00000040     ti.targets.rts6000.ae674 : System.oe674 (.text:xdc_runtime_System_exit__E)
                  007fe440    00000040     dss_mmw_pe674.oe674 (.text:xdc_runtime_System_printf__E)
                  007fe480    00000020     libadcbuf_xwr16xx.ae674 : adcbuf_mmwave.oe674 (.text:ADCBUF_MMWave_init)
                  007fe4a0    00000020                             : ADCBuf.oe674 (.text:ADCBuf_Params_init)
                  007fe4c0    00000020                             : ADCBuf.oe674 (.text:ADCBuf_control)
                  007fe4e0    00000020     libcrc_xwr16xx.ae674 : crc.oe674 (.text:CRC_initConfigParams)
                  007fe500    00000020     libsoc_xwr16xx.ae674 : soc_xwr16xx_dss.oe674 (.text:CSL_FEXTR)
                  007fe520    00000020     libedma_xwr16xx.ae674 : edma_low_level.oe674 (.text:EDMA3ChannelToParamMap)
                  007fe540    00000020                           : edma_low_level.oe674 (.text:EDMA3ClrCCErr)
                  007fe560    00000020                           : edma_low_level.oe674 (.text:EDMA3DisableQdmaEvt)
                  007fe580    00000020                           : edma_low_level.oe674 (.text:EDMA3EnableQdmaEvt)
                  007fe5a0    00000020                           : edma_low_level.oe674 (.text:EDMA3ErrIntrHighStatusGet)
                  007fe5c0    00000020                           : edma_low_level.oe674 (.text:EDMA3GetCCErrStatus)
                  007fe5e0    00000020                           : edma_low_level.oe674 (.text:EDMA3GetErrIntrStatus)
                  007fe600    00000020                           : edma_low_level.oe674 (.text:EDMA3GetIntrStatus)
                  007fe620    00000020                           : edma_low_level.oe674 (.text:EDMA3IntrStatusHighGet)
                  007fe640    00000020                           : edma_low_level.oe674 (.text:EDMA3QdmaClrMissEvt)
                  007fe660    00000020                           : edma_low_level.oe674 (.text:EDMA3QdmaGetErrIntrStatus)
                  007fe680    00000020                           : edma.oe674 (.text:EDMA_getNumInstances)
                  007fe6a0    00000020                           : edma_low_level.oe674 (.text:EDMAsetRegion)
                  007fe6c0    00000020     libosal_xwr16xx.ae674 : HwiP_tirtos.oe674 (.text:HwiP_Params_init)
                  007fe6e0    00000020                           : HwiP_tirtos.oe674 (.text:HwiP_disable)
                  007fe700    00000020                           : HwiP_tirtos.oe674 (.text:HwiP_disableInterrupt)
                  007fe720    00000020                           : HwiP_tirtos.oe674 (.text:HwiP_enableInterrupt)
                  007fe740    00000020                           : HwiP_tirtos.oe674 (.text:HwiP_restore)
                  007fe760    00000020     libmmwave_xwr16xx.ae674 : mmwave.oe674 (.text:MMWave_decodeErrorLevel)
                  007fe780    00000020                             : mmwave_xwr16xx.oe674 (.text:MMWave_deviceGetDeviceInfo)
                  007fe7a0    00000020                             : mmwave_xwr16xx.oe674 (.text:MMWave_deviceMailboxCallbackFxn)
                  007fe7c0    00000020                             : mmwave_link.oe674 (.text:MMWave_disableDevice)
                  007fe7e0    00000020                             : mmwave_link.oe674 (.text:MMWave_enableDevice)
                  007fe800    00000020                             : mmwave_listlib.oe674 (.text:MMWave_listGetHead)
                  007fe820    00000020                             : mmwave_listlib.oe674 (.text:MMWave_listGetNext)
                  007fe840    00000020                             : mmwave_link.oe674 (.text:MMWave_maskHostIRQ)
                  007fe860    00000020                             : mmwave_link.oe674 (.text:MMWave_mboxCallbackFxn)
                  007fe880    00000020                             : mmwave_link.oe674 (.text:MMWave_mboxClose)
                  007fe8a0    00000020                             : mmwave_link.oe674 (.text:MMWave_mboxRead)
                  007fe8c0    00000020                             : mmwave_osal.oe674 (.text:MMWave_osalMutexDelete)
                  007fe8e0    00000020                             : mmwave_osal.oe674 (.text:MMWave_osalMutexUnlock)
                  007fe900    00000020                             : mmwave_osal.oe674 (.text:MMWave_osalSemDelete)
                  007fe920    00000020                             : mmwave_osal.oe674 (.text:MMWave_osalSemSignal)
                  007fe940    00000020                             : mmwave_link.oe674 (.text:MMWave_registerInterruptHandler)
                  007fe960    00000020                             : mmwave_link.oe674 (.text:MMWave_unmaskHostIRQ)
                  007fe980    00000020                             : mmwave_link.oe674 (.text:MMWave_waitIRQStatus)
                  007fe9a0    00000020     libosal_xwr16xx.ae674 : MemoryP_tirtos.oe674 (.text:MemoryP_ctrlAlloc)
                  007fe9c0    00000020                           : MemoryP_tirtos.oe674 (.text:MemoryP_ctrlFree)
                  007fe9e0    00000020     dss_main.oe674 (.text:MmwDemo_dssMmwaveCloseCallbackFxn)
                  007fea00    00000020     dss_main.oe674 (.text:MmwDemo_dssMmwaveStopCallbackFxn)
                  007fea20    00000020     dss_main.oe674 (.text:MmwDemo_mboxCallback)
                  007fea40    00000020     dss_main.oe674 (.text:MmwDemo_sleep)
                  007fea60    00000020     libosal_xwr16xx.ae674 : SemaphoreP_tirtos.oe674 (.text:SemaphoreP_Params_init)
                  007fea80    00000020                           : SemaphoreP_tirtos.oe674 (.text:SemaphoreP_delete)
                  007feaa0    00000020                           : SemaphoreP_tirtos.oe674 (.text:SemaphoreP_pend)
                  007feac0    00000020                           : SemaphoreP_tirtos.oe674 (.text:SemaphoreP_post)
                  007feae0    00000020     libuart_xwr16xx.ae674 : UART.oe674 (.text:UART_Params_init)
                  007feb00    00000020                           : uartsci.oe674 (.text:UartSci_disableTxDMA)
                  007feb20    00000020                           : uartsci.oe674 (.text:UartSci_enableTxDMA)
                  007feb40    00000020                           : uartsci.oe674 (.text:UartSci_init)
                  007feb60    00000020                           : uartsci_edma.oe674 (.text:UartSci_initiateRxEDMA)
                  007feb80    00000020                           : uartsci_edma.oe674 (.text:UartSci_isEDMAEnabled)
                  007feba0    00000020     libosal_xwr16xx.ae674 : DebugP_tirtos.oe674 (.text:_DebugP_assert)
                  007febc0    00000020     rts6740_elf.lib : errno.obj (.text:__c6xabi_errno_addr)
                  007febe0    00000020                     : push.obj (.text:__pop_rts)
                  007fec00    00000020                     : push.obj (.text:__push_rts)
                  007fec20    00000020     ti.targets.rts6000.ae674 : xdc_noinit.oe674 (.text:__xdc__init)
                  007fec40    00000020     rts6740_elf.lib : _lock.obj (.text:_nop)
                  007fec60    00000020                     : _lock.obj (.text:_register_lock)
                  007fec80    00000020                     : _lock.obj (.text:_register_unlock)
                  007feca0    00000020     sysbios.ae674 : c62_TaskSupport_asm.obj (.text:_ti_sysbios_family_c62_TaskSupport_glue)
                  007fecc0    00000020     rts6740_elf.lib : exit.obj (.text:abort)
                  007fece0    00000020                     : fputc.obj (.text:putchar)
                  007fed00    00000020     libmmwavelink_xwr16xx.ae674 : rl_driver.oe674 (.text:rlDriverGetHandle)
                  007fed20    00000020                                 : rl_driver.oe674 (.text:rlDriverGetPlatformId)
                  007fed40    00000020                                 : rl_driver.oe674 (.text:rlDriverIsDeviceMapValid)
                  007fed60    00000020                                 : rl_controller.oe674 (.text:rlGetSubBlockId)
                  007fed80    00000020                                 : rl_controller.oe674 (.text:rlGetSubBlockLen)
                  007feda0    00000020     dss_mmw_pe674.oe674 (.text:ti_sysbios_BIOS_RtsGateProxy_enter__E)
                  007fedc0    00000020     dss_mmw_pe674.oe674 (.text:ti_sysbios_BIOS_RtsGateProxy_leave__E)
                  007fede0    00000020     sysbios.ae674 : BIOS.obj (.text:ti_sysbios_BIOS_getCpuFreq__E)
                  007fee00    00000020                   : BIOS.obj (.text:ti_sysbios_BIOS_linkedWithIncorrectBootLibrary__E)
                  007fee20    00000020     dss_mmw_pe674.oe674 (.text:ti_sysbios_BIOS_nullFunc__I)
                  007fee40    00000020     sysbios.ae674 : BIOS.obj (.text:ti_sysbios_BIOS_setThreadType__E)
                  007fee60    00000020                   : BIOS.obj (.text:ti_sysbios_BIOS_start__E)
                  007fee80    00000020     dss_mmw_pe674.oe674 (.text:ti_sysbios_family_c62_TaskSupport_Module__startupDone__S)
                  007feea0    00000020     sysbios.ae674 : BIOS.obj (.text:ti_sysbios_family_c62_TaskSupport_checkStack__E)
                  007feec0    00000020                   : BIOS.obj (.text:ti_sysbios_family_c62_TaskSupport_getStackAlignment__E)
                  007feee0    00000020     dss_mmw_pe674.oe674 (.text:ti_sysbios_family_c64p_Hwi_Module__startupDone__F)
                  007fef00    00000020     sysbios.ae674 : BIOS.obj (.text:ti_sysbios_family_c64p_Hwi_clearInterrupt__E)
                  007fef20    00000020                   : BIOS.obj (.text:ti_sysbios_family_c64p_Hwi_disableInterrupt__E)
                  007fef40    00000020                   : BIOS.obj (.text:ti_sysbios_family_c64p_Hwi_enableInterrupt__E)
                  007fef60    00000020                   : BIOS.obj (.text:ti_sysbios_family_c64p_Hwi_getIsrStackAddress__I)
                  007fef80    00000020                   : BIOS.obj (.text:ti_sysbios_family_c64p_Hwi_startup__E)
                  007fefa0    00000020                   : BIOS.obj (.text:ti_sysbios_family_c64p_Hwi_switchFromBootStack__E)
                  007fefc0    00000020                   : BIOS.obj (.text:ti_sysbios_family_c64p_TimestampProvider_Module_startup__E)
                  007fefe0    00000020                   : BIOS.obj (.text:ti_sysbios_family_c64p_TimestampProvider_get32__E)
                  007ff000    00000020                   : BIOS.obj (.text:ti_sysbios_gates_GateHwi_Instance_init__E)
                  007ff020    00000020                   : BIOS.obj (.text:ti_sysbios_gates_GateHwi_enter__E)
                  007ff040    00000020                   : BIOS.obj (.text:ti_sysbios_gates_GateHwi_leave__E)
                  007ff060    00000020                   : BIOS.obj (.text:ti_sysbios_gates_GateHwi_query__E)
                  007ff080    00000020                   : BIOS.obj (.text:ti_sysbios_gates_GateMutex_query__E)
                  007ff0a0    00000020                   : BIOS.obj (.text:ti_sysbios_hal_Hwi_Module_startup__E)
                  007ff0c0    00000020     dss_mmw_pe674.oe674 (.text:ti_sysbios_heaps_HeapMem_Module_GateProxy_enter__E)
                  007ff0e0    00000020     dss_mmw_pe674.oe674 (.text:ti_sysbios_heaps_HeapMem_Module_GateProxy_leave__E)
                  007ff100    00000020     sysbios.ae674 : BIOS.obj (.text:ti_sysbios_heaps_HeapMem_isBlocking__E)
                  007ff120    00000020                   : BIOS.obj (.text:ti_sysbios_heaps_HeapMem_restore__E)
                  007ff140    00000020     dss_mmw_pe674.oe674 (.text:ti_sysbios_knl_Clock_TimerProxy_getMaxTicks__E)
                  007ff160    00000020     sysbios.ae674 : BIOS.obj (.text:ti_sysbios_knl_Clock_removeI__E)
                  007ff180    00000020                   : BIOS.obj (.text:ti_sysbios_knl_Clock_startI__E)
                  007ff1a0    00000020                   : BIOS.obj (.text:ti_sysbios_knl_Idle_loop__E)
                  007ff1c0    00000020                   : BIOS.obj (.text:ti_sysbios_knl_Queue_Instance_init__E)
                  007ff1e0    00000020     dss_mmw_pe674.oe674 (.text:ti_sysbios_knl_Queue_Object__get__S)
                  007ff200    00000020     sysbios.ae674 : BIOS.obj (.text:ti_sysbios_knl_Queue_dequeue__E)
                  007ff220    00000020     dss_mmw_pe674.oe674 (.text:ti_sysbios_knl_Queue_destruct)
                  007ff240    00000020     sysbios.ae674 : BIOS.obj (.text:ti_sysbios_knl_Queue_empty__E)
                  007ff260    00000020                   : BIOS.obj (.text:ti_sysbios_knl_Queue_enqueue__E)
                  007ff280    00000020                   : BIOS.obj (.text:ti_sysbios_knl_Queue_put__E)
                  007ff2a0    00000020     dss_mmw_pe674.oe674 (.text:ti_sysbios_knl_Semaphore_Params__init__S)
                  007ff2c0    00000020     dss_mmw_pe674.oe674 (.text:ti_sysbios_knl_Semaphore_delete)
                  007ff2e0    00000020     dss_mmw_pe674.oe674 (.text:ti_sysbios_knl_Task_Params__init__S)
                  007ff300    00000020     sysbios.ae674 : BIOS.obj (.text:ti_sysbios_knl_Task_disable__E)
                  007ff320    00000020                   : BIOS.obj (.text:ti_sysbios_knl_Task_enabled__E)
                  007ff340    00000020                   : BIOS.obj (.text:ti_sysbios_knl_Task_startup__E)
                  007ff360    00000020     dss_mmw_pe674.oe674 (.text:ti_sysbios_timers_rti_Timer_Module__startupDone__F)
                  007ff380    00000020     sysbios.ae674 : BIOS.obj (.text:ti_sysbios_timers_rti_Timer_getMaxTicks__E)
                  007ff3a0    00000020                   : BIOS.obj (.text:ti_sysbios_timers_rti_Timer_periodicStub__E)
                  007ff3c0    00000020                   : BIOS.obj (.text:ti_sysbios_utils_Load_getCPULoad__E)
                  007ff3e0    00000020                   : BIOS.obj (.text:ti_sysbios_utils_Load_taskRegHook__E)
                  007ff400    00000020     ti.targets.rts6000.ae674 : Error.oe674 (.text:xdc_runtime_Error_getSite__E)
                  007ff420    00000020                              : Error.oe674 (.text:xdc_runtime_Error_raiseX__E)
                  007ff440    00000020                              : Gate.oe674 (.text:xdc_runtime_Gate_enterSystem__E)
                  007ff460    00000020                              : Gate.oe674 (.text:xdc_runtime_Gate_leaveSystem__E)
                  007ff480    00000020     dss_mmw_pe674.oe674 (.text:xdc_runtime_IHeap_alloc)
                  007ff4a0    00000020     dss_mmw_pe674.oe674 (.text:xdc_runtime_IHeap_free)
                  007ff4c0    00000020     ti.targets.rts6000.ae674 : Memory.oe674 (.text:xdc_runtime_Memory_calloc__E)
                  007ff4e0    00000020                              : Memory.oe674 (.text:xdc_runtime_Memory_free__E)
                  007ff500    00000020                              : Memory.oe674 (.text:xdc_runtime_Memory_getMaxDefaultTypeAlign__E)
                  007ff520    00000020     dss_mmw_pe674.oe674 (.text:xdc_runtime_Startup_exec__I)
                  007ff540    00000020     dss_mmw_pe674.oe674 (.text:xdc_runtime_Startup_reset__I)
                  007ff560    00000020     ti.targets.rts6000.ae674 : Startup.oe674 (.text:xdc_runtime_Startup_rtsDone__E)
                  007ff580    00000020                              : SysStd.oe674 (.text:xdc_runtime_SysStd_exit__E)
                  007ff5a0    00000020                              : SysStd.oe674 (.text:xdc_runtime_SysStd_putch__E)
                  007ff5c0    00000020                              : SysStd.oe674 (.text:xdc_runtime_SysStd_ready__E)
                  007ff5e0    00000020     dss_mmw_pe674.oe674 (.text:xdc_runtime_System_Module_GateProxy_enter__E)
                  007ff600    00000020     dss_mmw_pe674.oe674 (.text:xdc_runtime_System_Module_GateProxy_leave__E)
                  007ff620    00000020     ti.targets.rts6000.ae674 : System.oe674 (.text:xdc_runtime_System_Module_startup__E)
                  007ff640    00000020                              : System.oe674 (.text:xdc_runtime_System_vsnprintf__E)
                  007ff660    00000020                              : Text.oe674 (.text:xdc_runtime_Text_ropeText__E)
                  007ff680    00000020     dss_mmw_pe674.oe674 (.text:xdc_runtime_Text_visitRope__I)
                  007ff6a0    00000010     dss_data_path.oe674 ($Tramp$S$$MmwDemo_interFrameProcessing)
                  007ff6b0    00000010     dss_data_path.oe674 ($Tramp$S$$MmwDemo_interChirpProcessing)
                  007ff6c0    00000010     dss_data_path.oe674 ($Tramp$S$$MmwDemo_dataPathInitEdma)
                  007ff6d0    00000010     mathlib.ae674 : sinsp.oe674 ($Tramp$S$$sinsp)
                  007ff6e0    00000010                   : cossp.oe674 ($Tramp$S$$cossp)
                  007ff6f0    00000010                   : sqrtsp.oe674 ($Tramp$S$$sqrtsp)
                  007ff700    00000010                   : divsp.oe674 ($Tramp$S$$divsp)
                  007ff710    00000010     --HOLE-- [fill = 00000000]

.l2data    0    00800000    0000c000     UNINITIALIZED
                  00800000    0000c000     dss_data_path.oe674 (.l2data)

.far       0    0080c000    0000800c     UNINITIALIZED
                  0080c000    00007528     (.common:gMmwDssMCB)
                  00813528    00000538     (.common:EDMA_object)
                  00813a60    00000320     dss_mmw_pe674.oe674 (.far:taskStackSection)
                  00813d80    00000140     (.common:__TI_tmpnams)
                  00813ec0    000000f0     (.common:gMMWave_MCB)
                  00813fb0    00000028     (.common:detObjElevationAngle)
                  00813fd8    00000010     (.common:edmaDbg)
                  00813fe8    00000010     (.common:gCycleLog)
                  00813ff8    00000008     (.common:gMMWave_XWR16xxMCB)
                  00814000    00000008     (.common:parmbuf)
                  00814008    00000004     (.common:ti_sysbios_knl_Task_Instance_State_0_hookEnv__A)

systemHeap 
*          0    00814010    00004000     UNINITIALIZED
                  00814010    00004000     dss_mmw_pe674.oe674 (systemHeap)

.const     0    00818010    00002511     
                  00818010    00000a80     dss_main.oe674 (.const:.string)
                  00818a90    00000800     dss_data_path.oe674 (.const:twiddleTableCommon)
                  00819290    00000518     sysbios.ae674 : BIOS.obj (.const:.string)
                  008197a8    00000164     dss_config_edma_util.oe674 (.const:.string)
                  0081990c    0000010c     dss_data_path.oe674 (.const:.string)
                  00819a18    00000078     libmmwavelink_xwr16xx.ae674 : rl_driver.oe674 (.const:.string)
                  00819a90    00000078                                 : rl_driver.oe674 (.const)
                  00819b08    00000068     libedma_xwr16xx.ae674 : edma_xwr1xxx.oe674 (.const:gEdmaHwAttrs)
                  00819b70    00000064     dss_mmw_pe674.oe674 (.const:.string)
                  00819bd4    00000058     libedma_xwr16xx.ae674 : edma.oe674 (.const:.string)
                  00819c2c    00000058     ti.targets.rts6000.ae674 : Error.oe674 (.const:.string)
                  00819c84    0000004c     libmailbox_xwr16xx.ae674 : mailbox.oe674 (.const:.string)
                  00819cd0    00000040     libmmwavealg_xwr16xx.ae674 : mmwavelib_log2abs.oe674 (.const:.string:c_Log2LookUp)
                  00819d10    00000040     ti.targets.rts6000.ae674 : Text.oe674 (.const:.string)
                  00819d50    0000003c     libsoc_xwr16xx.ae674 : soc_xwr16xx_dss.oe674 (.const:.string)
                  00819d8c    0000003c     dss_mmw_pe674.oe674 (.const:ti_sysbios_knl_Task_Object__PARAMS__C)
                  00819dc8    00000038     libuart_xwr16xx.ae674 : UART.oe674 (.const)
                  00819e00    00000034     libmmwave_xwr16xx.ae674 : mmwave_xwr16xx.oe674 (.const:.string)
                  00819e34    0000002c     ti.targets.rts6000.ae674 : Startup.oe674 (.const:.string)
                  00819e60    00000028     libmmwave_xwr16xx.ae674 : mmwave.oe674 (.const:.string)
                  00819e88    00000028     dss_mmw_pe674.oe674 (.const:ti_sysbios_heaps_HeapMem_Module__FXNS__C)
                  00819eb0    00000028     dss_mmw_pe674.oe674 (.const:xdc_runtime_Startup_sfxnTab__A)
                  00819ed8    00000024     libmailbox_xwr16xx.ae674 : mailbox.oe674 (.const)
                  00819efc    00000024     dss_mmw_pe674.oe674 (.const:ti_sysbios_gates_GateHwi_Module__FXNS__C)
                  00819f20    00000024     dss_mmw_pe674.oe674 (.const:ti_sysbios_gates_GateMutex_Module__FXNS__C)
                  00819f44    00000024     dss_mmw_pe674.oe674 (.const:ti_sysbios_heaps_HeapMem_Object__PARAMS__C)
                  00819f68    00000024     dss_mmw_pe674.oe674 (.const:ti_sysbios_knl_Semaphore_Object__PARAMS__C)
                  00819f8c    00000020     libosal_xwr16xx.ae674 : SemaphoreP_tirtos.oe674 (.const:.string)
                  00819fac    00000020     dss_mmw_pe674.oe674 (.const:ti_sysbios_gates_GateHwi_Object__DESC__C)
                  00819fcc    00000020     dss_mmw_pe674.oe674 (.const:ti_sysbios_gates_GateMutex_Object__DESC__C)
                  00819fec    00000020     dss_mmw_pe674.oe674 (.const:ti_sysbios_heaps_HeapMem_Object__DESC__C)
                  0081a00c    00000020     dss_mmw_pe674.oe674 (.const:ti_sysbios_knl_Event_Object__DESC__C)
                  0081a02c    00000020     dss_mmw_pe674.oe674 (.const:ti_sysbios_knl_Queue_Object__DESC__C)
                  0081a04c    00000020     dss_mmw_pe674.oe674 (.const:ti_sysbios_knl_Semaphore_Object__DESC__C)
                  0081a06c    00000020     dss_mmw_pe674.oe674 (.const:ti_sysbios_knl_Task_Object__DESC__C)
                  0081a08c    0000001c     libosal_xwr16xx.ae674 : HwiP_tirtos.oe674 (.const:.string)
                  0081a0a8    00000018     libmmwave_xwr16xx.ae674 : mmwave_fullcfg.oe674 (.const:.string)
                  0081a0c0    00000018     ti.targets.rts6000.ae674 : System.oe674 (.const:.string)
                  0081a0d8    00000018     dss_mmw_pe674.oe674 (.const:ti_sysbios_gates_GateHwi_Object__PARAMS__C)
                  0081a0f0    00000018     dss_mmw_pe674.oe674 (.const:ti_sysbios_gates_GateMutex_Object__PARAMS__C)
                  0081a108    00000018     dss_mmw_pe674.oe674 (.const:ti_sysbios_knl_Event_Object__PARAMS__C)
                  0081a120    00000018     dss_mmw_pe674.oe674 (.const:ti_sysbios_knl_Queue_Object__PARAMS__C)
                  0081a138    00000018     dss_mmw_pe674.oe674 (.const:ti_sysbios_knl_Task_hooks__A)
                  0081a150    00000014     libadcbuf_xwr16xx.ae674 : adcbuf_mmwave.oe674 (.const:.string)
                  0081a164    00000014     libmmwave_xwr16xx.ae674 : mmwave_link.oe674 (.const:.string)
                  0081a178    00000014     libuart_xwr16xx.ae674 : uartsci.oe674 (.const:.string)
                  0081a18c    00000014                           : uartsci_edma.oe674 (.const:.string)
                  0081a1a0    00000014     libadcbuf_xwr16xx.ae674 : adcbuf_mmwave.oe674 (.const)
                  0081a1b4    00000004     ti.targets.rts6000.ae674 : Assert.oe674 (.const:.string)
                  0081a1b8    00000014     dss_mmw_pe674.oe674 (.const:xdc_runtime_Startup_sfxnRts__A)
                  0081a1cc    00000004     dss_mmw_pe674.oe674 (.const:ti_sysbios_family_c62_TaskSupport_stackAlignment__C)
                  0081a1d0    00000010     libedma_xwr16xx.ae674 : edma.oe674 (.const:EDMA_config$1)
                  0081a1e0    00000010     dss_mmw_pe674.oe674 (.const:ti_sysbios_family_c64p_EventCombiner_EVTMASK__C)
                  0081a1f0    0000000c     dss_data_path.oe674 (.const:$P$T0$1)
                  0081a1fc    00000004     dss_mmw_pe674.oe674 (.const:ti_sysbios_family_c64p_Cache_E_invalidL1CacheSize__C)
                  0081a200    0000000c     libmmwavelink_xwr16xx.ae674 : rl_driver.oe674 (.const:.string:$P$T2$3)
                  0081a20c    0000000c     libcrc_xwr16xx.ae674 : crc.oe674 (.const:.string)
                  0081a218    0000000c     libadcbuf_xwr16xx.ae674 : adcbuf_xwr1xxx.oe674 (.const:gADCBufHwCfg)
                  0081a224    0000000c                             : ADCBuf.oe674 (.const)
                  0081a230    0000000c     dss_mmw_pe674.oe674 (.const:ti_sysbios_knl_Idle_funcList__A)
                  0081a23c    00000008     dss_mmw_pe674.oe674 (.const:ti_sysbios_knl_Idle_funcList__C)
                  0081a244    00000008     dss_mmw_pe674.oe674 (.const:ti_sysbios_knl_Task_hooks__C)
                  0081a24c    00000004     dss_mmw_pe674.oe674 (.const:ti_sysbios_family_c64p_Cache_E_invalidL2CacheSize__C)
                  0081a250    00000008     dss_mmw_pe674.oe674 (.const:xdc_runtime_Startup_firstFxns__A)
                  0081a258    00000008     dss_mmw_pe674.oe674 (.const:xdc_runtime_Startup_firstFxns__C)
                  0081a260    00000008     dss_mmw_pe674.oe674 (.const:xdc_runtime_Startup_lastFxns__C)
                  0081a268    00000004     dss_mmw_pe674.oe674 (.const:ti_sysbios_family_c64p_Cache_MAR0_31__C)
                  0081a26c    00000004     dss_mmw_pe674.oe674 (.const:ti_sysbios_family_c64p_Cache_MAR128_159__C)
                  0081a270    00000004     dss_mmw_pe674.oe674 (.const:ti_sysbios_family_c64p_Cache_MAR160_191__C)
                  0081a274    00000004     dss_mmw_pe674.oe674 (.const:ti_sysbios_family_c64p_Cache_MAR192_223__C)
                  0081a278    00000004     dss_mmw_pe674.oe674 (.const:ti_sysbios_family_c64p_Cache_MAR224_255__C)
                  0081a27c    00000004     dss_mmw_pe674.oe674 (.const:ti_sysbios_family_c64p_Cache_MAR32_63__C)
                  0081a280    00000004     dss_mmw_pe674.oe674 (.const:ti_sysbios_family_c64p_Cache_MAR64_95__C)
                  0081a284    00000004     dss_mmw_pe674.oe674 (.const:ti_sysbios_family_c64p_Cache_MAR96_127__C)
                  0081a288    00000004     dss_mmw_pe674.oe674 (.const:ti_sysbios_family_c64p_EventCombiner_A_invalidEventId__C)
                  0081a28c    00000004     dss_mmw_pe674.oe674 (.const:ti_sysbios_family_c64p_EventCombiner_E_unpluggedEvent__C)
                  0081a290    00000004     dss_mmw_pe674.oe674 (.const:ti_sysbios_family_c64p_EventCombiner_Module__diagsEnabled__C)
                  0081a294    00000004     dss_mmw_pe674.oe674 (.const:ti_sysbios_family_c64p_EventCombiner_Module__diagsIncluded__C)
                  0081a298    00000004     dss_mmw_pe674.oe674 (.const:ti_sysbios_family_c64p_EventCombiner_Module__diagsMask__C)
                  0081a29c    00000004     dss_mmw_pe674.oe674 (.const:ti_sysbios_family_c64p_Exception_E_exceptionMax__C)
                  0081a2a0    00000004     dss_mmw_pe674.oe674 (.const:ti_sysbios_family_c64p_Exception_exceptionHook__C)
                  0081a2a4    00000004     dss_mmw_pe674.oe674 (.const:ti_sysbios_family_c64p_Exception_externalHook__C)
                  0081a2a8    00000004     dss_mmw_pe674.oe674 (.const:ti_sysbios_family_c64p_Exception_internalHook__C)
[...]
0081a2d8  ti_sysbios_gates_GateMutex_Module__diagsEnabled__C           
0081a2dc  ti_sysbios_gates_GateMutex_Module__diagsIncluded__C          
0081a2e0  ti_sysbios_gates_GateMutex_Module__diagsMask__C              
0081a2e4  ti_sysbios_hal_Hwi_E_stackOverflow__C                        
0081a2e8  ti_sysbios_heaps_HeapMem_A_align__C                          
0081a2ec  ti_sysbios_heaps_HeapMem_A_heapSize__C                       
0081a2f0  ti_sysbios_heaps_HeapMem_A_invalidFree__C                    
0081a2f4  ti_sysbios_heaps_HeapMem_A_zeroBlock__C                      
0081a2f8  ti_sysbios_heaps_HeapMem_E_memory__C                         
0081a2fc  ti_sysbios_heaps_HeapMem_Module__diagsEnabled__C             
0081a300  ti_sysbios_heaps_HeapMem_Module__diagsIncluded__C            
0081a304  ti_sysbios_heaps_HeapMem_Module__diagsMask__C                
0081a308  ti_sysbios_heaps_HeapMem_Module__gateObj__C                  
0081a30c  ti_sysbios_heaps_HeapMem_Object__count__C                    
0081a310  ti_sysbios_heaps_HeapMem_reqAlign__C                         
0081a314  ti_sysbios_knl_Clock_LM_begin__C                             
0081a318  ti_sysbios_knl_Clock_LM_tick__C                              
0081a31c  ti_sysbios_knl_Clock_LW_delayed__C                           
0081a320  ti_sysbios_knl_Clock_Module_State_clockQ__O                  
0081a324  ti_sysbios_knl_Clock_Module__diagsEnabled__C                 
0081a328  ti_sysbios_knl_Clock_Module__diagsIncluded__C                
0081a32c  ti_sysbios_knl_Clock_Module__diagsMask__C                    
0081a330  ti_sysbios_knl_Clock_Module__loggerFxn1__C                   
0081a334  ti_sysbios_knl_Clock_Module__loggerFxn2__C                   
0081a338  ti_sysbios_knl_Clock_Module__loggerObj__C                    
0081a33c  ti_sysbios_knl_Event_A_badContext__C                         
0081a340  ti_sysbios_knl_Event_A_eventInUse__C                         
0081a344  ti_sysbios_knl_Event_A_nullEventId__C                        
0081a348  ti_sysbios_knl_Event_A_nullEventMasks__C                     
0081a34c  ti_sysbios_knl_Event_A_pendTaskDisabled__C                   
0081a350  ti_sysbios_knl_Event_Instance_State_pendQ__O                 
0081a354  ti_sysbios_knl_Event_LM_pend__C                              
0081a358  ti_sysbios_knl_Event_LM_post__C                              
0081a35c  ti_sysbios_knl_Event_Module__diagsEnabled__C                 
0081a360  ti_sysbios_knl_Event_Module__diagsIncluded__C                
0081a364  ti_sysbios_knl_Event_Module__diagsMask__C                    
0081a368  ti_sysbios_knl_Event_Module__loggerFxn4__C                   
0081a36c  ti_sysbios_knl_Event_Module__loggerFxn8__C                   
0081a370  ti_sysbios_knl_Event_Module__loggerObj__C                    
0081a374  ti_sysbios_knl_Semaphore_A_badContext__C                     
0081a378  ti_sysbios_knl_Semaphore_A_noEvents__C                       
0081a37c  ti_sysbios_knl_Semaphore_A_overflow__C                       
0081a380  ti_sysbios_knl_Semaphore_A_pendTaskDisabled__C               
0081a384  ti_sysbios_knl_Semaphore_Instance_State_pendQ__O             
0081a388  ti_sysbios_knl_Semaphore_LM_pend__C                          
0081a38c  ti_sysbios_knl_Semaphore_LM_post__C                          
0081a390  ti_sysbios_knl_Semaphore_Module__diagsEnabled__C             
0081a394  ti_sysbios_knl_Semaphore_Module__diagsIncluded__C            
0081a398  ti_sysbios_knl_Semaphore_Module__diagsMask__C                
0081a39c  ti_sysbios_knl_Semaphore_Module__loggerFxn2__C               
0081a3a0  ti_sysbios_knl_Semaphore_Module__loggerFxn4__C               
0081a3a4  ti_sysbios_knl_Semaphore_Module__loggerObj__C                
0081a3a8  ti_sysbios_knl_Task_A_badPriority__C                         
0081a3ac  ti_sysbios_knl_Task_A_badTaskState__C                        
0081a3b0  ti_sysbios_knl_Task_A_badThreadType__C                       
0081a3b4  ti_sysbios_knl_Task_A_badTimeout__C                          
0081a3b8  ti_sysbios_knl_Task_A_noPendElem__C                          
0081a3bc  ti_sysbios_knl_Task_A_sleepTaskDisabled__C                   
0081a3c0  ti_sysbios_knl_Task_E_spOutOfBounds__C                       
0081a3c4  ti_sysbios_knl_Task_E_stackOverflow__C                       
0081a3c8  ti_sysbios_knl_Task_LD_block__C                              
0081a3cc  ti_sysbios_knl_Task_LD_exit__C                               
0081a3d0  ti_sysbios_knl_Task_LD_ready__C                              
0081a3d4  ti_sysbios_knl_Task_LM_sleep__C                              
0081a3d8  ti_sysbios_knl_Task_LM_switch__C                             
0081a3dc  ti_sysbios_knl_Task_Module_State_inactiveQ__O                
0081a3e0  ti_sysbios_knl_Task_Module__diagsEnabled__C                  
0081a3e4  ti_sysbios_knl_Task_Module__diagsIncluded__C                 
0081a3e8  ti_sysbios_knl_Task_Module__diagsMask__C                     
0081a3ec  ti_sysbios_knl_Task_Module__loggerFxn2__C                    
0081a3f0  ti_sysbios_knl_Task_Module__loggerFxn4__C                    
0081a3f4  ti_sysbios_knl_Task_Module__loggerObj__C                     
0081a3f8  ti_sysbios_knl_Task_Object__count__C                         
0081a3fc  ti_sysbios_knl_Task_Object__heap__C                          
0081a400  ti_sysbios_knl_Task_allBlockedFunc__C                        
0081a404  ti_sysbios_knl_Task_defaultStackHeap__C                      
0081a408  ti_sysbios_knl_Task_defaultStackSize__C                      
0081a40c  ti_sysbios_knl_Task_numConstructedTasks__C                   
0081a410  ti_sysbios_timers_rti_Timer_E_cannotSupport__C               
0081a414  ti_sysbios_timers_rti_Timer_Module__diagsEnabled__C          
0081a418  ti_sysbios_timers_rti_Timer_Module__diagsIncluded__C         
0081a41c  ti_sysbios_timers_rti_Timer_Module__diagsMask__C             
0081a420  ti_sysbios_timers_rti_Timer_numTimerDevices__C               
0081a424  ti_sysbios_timers_rti_Timer_startupNeeded__C                 
0081a428  ti_sysbios_utils_Load_LS_cpuLoad__C                          
0081a42c  ti_sysbios_utils_Load_LS_taskLoad__C                         
0081a430  ti_sysbios_utils_Load_Module_State_taskList__O               
0081a434  ti_sysbios_utils_Load_Module__diagsEnabled__C                
0081a438  ti_sysbios_utils_Load_Module__diagsIncluded__C               
0081a43c  ti_sysbios_utils_Load_Module__diagsMask__C                   
0081a440  ti_sysbios_utils_Load_Module__loggerFxn1__C                  
0081a444  ti_sysbios_utils_Load_Module__loggerFxn4__C                  
0081a448  ti_sysbios_utils_Load_Module__loggerObj__C                   
0081a44c  ti_sysbios_utils_Load_postUpdate__C                          
0081a450  ti_sysbios_utils_Load_windowInMs__C                          
0081a454  xdc_runtime_Assert_E_assertFailed__C                         
0081a458  xdc_runtime_Core_A_initializedParams__C                      
0081a45c  xdc_runtime_Core_Module__diagsEnabled__C                     
0081a460  xdc_runtime_Core_Module__diagsIncluded__C                    
0081a464  xdc_runtime_Core_Module__diagsMask__C                        
0081a468  xdc_runtime_Error_E_memory__C                                
0081a46c  xdc_runtime_Error_Module__diagsEnabled__C                    
0081a470  xdc_runtime_Error_Module__diagsIncluded__C                   
0081a474  xdc_runtime_Error_Module__diagsMask__C                       
0081a478  xdc_runtime_Error_Module__loggerFxn8__C                      
0081a47c  xdc_runtime_Error_Module__loggerObj__C                       
0081a480  xdc_runtime_Error_policyFxn__C                               
0081a484  xdc_runtime_Error_policy__C                                  
0081a488  xdc_runtime_Error_raiseHook__C                               
0081a48c  xdc_runtime_IGateProvider_Interface__BASE__C                 
0081a490  xdc_runtime_IHeap_Interface__BASE__C                         
0081a494  xdc_runtime_IModule_Interface__BASE__C                       
0081a498  xdc_runtime_Log_L_error__C                                   
0081a49c  xdc_runtime_Memory_defaultHeapInstance__C                    
0081a4a0  xdc_runtime_Startup_execImpl__C                              
0081a4a4  xdc_runtime_Startup_maxPasses__C                             
0081a4a8  xdc_runtime_Startup_sfxnRts__C                               
0081a4ac  xdc_runtime_Startup_sfxnTab__C                               
0081a4b0  xdc_runtime_System_Module__gateObj__C                        
0081a4b4  xdc_runtime_System_abortFxn__C                               
0081a4b8  xdc_runtime_System_exitFxn__C                                
0081a4bc  xdc_runtime_System_extendFxn__C                              
0081a4c0  xdc_runtime_System_maxAtexitHandlers__C                      
0081a4c4  xdc_runtime_Text_charTab__C                                  
0081a4c8  xdc_runtime_Text_nameEmpty__C                                
0081a4cc  xdc_runtime_Text_nameStatic__C                               
0081a4d0  xdc_runtime_Text_nameUnknown__C                              
0081a4d4  xdc_runtime_Text_visitRopeFxn__C                             
0081a4d8  xdc_runtime_Text_nodeTab__A                                  
0081a4dc  ti_sysbios_family_c64p_Cache_Module__id__C                   
0081a4de  ti_sysbios_family_c64p_EventCombiner_Module__id__C           
0081a4e0  ti_sysbios_family_c64p_Exception_Module__id__C               
0081a4e2  ti_sysbios_family_c64p_Exception_useInternalBuffer__C        
0081a4e4  ti_sysbios_family_c64p_Hwi_Module__id__C                     
0081a4e6  ti_sysbios_family_c64p_Hwi_Module__loggerDefined__C          
0081a4e8  ti_sysbios_gates_GateMutex_Module__id__C                     
0081a4ea  ti_sysbios_hal_Hwi_Module__id__C                             
0081a4ec  ti_sysbios_heaps_HeapMem_Module__id__C                       
0081a4ee  ti_sysbios_knl_Clock_Module__id__C                           
0081a4f0  ti_sysbios_knl_Clock_Module__loggerDefined__C                
0081a4f2  ti_sysbios_knl_Event_Module__id__C                           
0081a4f4  ti_sysbios_knl_Event_Module__loggerDefined__C                
0081a4f6  ti_sysbios_knl_Semaphore_Module__id__C                       
0081a4f8  ti_sysbios_knl_Semaphore_Module__loggerDefined__C            
0081a4fa  ti_sysbios_knl_Task_Module__id__C                            
0081a4fc  ti_sysbios_knl_Task_Module__loggerDefined__C                 
0081a4fe  ti_sysbios_timers_rti_Timer_Module__id__C                    
0081a500  ti_sysbios_timers_rti_Timer_continueOnSuspend__C             
0081a502  ti_sysbios_utils_Load_Module__id__C                          
0081a504  ti_sysbios_utils_Load_Module__loggerDefined__C               
0081a506  ti_sysbios_utils_Load_autoAddTasks__C                        
0081a508  ti_sysbios_utils_Load_updateInIdle__C                        
0081a50a  xdc_runtime_Core_Module__id__C                               
0081a50c  xdc_runtime_Error_Module__loggerDefined__C                   
0081a50e  xdc_runtime_Error_maxDepth__C                                
0081a510  xdc_runtime_Main_Module__id__C                               
0081a512  xdc_runtime_Memory_Module__id__C                             
0081a514  xdc_runtime_Text_charCnt__C                                  
0081a516  xdc_runtime_Text_isLoaded__C                                 
0081a518  xdc_runtime_Text_registryModsLastId__C                       
0081a51a  xdc_runtime_Text_unnamedModsLastId__C                        
0081a520  xdc_runtime_Text_charTab__A                                  
0081a528  xdc_runtime_Error_IgnoreBlock                                
0081a548  ti_sysbios_BIOS_Module__state__V                             
0081a56c  ti_sysbios_family_c64p_Cache_Module__state__V                
0081a570  ti_sysbios_family_c64p_EventCombiner_Module__state__V        
0081a970  ti_sysbios_family_c64p_Exception_Module__state__V            
0081a9a0  ti_sysbios_family_c64p_Hwi_Module__root__V                   
0081a9a8  ti_sysbios_family_c64p_Hwi_Module__state__V                  
0081aa14  ti_sysbios_gates_GateHwi_Module__root__V                     
0081aa1c  ti_sysbios_gates_GateMutex_Module__root__V                   
0081aa24  ti_sysbios_hal_Hwi_Module__root__V                           
0081aa2c  ti_sysbios_heaps_HeapMem_Module__root__V                     
0081aa34  ti_sysbios_knl_Clock_Module__root__V                         
0081aa3c  ti_sysbios_knl_Clock_Module__state__V                        
0081aa68  ti_sysbios_knl_Event_Module__root__V                         
0081aa70  ti_sysbios_knl_Queue_Module__root__V                         
0081aa78  ti_sysbios_knl_Semaphore_Module__root__V                     
0081aa80  ti_sysbios_knl_Task_Module__root__V                          
0081aa88  ti_sysbios_knl_Task_Module__state__V                         
0081aacc  ti_sysbios_rts_ti_ThreadLocalStorage_Module__state__V        
0081aad8  ti_sysbios_timers_rti_Timer_Module__root__V                  
0081aae0  ti_sysbios_timers_rti_Timer_Module__state__V                 
0081aaf0  ti_sysbios_utils_Load_Module__state__V                       
0081ab88  xdc_runtime_Error_Module__state__V                           
0081ab8c  xdc_runtime_Memory_Module__state__V                          
0081ab90  xdc_runtime_Registry_Module__state__V                        
0081ab98  xdc_runtime_Startup_Module__state__V                         
0081aba0  xdc_runtime_System_Module__state__V                          
0081aba8  xdc_runtime_Text_Module__state__V                            
0081abb0  __xdc__init__addr                                            
0081abb4  D2H_SYNC_PATTERN                                             
0081abb8  H2D_SYNC_PATTERN                                             
0081abbc  H2D_CNYS_PATTERN                                             
0081ada4  rl_txMsg                                                     
0081aea4  rl_rxMsg                                                     
0081afa4  _lock                                                        
0081afa8  _ftable                                                      
0081b228  ti_sysbios_knl_Task_Module_State_0_readyQ__A                 
0081b320  ti_sysbios_family_c64p_Hwi_Object__table__V                  
0081b3f8  gMailboxMCB                                                  
0081b448  ti_sysbios_knl_Task_Object__table__V                         
0081b494  _unlock                                                      
0081b498  SOC_TranslateAddr_LUT                                        
0081b518  ti_sysbios_gates_GateMutex_Object__table__V                  
0081b558  ti_sysbios_timers_rti_Timer_Object__table__V                 
0081b594  gMailboxDssMssHwCfg                                          
0081b5ac  gMailboxDssBssHwCfg                                          
0081b5c4  __TI_ft_end                                                  
0081b5c8  gUartSciHwCfg                                                
0081b5f4  gUartSciFxnTable                                             
0081b61c  __errno                                                      
0081b61c  errno                                                        
0081b640  ti_sysbios_utils_Load_Module_State_0_taskEnv__A              
0081b678  ADCBuf_config                                                
0081b6a8  UART_config                                                  
0081b6c0  gSOCHwAttrib                                                 
0081b6d8  ti_sysbios_heaps_HeapMem_Object__table__V                    
0081b6f0  ti_sysbios_timers_rti_Timer_Module_State_0_device__A         
0081b708  ti_sysbios_timers_rti_Timer_Module_State_0_intFreqs__A       
0081b718  __TI_cleanup_ptr                                             
0081b71c  __TI_dtors_ptr                                               
0081b720  __TI_enable_exit_profile_output                              
0081b728  ti_sysbios_hal_Hwi_Object__table__V                          
0081b730  ti_sysbios_timers_rti_Timer_Module_State_0_handles__A        
0081b738  ti_sysbios_gates_GateHwi_Object__table__V                    
0081b740  ti_sysbios_knl_Task_Module_State_0_idleTask__A               
0081b748  ti_sysbios_utils_Load_Module_State_0_runningTask__A          
0081b750  ti_sysbios_utils_Load_Module_State_0_taskStartTime__A        
0081b758  _stack                                                       
0081bb70  __TI_STACK_END                                               
0081bcb0  __CIOBUF_                                                    
0081bdd0  __TI_STATIC_BASE                                             
0081bdd8  gCRCRegister                                                 
0081bddc  regionId                                                     
0081bde8  _MmwDemo_fastCode_L1PSRAM_copy_table                         
0081bde8  __TI_table__MmwDemo_fastCode_L1PSRAM_copy_table              
00e00000  DSP_fft32x32                                                 
00e00380  DSP_fft16x16                                                 
00e00680  mmwavelib_cfarCadB_SOGO                                      
00e00c60  mmwavelib_cfarCadBwrap                                       
00e01060  mmwavelib_log2Abs32                                          
00e01260  mmwavelib_windowing16x16_evenlen                             
00e01440  mmwavelib_dftSingleBinWithWindow                             
00e015e0  mmwavelib_vecsum                                             
00e01680  mmwavelib_windowing16x32                                     
00e01720  mmwavelib_accum16                                            
00e01780  mmwavelib_vecsubc                                            
00e017e0  cossp                                                        
00e01914  sinsp                                                        
00e01a20  sqrtsp                                                       
00e01ac0  divsp                                                        
00e01b20  MmwDemo_interFrameProcessing                                 
00e02fc0  MmwDemo_interChirpProcessing                                 
00e031e0  MmwDemo_XYestimation                                         
00e03500  MmwDemo_cfarPeakGrouping                                     
00f00000  gMmwL1                                                       
20000000  _L3data_start                                                
20000000  gMmwL3                                                       
20003920  SOC_init                                                     
20003f00  main                                                         
20004000  MmwDemo_dataPathInitEdma                                     
21080000  gHSRAM                                                       
ffffffff  __TI_pprof_out_hndl                                          
ffffffff  __TI_prof_data_size                                          
ffffffff  __TI_prof_data_start                                         
ffffffff  __binit__                                                    
ffffffff  __c_args__                                                   
ffffffff  binit                                                        
UNDEFED   __TI_CINIT_Base                                              
UNDEFED   __TI_CINIT_Limit                                             
UNDEFED   __TI_Handler_Table_Base                                      
UNDEFED   __TI_Handler_Table_Limit                                     
UNDEFED   __TI_INITARRAY_Base                                          
UNDEFED   __TI_INITARRAY_Limit                                         
UNDEFED   __TI_TLS_INIT_Base                                           
UNDEFED   __TI_TLS_INIT_Limit                                          

[957 symbols]
