******************************************************************************
                  TI ARM Linker PC v16.9.1                     
******************************************************************************
>> Linked Thu Aug 02 16:41:40 2018

OUTPUT FILE NAME:   <pplcount_mss_68xx.xer4f>
ENTRY POINT SYMBOL: "_c_int00"  address: 00016418


MEMORY CONFIGURATION

         name            origin    length      used     unused   attr    fill
----------------------  --------  ---------  --------  --------  ----  --------
  VECTORS               00000000   00000100  0000003c  000000c4     X
  PROG_RAM              00000100   0003ff00  0001e41c  00021ae4  R  X
  DATA_RAM              08000000   00030000  00016b68  00019498  RW  
  L3_RAM                51000000   000a0000  00000000  000a0000  RW  
  HS_RAM                52080000   00008000  00000000  00008000  RW  


SEGMENT ALLOCATION MAP

run origin  load origin   length   init length attrs members
----------  ----------- ---------- ----------- ----- -------
00000000    00000000    0000003c   0000003c    r--
  00000000    00000000    0000003c   0000003c    r-- .vecs
00000100    00000100    0001e420   0001e420    r-x
  00000100    00000100    0001a6a0   0001a6a0    r-x .text
  0001a7a0    0001a7a0    0000394c   0000394c    r-- .const
  0001e0f0    0001e0f0    00000430   00000430    r-- .cinit
08000000    08000000    00015b68   00000000    rw-
  08000000    08000000    00010000   00000000    rw- systemHeap
  08010000    08010000    00003a94   00000000    rw- .bss
  08013a94    08013a94    000010d4   00000000    rw- .data
  08014b68    08014b68    00001000   00000000    rw- .myFiqStack
08015b80    08015b80    00001000   00000000    rw-
  08015b80    08015b80    00001000   00000000    rw- .stack


SECTION ALLOCATION MAP

 output                                  attributes/
section   page    origin      length       input sections
--------  ----  ----------  ----------   ----------------
systemHeap 
*          0    08000000    00010000     UNINITIALIZED
                  08000000    00010000     mss_mmw_per4f.oer4f (systemHeap)

.text      0    00000100    0001a6a0     
                  00000100    00001072     rtsv7R4_T_le_v3D16_eabi.lib : _printfi.obj (.text)
                  00001172    00000002     libdma_xwr16xx.aer4f : dma.oer4f (.text:DMA_init)
                  00001174    00000ba0     libgtrack3D_xwr16xx.aer4f : gtrack_unit_update.oer4f (.text:gtrack_unitUpdate)
                  00001d14    00000680     task_app.oer4f (.text:MmwDemo_CLITrackingCfg)
                  00002394    00000618     cli.oer4f (.text:MmwDemo_CLIInit)
                  000029ac    0000060c     libgtrack3D_xwr16xx.aer4f : gtrack_create.oer4f (.text:gtrack_create)
                  00002fb8    00000608     mss_main.oer4f (.text:MmwDemo_mssInitTask)
                  000035c0    000005fc     rtsv7R4_T_le_v3D16_eabi.lib : k_rem_pio2.obj (.text)
                  00003bbc    00000004     libosal_xwr16xx.aer4f : HwiP_tirtos.oer4f (.text:HwiP_disableInterrupt)
                  00003bc0    0000059c     sysbios.aer4f : BIOS.obj (.text:ti_sysbios_knl_Event_pend__E)
                  0000415c    00000590     rtsv7R4_T_le_v3D16_eabi.lib : e_powf.obj (.text)
                  000046ec    00000564     task_mbox.oer4f (.text:MmwDemo_mboxReadTask)
                  00004c50    00000540     ti.targets.arm.rtsarm.aer4f : System.oer4f (.text:xdc_runtime_System_doPrint__I)
                  00005190    000004f0     sysbios.aer4f : BIOS.obj (.text:ti_sysbios_knl_Semaphore_pend__E)
                  00005680    00000448     libcli_xwr16xx.aer4f : cli_mmwave.oer4f (.text:CLI_MMWaveProfileCfg)
                  00005ac8    00000008     libosal_xwr16xx.aer4f : HwiP_tirtos.oer4f (.text:HwiP_disable)
                  00005ad0    000003e4     sysbios.aer4f : BIOS.obj (.text:ti_sysbios_knl_Task_Instance_finalize__E)
                  00005eb4    0000000c     libdma_xwr16xx.aer4f : dma.oer4f (.text:DMA_Params_init)
                  00005ec0    00000370     sysbios.aer4f : BIOS.obj (.text:ti_sysbios_heaps_HeapMem_freeUnprotected__E)
                  00006230    0000034c                   : BIOS.obj (.text:ti_sysbios_knl_Task_sleep__E)
                  0000657c    00000324     rtsv7R4_T_le_v3D16_eabi.lib : trgdrv.obj (.text)
                  000068a0    00000318     libmmwave_xwr16xx.aer4f : mmwave_xwr16xx.oer4f (.text:MMWave_deviceExecuteFxn)
                  00006bb8    00000314     rtsv7R4_T_le_v3D16_eabi.lib : lowlev.obj (.text)
                  00006ecc    00000314                                 : s_tanf.obj (.text)
                  000071e0    00000306     libgtrack3D_xwr16xx.aer4f : gtrack_module.oer4f (.text:gtrack_moduleAllocate)
                  000074e6    0000000a     libosal_xwr16xx.aer4f : MemoryP_tirtos.oer4f (.text:MemoryP_ctrlFree)
                  000074f0    00000304     sysbios.aer4f : BIOS.obj (.text:ti_sysbios_heaps_HeapMem_allocUnprotected__E)
                  000077f4    0000000c     libmmwave_xwr16xx.aer4f : mmwave_link.oer4f (.text:MMWave_mboxCallbackFxn)
                  00007800    000002fc     sysbios.aer4f : BIOS.obj (.text:ti_sysbios_family_arm_exc_Exception_excDumpContext__I)
                  00007afc    00000004     libmmwave_xwr16xx.aer4f : mmwave_link.oer4f (.text:MMWave_maskHostIRQ)
                  00007b00    000002c8     sysbios.aer4f : BIOS.obj (.text:ti_sysbios_family_arm_v7r_vim_Hwi_dispatchIRQC__I)
                  00007dc8    000002b8     rtsv7R4_T_le_v3D16_eabi.lib : ull_div32.obj (.text)
                  00008080    000002b4     sysbios.aer4f : BIOS.obj (.text:ti_sysbios_knl_Task_Instance_init__E)
                  00008334    0000000c     libuart_xwr16xx.aer4f : uartsci_dma.oer4f (.text:UartSci_isDMAEnabled)
                  00008340    000002b4     sysbios.aer4f : BIOS.obj (.text:ti_sysbios_knl_Task_Module_startup__E)
                  000085f4    0000000c     rtsv7R4_T_le_v3D16_eabi.lib : copy_zero_init.obj (.text:decompress:ZI)
                  00008600    000002b4     sysbios.aer4f : BIOS.obj (.text:ti_sysbios_timers_rti_Timer_Module_startup__E)
                  000088b4    0000029c     libdma_xwr16xx.aer4f : dma.oer4f (.text:DMA_open)
                  00008b50    00000294     sysbios.aer4f : BIOS.obj (.text:ti_sysbios_family_arm_exc_Exception_excHandler__I)
                  00008de4    00000290     libgtrack3D_xwr16xx.aer4f : gtrack_step.oer4f (.text:gtrack_step)
                  00009074    00000268                               : gtrack_unit_predict.oer4f (.text:gtrack_unitPredict)
                  000092dc    00000264     task_app.oer4f (.text:MmwDemo_appTask)
                  00009540    0000025c     libmailbox_xwr16xx.aer4f : mailbox.oer4f (.text:Mailbox_open)
                  0000979c    0000025b     libgtrack3D_xwr16xx.aer4f : gtrack_unit_event.oer4f (.text:gtrack_unitEvent)
                  000099f7    00000001     --HOLE-- [fill = 0]
                  000099f8    00000008     libmmwave_xwr16xx.aer4f : mmwave_link.oer4f (.text:MMWave_disableDevice)
                  00009a00    00000248     sysbios.aer4f : BIOS.obj (.text:ti_sysbios_knl_Event_post__E)
                  00009c48    00000238     libsoc_xwr16xx.aer4f : soc_xwr16xx_mss.oer4f (.text:SOC_deviceInit)
                  00009e80    00000228     libgtrack3D_xwr16xx.aer4f : gtrack_utilities.oer4f (.text:gtrack_computeJacobian)
                  0000a0a8    00000224     libuart_xwr16xx.aer4f : uartsci.oer4f (.text:UartSci_open)
                  0000a2cc    00000218     libcli_xwr16xx.aer4f : cli_mmwave.oer4f (.text:CLI_MMWaveChirpCfg)
                  0000a4e4    0000000c     libmmwavelink_xwr16xx.aer4f : rl_driver.oer4f (.text:rlDriverGetPlatformId)
                  0000a4f0    00000218     sysbios.aer4f : BIOS.obj (.text:ti_sysbios_knl_Semaphore_post__E)
                  0000a708    000001fc     libmmwave_xwr16xx.aer4f : mmwave_link.oer4f (.text:MMWave_initMMWaveLink)
                  0000a904    000001f8     libcrc_xwr16xx.aer4f : crc.oer4f (.text:CRC_open)
                  0000aafc    00000004     libmmwave_xwr16xx.aer4f : mmwave_link.oer4f (.text:MMWave_mboxClose)
                  0000ab00    000001f8     sysbios.aer4f : BIOS.obj (.text:ti_sysbios_heaps_HeapMem_Instance_init__E)
                  0000acf8    000001f4     libcli_xwr16xx.aer4f : cli_mmwave.oer4f (.text:CLI_MMWaveSubFrameCfg)
                  0000aeec    000001f0     libdma_xwr16xx.aer4f : dma.oer4f (.text:DMA_setChannelParams)
                  0000b0dc    000001e4     rtsv7R4_T_le_v3D16_eabi.lib : e_logf.obj (.text)
                  0000b2c0    000001e4                                 : strtod.obj (.text)
                  0000b4a4    0000000c     sysbios.aer4f : BIOS.obj (.text:ti_sysbios_family_arm_v7a_Pmu_configureCounterI__I)
                  0000b4b0    000001e4                   : BIOS.obj (.text:ti_sysbios_family_arm_v7r_vim_Hwi_reconfig__E)
                  0000b694    000001e2     libmmwave_xwr16xx.aer4f : mmwave_xwr16xx.oer4f (.text:MMWave_serializeCfg)
                  0000b876    00000002     libuart_xwr16xx.aer4f : uartsci.oer4f (.text:UartSci_init)
                  0000b878    000001d1     libcli_xwr16xx.aer4f : cli_mmwave.oer4f (.text:CLI_MMWaveVersion)
                  0000ba49    00000001     --HOLE-- [fill = 0]
                  0000ba4a    00000002     rtsv7R4_T_le_v3D16_eabi.lib : i_div0.obj (.text)
                  0000ba4c    000001d0     libcli_xwr16xx.aer4f : cli.oer4f (.text:CLI_task)
                  0000bc1c    000001c9     libgtrack3D_xwr16xx.aer4f : gtrack_unit_score.oer4f (.text:gtrack_unitScore)
                  0000bde5    00000003     --HOLE-- [fill = 0]
                  0000bde8    000001c8     rtsv7R4_T_le_v3D16_eabi.lib : fopen.obj (.text)
                  0000bfb0    000001c4     sysbios.aer4f : BIOS.obj (.text:ti_sysbios_knl_Clock_workFunc__E)
                  0000c174    000001c4     ti.targets.arm.rtsarm.aer4f : Error.oer4f (.text:xdc_runtime_Error_policyDefault__E)
                  0000c338    000001a8     libgtrack3D_xwr16xx.aer4f : gtrack_unit_start.oer4f (.text:gtrack_unitStart)
                  0000c4e0    000001a4     libmmwave_xwr16xx.aer4f : mmwave_xwr16xx.oer4f (.text:MMWave_deviceInitFxn)
                  0000c684    0000000c     sysbios.aer4f : BIOS.obj (.text:ti_sysbios_family_arm_v7a_Pmu_getCountI__E)
                  0000c690    000001a0                   : BIOS.obj (.text:ti_sysbios_knl_Swi_run__I)
                  0000c830    00000198     mss_main.oer4f (.text:main)
                  0000c9c8    00000198     libmmwavelink_xwr16xx.aer4f : rl_driver.oer4f (.text:rlDriverCmdInvoke)
                  0000cb60    00000194     libgtrack3D_xwr16xx.aer4f : gtrack_utilities_2d.oer4f (.text:gtrack_gateCreateLim)
                  0000ccf4    0000018c     libcli_xwr16xx.aer4f : cli_mmwave.oer4f (.text:CLI_MMWaveFrameCfg)
                  0000ce80    0000018c     sysbios.aer4f : BIOS.obj (.text:ti_sysbios_family_arm_v7r_vim_Hwi_Instance_init__E)
                  0000d00c    00000188     mss_mmw_per4f.oer4f (.text:xdc_runtime_System_printfExtend__I)
                  0000d194    0000017c     ti.targets.arm.rtsarm.aer4f : Core-mem.oer4f (.text:xdc_runtime_Core_createObject__I)
                  0000d310    00000178     libgtrack3D_xwr16xx.aer4f : gtrack_math.oer4f (.text:gtrack_matrixCholesky)
                  0000d488    00000008     libmmwave_xwr16xx.aer4f : mmwave_link.oer4f (.text:MMWave_enableDevice)
                  0000d490    00000174     sysbios.aer4f : BIOS.obj (.text:ti_sysbios_heaps_HeapBuf_Module_startup__E)
                  0000d604    0000000c                   : tms570_Core_asm.obj (.text:ti_sysbios_family_arm_v7r_tms570_Core_getId__E)
                  0000d610    00000170                   : BIOS.obj (.text:ti_sysbios_family_arm_v7r_vim_Hwi_Module_startup__E)
                  0000d780    00000168     mss_main.oer4f (.text:MmwDemo_mssDataPathConfig)
                  0000d8e8    00000168     libmmwavelink_xwr16xx.aer4f : rl_driver.oer4f (.text:rlDriverRxHdrRead)
                  0000da50    00000160     libgtrack3D_xwr16xx.aer4f : gtrack_utilities_2d.oer4f (.text:gtrack_matrixInv)
                  0000dbb0    00000158                               : gtrack_utilities.oer4f (.text:gtrack_cartesian2spherical)
                  0000dd08    00000158     ti.targets.arm.rtsarm.aer4f : Startup.oer4f (.text:xdc_runtime_Startup_startMods__I)
                  0000de60    00000154     libcli_xwr16xx.aer4f : cli_mmwave.oer4f (.text:CLI_MMWaveAdvFrameCfg)
                  0000dfb4    00000154                          : cli_mmwave.oer4f (.text:CLI_MMWaveContModeCfg)
                  0000e108    00000154     rtsv7R4_T_le_v3D16_eabi.lib : s_atanf.obj (.text)
                  0000e25c    00000004     libmmwave_xwr16xx.aer4f : mmwave_link.oer4f (.text:MMWave_mboxRead)
                  0000e260    00000154     sysbios.aer4f : BIOS.obj (.text:ti_sysbios_knl_Task_exit__E)
                  0000e3b4    00000144     libcli_xwr16xx.aer4f : cli.oer4f (.text:CLI_open)
                  0000e4f8    00000144     ti.targets.arm.rtsarm.aer4f : Core-smem.oer4f (.text:xdc_runtime_Core_constructObject__I)
                  0000e63c    00000140     libmmwave_xwr16xx.aer4f : mmwave.oer4f (.text:MMWave_init)
                  0000e77c    0000013e     libuart_xwr16xx.aer4f : uartsci.oer4f (.text:UartSci_ISR)
                  0000e8ba    00000002     --HOLE-- [fill = 0]
                  0000e8bc    00000138     rtsv7R4_T_le_v3D16_eabi.lib : fputs.obj (.text)
                  0000e9f4    0000000c     ti.targets.arm.rtsarm.aer4f : SysStd.oer4f (.text:xdc_runtime_SysStd_exit__E)
                  0000ea00    00000138     sysbios.aer4f : BIOS.obj (.text:ti_sysbios_family_arm_v7a_Pmu_configureCounter__E)
                  0000eb38    00000008     libmmwave_xwr16xx.aer4f : mmwave_listlib.oer4f (.text:MMWave_listGetHead)
                  0000eb40    00000138     sysbios.aer4f : BIOS.obj (.text:ti_sysbios_knl_Task_schedule__I)
                  0000ec78    00000008     libmmwave_xwr16xx.aer4f : mmwave_listlib.oer4f (.text:MMWave_listGetNext)
                  0000ec80    00000134     sysbios.aer4f : BIOS.obj (.text:ti_sysbios_knl_Task_checkStacks__E)
                  0000edb4    00000130     libmmwave_xwr16xx.aer4f : mmwave_link.oer4f (.text:MMWave_openLink)
                  0000eee4    0000000a     libosal_xwr16xx.aer4f : SemaphoreP_tirtos.oer4f (.text:SemaphoreP_post)
                  0000eeee    00000002     --HOLE-- [fill = 0]
                  0000eef0    00000130     sysbios.aer4f : BIOS.obj (.text:ti_sysbios_knl_Task_postInit__I)
                  0000f020    00000130                   : BIOS.obj (.text:ti_sysbios_knl_Task_startCore__E)
                  0000f150    00000130                   : BIOS.obj (.text:ti_sysbios_timers_rti_Timer_getFreq__E)
                  0000f280    0000012c     task_app.oer4f (.text:MmwDemo_CLIAllocationParamCfg)
                  0000f3ac    0000012c     libmmwavelink_xwr16xx.aer4f : rl_driver.oer4f (.text:rlDriverMsgRead)
                  0000f4d8    00000128     libmmwave_xwr16xx.aer4f : mmwave_fullcfg.oer4f (.text:MMWave_addChirp)
                  0000f600    00000128     libgtrack3D_xwr16xx.aer4f : gtrack_unit_create.oer4f (.text:gtrack_unitCreate)
                  0000f728    00000008     libmmwave_xwr16xx.aer4f : mmwave_link.oer4f (.text:MMWave_registerInterruptHandler)
                  0000f730    00000124     sysbios.aer4f : BIOS.obj (.text:ti_sysbios_gates_GateMutex_enter__E)
                  0000f854    0000000a     libuart_xwr16xx.aer4f : UART.oer4f (.text:UART_read)
                  0000f85e    00000002     --HOLE-- [fill = 0]
                  0000f860    00000120     sysbios.aer4f : BIOS.obj (.text:ti_sysbios_knl_Swi_post__E)
                  0000f980    0000011c     libgtrack3D_xwr16xx.aer4f : gtrack_utilities.oer4f (.text:gtrack_spherical2cartesian)
                  0000fa9c    00000004     libmmwave_xwr16xx.aer4f : mmwave_link.oer4f (.text:MMWave_unmaskHostIRQ)
                  0000faa0    0000011c     sysbios.aer4f : BIOS.obj (.text:ti_sysbios_timers_rti_Timer_startup__E)
                  0000fbbc    0000011a     libgtrack3D_xwr16xx.aer4f : gtrack_math.oer4f (.text:gtrack_matrixPrint2)
                  0000fcd6    00000002     --HOLE-- [fill = 0]
                  0000fcd8    00000118     libmmwave_xwr16xx.aer4f : mmwave_link.oer4f (.text:MMWave_computeCRC)
                  0000fdf0    00000118                             : mmwave_fullcfg.oer4f (.text:MMWave_getChirpHandle)
                  0000ff08    00000114                             : mmwave_link.oer4f (.text:MMWave_asyncEventHandler)
                  0001001c    00000110                             : mmwave_link.oer4f (.text:MMWave_configureProfileChirp)
                  0001012c    0000010c     cli.oer4f (.text:MmwDemo_CLICfarCfg)
                  00010238    0000010c     task_app.oer4f (.text:MmwDemo_CLIGatingParamCfg)
                  00010344    00000108     libmailbox_xwr16xx.aer4f : mailbox.oer4f (.text:Mailbox_write)
                  0001044c    00000108     libmmwavelink_xwr16xx.aer4f : rl_driver.oer4f (.text:rlDriverInit)
                  00010554    0000000a     libuart_xwr16xx.aer4f : UART.oer4f (.text:UART_write)
                  0001055e    00000002     --HOLE-- [fill = 0]
                  00010560    00000108     sysbios.aer4f : BIOS.obj (.text:ti_sysbios_knl_Semaphore_Instance_init__E)
                  00010668    00000104     mss_main.oer4f (.text:MmwDemo_mssCtrlPathTask)
                  0001076c    00000104     mss_main.oer4f (.text:MmwDemo_mssMmwaveEventCallbackFxn)
                  00010870    000000fc     libcrc_xwr16xx.aer4f : crc.oer4f (.text:CRC_computeSignature)
                  0001096c    000000fc     libdma_xwr16xx.aer4f : dma.oer4f (.text:DMA_disableInterrupt)
                  00010a68    000000fc     libmmwavelink_xwr16xx.aer4f : rl_driver.oer4f (.text:rlDriverCmdSendRetry)
                  00010b64    0000000a     libuart_xwr16xx.aer4f : UART.oer4f (.text:UART_writePolling)
                  00010b6e    00000002     --HOLE-- [fill = 0]
                  00010b70    000000fc     sysbios.aer4f : BIOS.obj (.text:ti_sysbios_knl_Task_blockI__E)
                  00010c6c    000000f8     libmmwavelink_xwr16xx.aer4f : rl_driver.oer4f (.text:rlDriverRdVerifyMsg)
                  00010d64    000000f4     libmmwave_xwr16xx.aer4f : mmwave_fullcfg.oer4f (.text:MMWave_addProfile)
                  00010e58    000000f4     libgtrack3D_xwr16xx.aer4f : gtrack_delete.oer4f (.text:gtrack_delete)
                  00010f4c    00000004     mss_main.oer4f (.text:MmwDemo_mssMmwaveCloseCallbackFxn)
                  00010f50    000000f4     sysbios.aer4f : BIOS.obj (.text:ti_sysbios_family_arm_v7r_vim_Hwi_mapChannel__I)
                  00011044    0000000a     libgtrack3D_xwr16xx.aer4f : gtrack_listlib.oer4f (.text:gtrack_listInit)
                  0001104e    00000002     --HOLE-- [fill = 0]
                  00011050    000000f4     sysbios.aer4f : BIOS.obj (.text:ti_sysbios_knl_Task_unblockI__E)
                  00011144    000000f2     ti.targets.arm.rtsarm.aer4f : Text.oer4f (.text:xdc_runtime_Text_putSite__E)
                  00011236    00000002     --HOLE-- [fill = 0]
                  00011238    000000ec     libmmwave_xwr16xx.aer4f : mmwave.oer4f (.text:MMWave_start)
                  00011324    000000ec                             : mmwave_link.oer4f (.text:MMWave_startLink)
                  00011410    000000ec     auto_init.aer4f : auto_init.oer4f (.text)
                  000114fc    000000ec     rtsv7R4_T_le_v3D16_eabi.lib : s_scalbn.obj (.text)
                  000115e8    000000e8     cli.oer4f (.text:MmwDemo_CLISetDataLogger)
                  000116d0    000000e4     libcli_xwr16xx.aer4f : cli.oer4f (.text:CLI_help)
                  000117b4    000000e4     libdma_xwr16xx.aer4f : dma.oer4f (.text:DMA_clearChannelInterruptFlag)
                  00011898    000000e4     libmmwave_xwr16xx.aer4f : mmwave_fullcfg.oer4f (.text:MMWave_flushCfg)
                  0001197c    000000e4     task_app.oer4f (.text:MmwDemo_CLIStateParamCfg)
                  00011a60    000000e4     task_app.oer4f (.text:MmwDemo_CLIVariationParamCfg)
                  00011b44    000000e4     ti.targets.arm.rtsarm.aer4f : Text.oer4f (.text:xdc_runtime_Text_putMod__E)
                  00011c28    000000e0     libmmwave_xwr16xx.aer4f : mmwave_fullcfg.oer4f (.text:MMWave_getChirpCfg)
                  00011d08    000000e0     libmailbox_xwr16xx.aer4f : mailbox.oer4f (.text:Mailbox_read)
                  00011de8    000000e0     rtsv7R4_T_le_v3D16_eabi.lib : s_floor.obj (.text)
                  00011ec8    00000008     libmmwave_xwr16xx.aer4f : mmwave_link.oer4f (.text:MMWave_waitIRQStatus)
                  00011ed0    000000e0     sysbios.aer4f : BIOS.obj (.text:ti_sysbios_family_arm_v7a_Pmu_getCount__E)
                  00011fb0    000000e0                   : BIOS.obj (.text:ti_sysbios_family_arm_v7a_Pmu_startCounter__E)
                  00012090    000000dc     libmmwave_xwr16xx.aer4f : mmwave_fullcfg.oer4f (.text:MMWave_getProfileHandle)
                  0001216c    000000dc                             : mmwave_link.oer4f (.text:MMWave_initLink)
                  00012248    000000dc     rtsv7R4_T_le_v3D16_eabi.lib : setvbuf.obj (.text)
                  00012324    00000008     cli.oer4f (.text:MmwDemo_CLIADCBufCfg)
                  0001232c    00000004     mss_main.oer4f (.text:MmwDemo_mssMmwaveOpenCallbackFxn)
                  00012330    000000dc     sysbios.aer4f : BIOS.obj (.text:ti_sysbios_family_arm_v7r_vim_Hwi_initIntController__I)
                  0001240c    000000d8     libdma_xwr16xx.aer4f : dma.oer4f (.text:DMA_enableInterrupt)
                  000124e4    000000d8     libmmwave_xwr16xx.aer4f : mmwave_link.oer4f (.text:MMWave_configLink)
                  000125bc    000000d8     task_app.oer4f (.text:MmwDemo_CLISceneryParamCfg)
                  00012694    000000d8     mss_main.oer4f (.text:MmwDemo_mssDataPathStart)
                  0001276c    000000d4     rtsv7R4_T_le_v3D16_eabi.lib : s_scalbnf.obj (.text)
                  00012840    000000d0     libesm_xwr16xx.aer4f : esm.oer4f (.text:ESM_highpriority_FIQ)
                  00012910    000000d0     sysbios.aer4f : exc_Exception_asm.obj (.text:ti_sysbios_family_arm_exc_Exception_excHandlerAsm__I)
                  000129e0    000000cc     rtsv7R4_T_le_v3D16_eabi.lib : fflush.obj (.text)
                  00012aac    00000004     libgtrack3D_xwr16xx.aer4f : gtrack_listlib.oer4f (.text:gtrack_listGetCount)
                  00012ab0    000000cc     sysbios.aer4f : BIOS.obj (.text:ti_sysbios_timers_rti_Timer_initDevice__I)
                  00012b7c    000000c8     libmmwavelink_xwr16xx.aer4f : rl_sensor.oer4f (.text:rlSetChirpConfig)
                  00012c44    000000c4     libmmwave_xwr16xx.aer4f : mmwave_fullcfg.oer4f (.text:MMWave_getProfileCfg)
                  00012d08    00000008     cli.oer4f (.text:MmwDemo_CLIDoACfg)
                  00012d10    000000c4     sysbios.aer4f : BIOS.obj (.text:ti_sysbios_family_arm_v7r_vim_Hwi_Instance_finalize__E)
                  00012dd4    000000c0     libcli_xwr16xx.aer4f : cli_mmwave.oer4f (.text:CLI_MMWaveExtensionHelp)
                  00012e94    000000c0     libgtrack3D_xwr16xx.aer4f : gtrack_math.oer4f (.text:gtrack_matrixMakeSymmetrical)
                  00012f54    000000c0     libmmwavelink_xwr16xx.aer4f : rl_sensor.oer4f (.text:rlSetFrameConfig)
                  00013014    000000bc                                 : rl_driver.oer4f (.text:rlDriverWaitForResponse)
                  000130d0    000000b8     libmmwave_xwr16xx.aer4f : mmwave_xwr16xx.oer4f (.text:MMWave_deviceOpenFxn)
                  00013188    000000b8     libgtrack3D_xwr16xx.aer4f : gtrack_math.oer4f (.text:gtrack_matrixCovFilter)
                  00013240    000000b8     libmmwavelink_xwr16xx.aer4f : rl_driver.oer4f (.text:rlDriverMsgWrite)
                  000132f8    000000b6     libsoc_xwr16xx.aer4f : soc_mpu.o (.text)
                  000133ae    000000b4     libuart_xwr16xx.aer4f : uartsci_dma.oer4f (.text:UartSci_openDMA)
                  00013462    00000002     --HOLE-- [fill = 0]
                  00013464    000000b4     libgtrack3D_xwr16xx.aer4f : gtrack_module.oer4f (.text:gtrack_moduleUpdate)
                  00013518    00000008     cli.oer4f (.text:MmwDemo_CLIGuiMonSel)
                  00013520    000000b4     sysbios.aer4f : BIOS.obj (.text:ti_sysbios_knl_Swi_restoreHwi__E)
                  000135d4    000000b4     ti.targets.arm.rtsarm.aer4f : Memory.oer4f (.text:xdc_runtime_Memory_alloc__E)
                  00013688    000000b0     libmmwave_xwr16xx.aer4f : mmwave_xwr16xx.oer4f (.text:MMWave_deviceStartFxn)
                  00013738    000000b0                             : mmwave_fullcfg.oer4f (.text:MMWave_getNumChirps)
                  000137e8    000000b0     libmmwavelink_xwr16xx.aer4f : rl_sensor.oer4f (.text:rlSetProfileConfig)
                  00013898    000000ae     rtsv7R4_T_le_v3D16_eabi.lib : _io_perm.obj (.text)
                  00013946    00000002     --HOLE-- [fill = 0]
                  00013948    000000ac     libcli_xwr16xx.aer4f : cli_mmwave.oer4f (.text:CLI_MMWaveDataOutputMode)
                  000139f4    000000ac     libmmwave_xwr16xx.aer4f : mmwave.oer4f (.text:MMWave_config)
                  00013aa0    000000ac                             : mmwave.oer4f (.text:MMWave_open)
                  00013b4c    000000ac     libgtrack3D_xwr16xx.aer4f : gtrack_math.oer4f (.text:gtrack_matrixMultiply)
                  00013bf8    000000ac                               : gtrack_math.oer4f (.text:gtrack_matrixTransposeMultiply)
                  00013ca4    000000aa                               : gtrack_math.oer4f (.text:gtrack_matrixPrint)
                  00013d4e    00000002     --HOLE-- [fill = 0]
                  00013d50    000000a8     libmmwave_xwr16xx.aer4f : mmwave_xwr16xx.oer4f (.text:MMWave_deviceCfgFxn)
                  00013df8    000000a8     libpinmux_xwr16xx.aer4f : pinmux.oer4f (.text:Pinmux_Set_OverrideCtrl)
                  00013ea0    000000a8     libmmwavelink_xwr16xx.aer4f : rl_sensor.oer4f (.text:rlSetAdvFrameConfig)
                  00013f48    00000008     libosal_xwr16xx.aer4f : SemaphoreP_tirtos.oer4f (.text:SemaphoreP_Params_init)
                  00013f50    000000a8     sysbios.aer4f : BIOS.obj (.text:ti_sysbios_knl_Swi_schedule__I)
                  00013ff8    000000a5     ti.targets.arm.rtsarm.aer4f : System.oer4f (.text:xdc_runtime_System_formatNum__I)
                  0001409d    00000003     --HOLE-- [fill = 0]
                  000140a0    000000a4     libdma_xwr16xx.aer4f : dma.oer4f (.text:DMA_assignChannel)
                  00014144    000000a4                          : dma.oer4f (.text:DMA_getChannelInterruptFlag)
                  000141e8    000000a4     libmmwave_xwr16xx.aer4f : mmwave_xwr16xx.oer4f (.text:MMWave_deviceEventFxn)
                  0001428c    000000a4                             : mmwave_link.oer4f (.text:MMWave_stopLink)
                  00014330    000000a4     libsoc_xwr16xx.aer4f : soc_xwr16xx_mss.oer4f (.text:SOC_unhaltDSS)
                  000143d4    000000a4     ti.targets.arm.rtsarm.aer4f : Error.oer4f (.text:xdc_runtime_Error_print__E)
                  00014478    0000009f                                 : Text.oer4f (.text:xdc_runtime_Text_putLab__E)
                  00014517    00000001     --HOLE-- [fill = 0]
                  00014518    0000009e     libuart_xwr16xx.aer4f : uartsci.oer4f (.text:UartSci_readChar)
                  000145b6    00000002     --HOLE-- [fill = 0]
                  000145b8    0000009e     libgtrack3D_xwr16xx.aer4f : gtrack_unit_stop.oer4f (.text:gtrack_unitStop)
                  00014656    00000002     --HOLE-- [fill = 0]
                  00014658    0000009c     libcli_xwr16xx.aer4f : cli_mmwave.oer4f (.text:CLI_MMWaveChannelCfg)
                  000146f4    0000009c     libmmwave_xwr16xx.aer4f : mmwave_xwr16xx.oer4f (.text:MMWave_deviceStopFxn)
                  00014790    0000009c     libuart_xwr16xx.aer4f : uartsci.oer4f (.text:UartSci_write)
                  0001482c    0000009c     libmmwavelink_xwr16xx.aer4f : rl_driver.oer4f (.text:rlDriverMsgReadCmdCtx)
                  000148c8    0000009c     rtsv7R4_T_le_v3D16_eabi.lib : memcpy_t2.obj (.text)
                  00014964    00000008     libgtrack3D_xwr16xx.aer4f : gtrack_unit_delete.oer4f (.text:gtrack_unitDelete)
                  0001496c    00000004                               : gtrack_listlib.oer4f (.text:gtrack_listGetFirst)
                  00014970    0000009c     sysbios.aer4f : BIOS.obj (.text:ti_sysbios_knl_Clock_logTick__E)
                  00014a0c    00000098     libcli_xwr16xx.aer4f : cli_mmwave.oer4f (.text:CLI_MMWaveADCCfg)
                  00014aa4    00000098     libgtrack3D_xwr16xx.aer4f : gtrack_math.oer4f (.text:gtrack_matrixCovNormalize)
                  00014b3c    00000098     rtsv7R4_T_le_v3D16_eabi.lib : fclose.obj (.text)
                  00014bd4    00000098                                 : fputc.obj (.text)
                  00014c6c    00000098     sysbios.aer4f : vim_Hwi_asm_switch.obj (.text)
                  00014d04    00000098     ti.targets.arm.rtsarm.aer4f : Core-mem.oer4f (.text:xdc_runtime_Core_deleteObject__I)
                  00014d9c    00000096     libmmwavelink_xwr16xx.aer4f : rl_driver.oer4f (.text:rlDriverClientCbCheck)
                  00014e32    00000002     --HOLE-- [fill = 0]
                  00014e34    00000094     libgtrack3D_xwr16xx.aer4f : gtrack_math.oer4f (.text:gtrack_sincosd)
                  00014ec8    00000094     libmmwavelink_xwr16xx.aer4f : rl_driver.oer4f (.text:rlDriverDeInit)
                  00014f5c    00000094     sysbios.aer4f : vim_Hwi_asm.obj (.text:ti_sysbios_family_arm_v7r_vim_Hwi_dispatchIRQ__I)
                  00014ff0    00000090     libcli_xwr16xx.aer4f : cli_mmwave.oer4f (.text:CLI_MMWaveExtensionHandler)
                  00015080    00000090     libmailbox_xwr16xx.aer4f : mailbox.oer4f (.text:Mailbox_close)
                  00015110    00000090     libuart_xwr16xx.aer4f : uartsci_dma.oer4f (.text:UartSci_initiateTxDMA)
                  000151a0    00000090                           : uartsci.oer4f (.text:UartSci_read)
                  00015230    00000090     libgtrack3D_xwr16xx.aer4f : gtrack_math.oer4f (.text:gtrack_matrixCovAcc)
                  000152c0    00000090     sysbios.aer4f : BIOS.obj (.text:ti_sysbios_heaps_HeapMem_alloc__E)
                  00015350    0000008c     libdma_xwr16xx.aer4f : dma.oer4f (.text:DMA_deleteInstance)
                  000153dc    0000008c     libsoc_xwr16xx.aer4f : soc_xwr16xx.oer4f (.text:SOC_translateAddress)
                  00015468    0000008c     libuart_xwr16xx.aer4f : uartsci_dma.oer4f (.text:UartSci_initiateRxDMA)
                  000154f4    0000008c     libmmwavelink_xwr16xx.aer4f : rl_driver.oer4f (.text:rlDriverMsgCmdReply)
                  00015580    0000008c     sysbios.aer4f : BIOS.obj (.text:ti_sysbios_knl_Swi_runLoop__I)
                  0001560c    0000008c     ti.targets.arm.rtsarm.aer4f : Startup.oer4f (.text:xdc_runtime_Startup_exec__E)
                  00015698    00000088     libmmwave_xwr16xx.aer4f : mmwave_xwr16xx.oer4f (.text:MMWave_deviceCfgAsyncEvent)
                  00015720    00000088                             : mmwave_link.oer4f (.text:MMWave_spawn)
                  000157a8    00000088     libmmwavelink_xwr16xx.aer4f : rl_device.oer4f (.text:rlDevicePowerOn)
                  00015830    00000088     rtsv7R4_T_le_v3D16_eabi.lib : vsnprintf.obj (.text)
                  000158b8    00000088     mss_mmw_per4f.oer4f (.text:ti_sysbios_family_arm_v7r_vim_Hwi_create)
                  00015940    00000084     libcli_xwr16xx.aer4f : cli_mmwave.oer4f (.text:CLI_MMWaveLowPowerCfg)
                  000159c4    00000084     libmmwave_xwr16xx.aer4f : mmwave.oer4f (.text:MMWave_execute)
                  00015a48    00000084                             : mmwave_link.oer4f (.text:MMWave_mboxOpen)
                  00015acc    00000004     libgtrack3D_xwr16xx.aer4f : gtrack_listlib.oer4f (.text:gtrack_listGetNext)
                  00015ad0    00000084     sysbios.aer4f : BIOS.obj (.text:ti_sysbios_heaps_HeapMem_getStats__E)
                  00015b54    00000008     libmmwavelink_xwr16xx.aer4f : rl_driver.oer4f (.text:rlDriverGetHandle)
                  00015b5c    00000004     mss_mmw_per4f.oer4f (.text:ti_sysbios_BIOS_RtsGateProxy_enter__E)
                  00015b60    00000084     sysbios.aer4f : BIOS.obj (.text:ti_sysbios_knl_Swi_startup__E)
                  00015be4    00000080     libmmwave_xwr16xx.aer4f : mmwave.oer4f (.text:MMWave_stop)
                  00015c64    00000080     libuart_xwr16xx.aer4f : uartsci.oer4f (.text:UartSci_writePolling)
                  00015ce4    00000080     libmmwavelink_xwr16xx.aer4f : rl_driver.oer4f (.text:rlDriverExecuteGetApi)
                  00015d64    00000080     mss_mmw_per4f.oer4f (.text:ti_sysbios_knl_Task_create)
                  00015de4    00000080     ti.targets.arm.rtsarm.aer4f : Text.oer4f (.text:xdc_runtime_Text_visitRope2__I)
                  00015e64    0000007e     libosal_xwr16xx.aer4f : HwiP_tirtos.oer4f (.text:HwiP_create)
                  00015ee2    00000002     --HOLE-- [fill = 0]
                  00015ee4    0000007c     libmailbox_xwr16xx.aer4f : mailbox.oer4f (.text:Mailbox_init)
                  00015f60    0000007c     libuart_xwr16xx.aer4f : uartsci.oer4f (.text:UartSci_readPolling)
                  00015fdc    0000007c     sysbios.aer4f : arm_TaskSupport_asm.obj (.text:_ti_sysbios_family_arm_TaskSupport_buildTaskStack)
                  00016058    0000007c     libgtrack3D_xwr16xx.aer4f : gtrack_utilities_2d.oer4f (.text:gtrack_matrixComputePJT)
                  000160d4    0000007c     ti.targets.arm.rtsarm.aer4f : Assert.oer4f (.text:xdc_runtime_Assert_raise__I)
                  00016150    0000007a     rtsv7R4_T_le_v3D16_eabi.lib : memset_t2.obj (.text)
                  000161ca    00000002     --HOLE-- [fill = 0]
                  000161cc    00000078     libesm_xwr16xx.aer4f : esm.oer4f (.text:ESM_init)
                  00016244    00000078     libmmwavelink_xwr16xx.aer4f : rl_driver.oer4f (.text:rlDriverAsyncEventHandler)
                  000162bc    00000074     libmmwave_xwr16xx.aer4f : mmwave.oer4f (.text:MMWave_sync)
                  00016330    00000074     mss_main.oer4f (.text:MmwDemo_mssDataPathStop)
                  000163a4    00000074     libsoc_xwr16xx.aer4f : soc.oer4f (.text:SOC_init)
                  00016418    00000074     boot.aer4f : boot.oer4f (.text)
                  0001648c    00000074     libmmwavelink_xwr16xx.aer4f : rl_driver.oer4f (.text:rlDriverProcRdMsg)
                  00016500    00000074     rtsv7R4_T_le_v3D16_eabi.lib : s_frexp.obj (.text)
                  00016574    00000072     libgtrack3D_xwr16xx.aer4f : gtrack_listlib.oer4f (.text:gtrack_listRemoveElement)
                  000165e6    00000002     --HOLE-- [fill = 0]
                  000165e8    00000070     mss_main.oer4f (.text:MmwDemo_printHeapStats)
                  00016658    00000070     libgtrack3D_xwr16xx.aer4f : gtrack_module.oer4f (.text:gtrack_modulePredict)
                  000166c8    00000070     rtsv7R4_T_le_v3D16_eabi.lib : printf.obj (.text)
                  00016738    00000008     mss_mmw_per4f.oer4f (.text:ti_sysbios_family_arm_TaskSupport_Module__startupDone__S)
                  00016740    00000070     sysbios.aer4f : BIOS.obj (.text:ti_sysbios_family_arm_v7r_vim_Hwi_getStackInfo__E)
                  000167b0    00000070                   : BIOS.obj (.text:ti_sysbios_family_arm_v7r_vim_Hwi_phantomIntHandler__I)
                  00016820    0000006e     libdma_xwr16xx.aer4f : dma.oer4f (.text:DMA_btcISR)
                  0001688e    00000002     --HOLE-- [fill = 0]
                  00016890    0000006c     libcli_xwr16xx.aer4f : cli.oer4f (.text:CLI_write)
                  000168fc    0000006c     libdma_xwr16xx.aer4f : dma.oer4f (.text:DMA_disableChannel)
                  00016968    0000006c     libpinmux_xwr16xx.aer4f : pinmux.oer4f (.text:Pinmux_Set_FuncSel)
                  000169d4    0000006c     rtsv7R4_T_le_v3D16_eabi.lib : copy_decompress_lzss.obj (.text:decompress:lzss)
                  00016a40    0000006c     libgtrack3D_xwr16xx.aer4f : gtrack_utilities.oer4f (.text:gtrack_unrollRadialVelocity)
                  00016aac    0000006c     rtsv7R4_T_le_v3D16_eabi.lib : trgmsg.obj (.text)
                  00016b18    00000008     sysbios.aer4f : BIOS.obj (.text:ti_sysbios_family_arm_v7a_Pmu_getEnabled__E)
                  00016b20    0000006c                   : BIOS.obj (.text:ti_sysbios_heaps_HeapMem_init__I)
                  00016b8c    00000004     mss_mmw_per4f.oer4f (.text:ti_sysbios_BIOS_RtsGateProxy_leave__E)
                  00016b90    0000006c     sysbios.aer4f : BIOS.obj (.text:ti_sysbios_knl_Task_allBlockedFunction__I)
                  00016bfc    0000006a     libdma_xwr16xx.aer4f : dma.oer4f (.text:DMA_berISR)
                  00016c66    00000002     --HOLE-- [fill = 0]
                  00016c68    0000006a                          : dma.oer4f (.text:DMA_ftcISR)
                  00016cd2    00000002     --HOLE-- [fill = 0]
                  00016cd4    0000006a                          : dma.oer4f (.text:DMA_hbcISR)
                  00016d3e    00000002     --HOLE-- [fill = 0]
                  00016d40    0000006a                          : dma.oer4f (.text:DMA_lfsISR)
                  00016daa    0000006a     libuart_xwr16xx.aer4f : uartsci.oer4f (.text:UartSci_control)
                  00016e14    00000068     libdma_xwr16xx.aer4f : dma.oer4f (.text:DMA_enableChannel)
                  00016e7c    00000068     mss_main.oer4f (.text:MmwDemo_mmWaveCtrlTask)
                  00016ee4    00000068     libgtrack3D_xwr16xx.aer4f : gtrack_utilities_2d.oer4f (.text:gtrack_computeMahalanobis)
                  00016f4c    00000068     libmmwavelink_xwr16xx.aer4f : rl_driver.oer4f (.text:rlDriverExecuteSetApi)
                  00016fb4    00000068                                 : rl_driver.oer4f (.text:rlDriverHostIrqHandler)
                  0001701c    00000068     ti.targets.arm.rtsarm.aer4f : Error.oer4f (.text:xdc_runtime_Error_setX__E)
                  00017084    00000064     libmmwave_xwr16xx.aer4f : mmwave_link.oer4f (.text:MMWave_executeLink)
                  000170e8    00000064     libmailbox_xwr16xx.aer4f : mailbox.oer4f (.text:Mailbox_readFlush)
                  0001714c    00000064     libosal_xwr16xx.aer4f : SemaphoreP_tirtos.oer4f (.text:SemaphoreP_create)
                  000171b0    00000064     libgtrack3D_xwr16xx.aer4f : gtrack_math.oer4f (.text:gtrack_matrixSetDiag)
                  00017214    00000064                               : gtrack_module.oer4f (.text:gtrack_moduleReport)
                  00017278    00000064     libmmwavelink_xwr16xx.aer4f : rl_driver.oer4f (.text:rlDriverOsiInit)
                  000172dc    00000064     rtsv7R4_T_le_v3D16_eabi.lib : fseek.obj (.text)
                  00017340    00000064                                 : sprintf.obj (.text)
                  000173a4    00000064     sysbios.aer4f : exc_Exception_asm.obj (.text:ti_sysbios_family_arm_exc_Exception_initCore0__I)
                  00017408    00000064     ti.targets.arm.rtsarm.aer4f : Core-params.oer4f (.text:xdc_runtime_Core_assignParams__I)
                  0001746c    00000062     libmmwavelink_xwr16xx.aer4f : rl_device.oer4f (.text:rlDevicePowerOff)
                  000174ce    00000060     libuart_xwr16xx.aer4f : uartsci.oer4f (.text:UartSci_writeChar)
                  0001752e    00000002     --HOLE-- [fill = 0]
                  00017530    00000060     sysbios.aer4f : BIOS.obj (.text:ti_sysbios_timers_rti_Timer_stop__E)
                  00017590    00000060     ti.targets.arm.rtsarm.aer4f : Text.oer4f (.text:xdc_runtime_Text_xprintf__I)
                  000175f0    0000005c     rtsv7R4_T_le_v3D16_eabi.lib : vprintf.obj (.text)
                  0001764c    00000004     mss_mmw_per4f.oer4f (.text:ti_sysbios_BIOS_nullFunc__I)
                  00017650    0000005c     sysbios.aer4f : BIOS.obj (.text:ti_sysbios_family_arm_v7r_tms570_Core_Module_startup__E)
                  000176ac    0000005c     ti.targets.arm.rtsarm.aer4f : Core-label.oer4f (.text:xdc_runtime_Core_assignLabel__I)
                  00017708    0000005a     libuart_xwr16xx.aer4f : uartsci.oer4f (.text:UartSci_readCancel)
                  00017762    0000005a     libmmwavelink_xwr16xx.aer4f : rl_driver.oer4f (.text:rlDriverCalChkSum)
                  000177bc    00000058     libuart_xwr16xx.aer4f : uartsci_dma.oer4f (.text:UartSci_closeDMA)
                  00017814    00000058     libgtrack3D_xwr16xx.aer4f : gtrack_utilities_2d.oer4f (.text:gtrack_calcDistance)
                  0001786c    00000058                               : gtrack_module.oer4f (.text:gtrack_moduleAssociate)
                  000178c4    00000058     libmmwavelink_xwr16xx.aer4f : rl_driver.oer4f (.text:rlDriverMsgReadSpawnCtx)
                  0001791c    00000004     mss_mmw_per4f.oer4f (.text:ti_sysbios_family_arm_v7r_vim_Hwi_delete)
                  00017920    00000058     sysbios.aer4f : BIOS.obj (.text:ti_sysbios_family_arm_TaskSupport_start__E)
                  00017978    00000008     ti.targets.arm.rtsarm.aer4f : Error.oer4f (.text:xdc_runtime_Error_getSite__E)
                  00017980    00000058     sysbios.aer4f : BIOS.obj (.text:ti_sysbios_hal_Hwi_checkStack)
                  000179d8    00000058     mss_mmw_per4f.oer4f (.text:ti_sysbios_rts_gnu_MemAlloc_alloc)
                  00017a30    00000054     libcli_xwr16xx.aer4f : cli_mmwave.oer4f (.text:CLI_MMWaveFlushCfg)
                  00017a84    00000054     libcrc_xwr16xx.aer4f : crc.oer4f (.text:CRC_getTransactionId)
                  00017ad8    00000054     libdma_xwr16xx.aer4f : dma.oer4f (.text:DMA_freeChannel)
                  00017b2c    00000054     libmmwave_xwr16xx.aer4f : mmwave_link.oer4f (.text:MMWave_mboxWrite)
                  00017b80    00000054     libgtrack3D_xwr16xx.aer4f : gtrack_utilities_2d.oer4f (.text:gtrack_isPointInsideBox)
                  00017bd4    00000054     rtsv7R4_T_le_v3D16_eabi.lib : ltoa.obj (.text)
                  00017c28    00000008     ti.targets.arm.rtsarm.aer4f : SysStd.oer4f (.text:xdc_runtime_SysStd_ready__E)
                  00017c30    00000054     sysbios.aer4f : BIOS.obj (.text:ti_sysbios_hal_Hwi_initStack)
                  00017c84    00000054     mss_mmw_per4f.oer4f (.text:ti_sysbios_knl_Semaphore_create)
                  00017cd8    00000054     ti.targets.arm.rtsarm.aer4f : System.oer4f (.text:xdc_runtime_System_atexit__E)
                  00017d2c    00000054                                 : System.oer4f (.text:xdc_runtime_System_putchar__I)
                  00017d80    00000053                                 : Text.oer4f (.text:xdc_runtime_Text_printVisFxn__I)
                  00017dd3    00000001     --HOLE-- [fill = 0]
                  00017dd4    00000050     libcrc_xwr16xx.aer4f : crc.oer4f (.text:CRC_getSignature)
                  00017e24    00000050     libmmwave_xwr16xx.aer4f : mmwave_listlib.oer4f (.text:MMWave_listRemoveNode)
                  00017e74    00000050     libgtrack3D_xwr16xx.aer4f : gtrack_utilities_2d.oer4f (.text:gtrack_calcMeasurementVar)
                  00017ec4    00000050                               : gtrack_utilities_2d.oer4f (.text:gtrack_sph2cart)
                  00017f14    00000050     libmmwavelink_xwr16xx.aer4f : rl_driver.oer4f (.text:rlDeviceIdentifyCmdDir)
                  00017f64    00000050     rtsv7R4_T_le_v3D16_eabi.lib : atoi.obj (.text)
                  00017fb4    00000050                                 : exit.obj (.text)
                  00018004    00000050                                 : u_div32.obj (.text)
                  00018054    00000008     ti.targets.arm.rtsarm.aer4f : System.oer4f (.text:xdc_runtime_System_Module_startup__E)
                  0001805c    00000004     mss_mmw_per4f.oer4f (.text:ti_sysbios_heaps_HeapMem_Module_GateProxy_enter__E)
                  00018060    00000050     sysbios.aer4f : BIOS.obj (.text:ti_sysbios_knl_Event_pendTimeout__I)
                  000180b0    00000050                   : BIOS.obj (.text:ti_sysbios_knl_Semaphore_pendTimeout__I)
                  00018100    0000004e     libmmwavelink_xwr16xx.aer4f : rl_device.oer4f (.text:rlDeviceGetVersion)
                  0001814e    00000002     --HOLE-- [fill = 0]
                  00018150    0000004c     libmailbox_xwr16xx.aer4f : mailbox.oer4f (.text:Mailbox_boxEmptyISRProcessing)
                  0001819c    0000004c     libuart_xwr16xx.aer4f : uartsci.oer4f (.text:UartSci_writeCancel)
                  000181e8    0000004c     libgtrack3D_xwr16xx.aer4f : gtrack_math.oer4f (.text:gtrack_matrixAdd)
                  00018234    0000004c                               : gtrack_math.oer4f (.text:gtrack_matrixSub)
                  00018280    0000004c     rtsv7R4_T_le_v3D16_eabi.lib : cpy_tbl.obj (.text)
                  000182cc    0000004c     mss_mmw_per4f.oer4f (.text:ti_sysbios_gates_GateHwi_Object__create__S)
                  00018318    0000004c     mss_mmw_per4f.oer4f (.text:ti_sysbios_gates_GateMutex_Object__create__S)
                  00018364    0000004c     mss_mmw_per4f.oer4f (.text:ti_sysbios_heaps_HeapMem_Object__create__S)
                  000183b0    0000004c     mss_mmw_per4f.oer4f (.text:ti_sysbios_knl_Event_create)
                  000183fc    0000004c     mss_mmw_per4f.oer4f (.text:ti_sysbios_knl_Semaphore_construct)
                  00018448    00000048     libmailbox_xwr16xx.aer4f : mailbox.oer4f (.text:Mailbox_boxFullISRProcessing)
                  00018490    00000048     libgtrack3D_xwr16xx.aer4f : gtrack_utilities_2d.oer4f (.text:gtrack_isPointBehindTarget)
                  000184d8    00000048     ti.targets.arm.rtsarm.aer4f : System.oer4f (.text:xdc_runtime_System_processAtExit__E)
                  00018520    00000046     libmailbox_xwr16xx.aer4f : mailbox.oer4f (.text:CSL_FINSR)
                  00018566    00000044     libcrc_xwr16xx.aer4f : crc.oer4f (.text:CRC_resetSignature)
                  000185aa    00000002     --HOLE-- [fill = 0]
                  000185ac    00000044     libmmwave_xwr16xx.aer4f : mmwave_osal.oer4f (.text:MMWave_osalMutexCreate)
                  000185f0    00000044                             : mmwave_osal.oer4f (.text:MMWave_osalSemCreate)
                  00018634    00000044     libmailbox_xwr16xx.aer4f : mailbox.oer4f (.text:Mailbox_boxFullISRMssDss)
                  00018678    00000044     cli.oer4f (.text:MmwDemo_CLISensorStart)
                  000186bc    00000044     mss_mmw_per4f.oer4f (.text:ti_sysbios_BIOS_atExitFunc__I)
                  00018700    00000044     sysbios.aer4f : BIOS.obj (.text:ti_sysbios_heaps_HeapMem_free__E)
                  00018744    00000044     mss_mmw_per4f.oer4f (.text:ti_sysbios_knl_Clock_doTick__I)
                  00018788    00000044     mss_mmw_per4f.oer4f (.text:ti_sysbios_knl_Queue_construct)
                  000187cc    00000004     mss_mmw_per4f.oer4f (.text:ti_sysbios_heaps_HeapMem_Module_GateProxy_leave__E)
                  000187d0    00000044     sysbios.aer4f : BIOS.obj (.text:ti_sysbios_knl_Swi_Module_startup__E)
                  00018814    00000006     libosal_xwr16xx.aer4f : HwiP_tirtos.oer4f (.text:HwiP_restore)
                  0001881a    00000006     libmmwavelink_xwr16xx.aer4f : rl_controller.oer4f (.text:rlGetSubBlockId)
                  00018820    00000044     sysbios.aer4f : BIOS.obj (.text:ti_sysbios_knl_Task_restoreHwi__E)
                  00018864    00000006     libmmwavelink_xwr16xx.aer4f : rl_controller.oer4f (.text:rlGetSubBlockLen)
                  0001886a    00000002     --HOLE-- [fill = 0]
                  0001886c    00000004     mss_mmw_per4f.oer4f (.text:ti_sysbios_knl_Clock_TimerProxy_getMaxTicks__E)
                  00018870    00000044     sysbios.aer4f : BIOS.obj (.text:ti_sysbios_timers_rti_Timer_periodicStub__E)
                  000188b4    00000044     ti.targets.arm.rtsarm.aer4f : Text.oer4f (.text:xdc_runtime_Text_cordText__E)
                  000188f8    00000040     libmmwavelink_xwr16xx.aer4f : rl_driver.oer4f (.text:rlDriverVerifyCRC)
                  00018938    00000040     rtsv7R4_T_le_v3D16_eabi.lib : strtok.obj (.text)
                  00018978    00000040     ti.targets.arm.rtsarm.aer4f : System.oer4f (.text:xdc_runtime_System_avprintf__E)
                  000189b8    0000003e     libcrc_xwr16xx.aer4f : crc.oer4f (.text:CSL_FINSR)
                  000189f6    0000003e     libdma_xwr16xx.aer4f : dma.oer4f (.text:CSL_FINSR)
                  00018a34    0000003e     libpinmux_xwr16xx.aer4f : pinmux.oer4f (.text:CSL_FINSR)
                  00018a72    0000003e     libsoc_xwr16xx.aer4f : soc.oer4f (.text:CSL_FINSR)
                  00018ab0    0000003e                          : soc_xwr16xx.oer4f (.text:CSL_FINSR)
                  00018aee    0000003e                          : soc_xwr16xx_mss.oer4f (.text:CSL_FINSR)
                  00018b2c    0000003e     libuart_xwr16xx.aer4f : uartsci.oer4f (.text:CSL_FINSR)
                  00018b6a    0000003e                           : uartsci.oer4f (.text:UartSci_close)
                  00018ba8    0000003c     libmmwave_xwr16xx.aer4f : mmwave_listlib.oer4f (.text:MMWave_listCat)
                  00018be4    0000003c                             : mmwave_listlib.oer4f (.text:MMWave_listRemove)
                  00018c20    0000003c     libmailbox_xwr16xx.aer4f : mailbox.oer4f (.text:Mailbox_writeReset)
                  00018c5c    0000003c     libsoc_xwr16xx.aer4f : soc.oer4f (.text:SOC_unhaltBSS)
                  00018c98    0000003c     libmmwavelink_xwr16xx.aer4f : rl_controller.oer4f (.text:rlGetSubBlock)
                  00018cd4    0000003c     sysbios.aer4f : vim_Hwi_asm.obj (.text:ti_sysbios_family_arm_v7r_vim_Hwi_init__I)
                  00018d10    0000003c     ti.targets.arm.rtsarm.aer4f : System.oer4f (.text:xdc_runtime_System_vprintf__E)
                  00018d4c    0000003a     libosal_xwr16xx.aer4f : HwiP_tirtos.oer4f (.text:HwiP_delete)
                  00018d86    0000003a     libgtrack3D_xwr16xx.aer4f : gtrack_unit_report.oer4f (.text:gtrack_unitReport)
                  00018dc0    00000038     libuart_xwr16xx.aer4f : UART.oer4f (.text:UART_init)
                  00018df8    00000038     mss_mmw_per4f.oer4f (.text:ti_sysbios_BIOS_startFunc__I)
                  00018e30    00000036     libmmwavelink_xwr16xx.aer4f : rl_controller.oer4f (.text:rlAppendSubBlock)
                  00018e66    00000036     rtsv7R4_T_le_v3D16_eabi.lib : strncpy.obj (.text)
                  00018e9c    00000034     libcli_xwr16xx.aer4f : cli_mmwave.oer4f (.text:CLI_MMWaveExtensionInit)
                  00018ed0    00000034     cli.oer4f (.text:MmwDemo_CLIFrameStart)
                  00018f04    00000034     cli.oer4f (.text:MmwDemo_CLISensorStop)
                  00018f38    00000034     libsoc_xwr16xx.aer4f : soc_xwr16xx.oer4f (.text:SOC_setMMWaveDSSLinkState)
                  00018f6c    00000034                          : soc_xwr16xx.oer4f (.text:SOC_setMMWaveMSSLinkState)
                  00018fa0    00000034     libgtrack3D_xwr16xx.aer4f : gtrack_math.oer4f (.text:gtrack_vectorAdd)
                  00018fd4    00000034                               : gtrack_math.oer4f (.text:gtrack_vectorSub)
                  00019008    00000034     libmmwavelink_xwr16xx.aer4f : rl_driver.oer4f (.text:rlDriverValidateHdr)
                  0001903c    00000034     mss_mmw_per4f.oer4f (.text:ti_sysbios_BIOS_errorRaiseHook__I)
                  00019070    00000034     mss_mmw_per4f.oer4f (.text:ti_sysbios_BIOS_registerRTSLock__I)
                  000190a4    00000034     mss_mmw_per4f.oer4f (.text:ti_sysbios_BIOS_removeRTSLock__I)
                  000190d8    00000034     mss_mmw_per4f.oer4f (.text:ti_sysbios_family_arm_v7r_vim_Hwi_Object__delete__S)
                  0001910c    00000034     mss_mmw_per4f.oer4f (.text:ti_sysbios_gates_GateMutex_Object__delete__S)
                  00019140    00000034     sysbios.aer4f : BIOS.obj (.text:ti_sysbios_knl_Clock_Module_startup__E)
                  00019174    00000004     mss_mmw_per4f.oer4f (.text:ti_sysbios_knl_Semaphore_delete)
                  00019178    00000004     mss_mmw_per4f.oer4f (.text:xdc_runtime_Startup_reset__I)
                  0001917c    00000004     ti.targets.arm.rtsarm.aer4f : SysStd.oer4f (.text:xdc_runtime_SysStd_putch__E)
                  00019180    00000034     sysbios.aer4f : BIOS.obj (.text:ti_sysbios_knl_Idle_run__E)
                  000191b4    00000034     mss_mmw_per4f.oer4f (.text:ti_sysbios_knl_Semaphore_Object__delete__S)
                  000191e8    00000034     ti.targets.arm.rtsarm.aer4f : Registry.oer4f (.text:xdc_runtime_Registry_findById__E)
                  0001921c    00000034                                 : SysStd.oer4f (.text:xdc_runtime_SysStd_abort__E)
                  00019250    00000032     libcrc_xwr16xx.aer4f : crc.oer4f (.text:CRC_getCRCDataSelectBitValue)
                  00019282    00000002     --HOLE-- [fill = 0]
                  00019284    00000032                          : crc.oer4f (.text:CRC_getCRCTypeBitValue)
                  000192b6    00000002     --HOLE-- [fill = 0]
                  000192b8    00000030     libmmwave_xwr16xx.aer4f : mmwave_xwr16xx.oer4f (.text:MMWave_deviceSyncFxn)
                  000192e8    00000030                             : mmwave_fullcfg.oer4f (.text:MMWave_internalDelChirp)
                  00019318    00000030     libuart_xwr16xx.aer4f : UART.oer4f (.text:UART_open)
                  00019348    00000030     libgtrack3D_xwr16xx.aer4f : gtrack_math.oer4f (.text:gtrack_matrixGetDiag)
                  00019378    00000030     libmmwavelink_xwr16xx.aer4f : rl_sensor.oer4f (.text:rlSensorStart)
                  000193a8    00000030     mss_mmw_per4f.oer4f (.text:ti_sysbios_BIOS_rtsLock__I)
                  000193d8    00000004     mss_mmw_per4f.oer4f (.text:xdc_runtime_System_Module_GateProxy_enter__E)
                  000193dc    00000004     mss_mmw_per4f.oer4f (.text:xdc_runtime_System_Module_GateProxy_leave__E)
                  000193e0    00000030     sysbios.aer4f : BIOS.obj (.text:ti_sysbios_family_arm_v7r_vim_Hwi_disableInterrupt__E)
                  00019410    00000030                   : BIOS.obj (.text:ti_sysbios_family_arm_v7r_vim_Hwi_enableInterrupt__E)
                  00019440    00000030     mss_mmw_per4f.oer4f (.text:ti_sysbios_gates_GateHwi_Object__delete__S)
                  00019470    00000030     sysbios.aer4f : BIOS.obj (.text:ti_sysbios_gates_GateMutex_Instance_init__E)
                  000194a0    00000030     mss_mmw_per4f.oer4f (.text:ti_sysbios_heaps_HeapMem_Object__delete__S)
                  000194d0    00000030     ti.targets.arm.rtsarm.aer4f : Error.oer4f (.text:xdc_runtime_Error_check__E)
                  00019500    00000030                                 : Error.oer4f (.text:xdc_runtime_Error_raiseX__E)
                  00019530    00000030                                 : Memory.oer4f (.text:xdc_runtime_Memory_valloc__E)
                  00019560    0000002c     libmmwave_xwr16xx.aer4f : mmwave.oer4f (.text:CSL_FEXTR)
                  0001958c    0000002c     libsoc_xwr16xx.aer4f : soc_xwr16xx_mss.oer4f (.text:SOC_waitBSSPowerUp)
                  000195b8    0000002c     gtrackLog.oer4f (.text:gtrack_log)
                  000195e4    0000002c     libmmwavelink_xwr16xx.aer4f : rl_device.oer4f (.text:rlDeviceGetMssVersion)
                  00019610    0000002c                                 : rl_sensor.oer4f (.text:rlSensorStop)
                  0001963c    0000002c     mss_mmw_per4f.oer4f (.text:ti_sysbios_gates_GateHwi_Handle__label__S)
                  00019668    0000002c     mss_mmw_per4f.oer4f (.text:ti_sysbios_gates_GateMutex_Handle__label__S)
                  00019694    0000002c     mss_mmw_per4f.oer4f (.text:ti_sysbios_heaps_HeapMem_Handle__label__S)
                  000196c0    0000002c     mss_mmw_per4f.oer4f (.text:ti_sysbios_knl_Semaphore_destruct)
                  000196ec    00000004     ti.targets.arm.rtsarm.aer4f : System.oer4f (.text:xdc_runtime_System_aprintf_va__F)
                  000196f0    0000002c     sysbios.aer4f : BIOS.obj (.text:ti_sysbios_knl_Task_enter__I)
                  0001971c    0000002a     libsoc_xwr16xx.aer4f : soc.oer4f (.text:SOC_SystemISR)
                  00019746    0000002a     rtsv7R4_T_le_v3D16_eabi.lib : strspn.obj (.text)
                  00019770    00000028     libmmwave_xwr16xx.aer4f : mmwave.oer4f (.text:MMWave_encodeError)
                  00019798    00000028                             : mmwave_listlib.oer4f (.text:MMWave_listAdd)
                  000197c0    00000028     task_mbox.oer4f (.text:MmwDemo_mboxWrite)
                  000197e8    00000028     mss_mmw_per4f.oer4f (.text:free)
                  00019810    00000028     libgtrack3D_xwr16xx.aer4f : gtrack_math.oer4f (.text:gtrack_vectorScallerDiv)
                  00019838    00000028     libmmwavelink_xwr16xx.aer4f : rl_device.oer4f (.text:rlDeviceGetMmWaveLinkVersion)
                  00019860    00000028                                 : rl_driver.oer4f (.text:rlDriverConstructInMsg)
                  00019888    00000028     rtsv7R4_T_le_v3D16_eabi.lib : e_sqrtf.obj (.text)
                  000198b0    00000028     mss_mmw_per4f.oer4f (.text:ti_sysbios_BIOS_rtsUnlock__I)
                  000198d8    00000004     ti.targets.arm.rtsarm.aer4f : System.oer4f (.text:xdc_runtime_System_printf_va__F)
                  000198dc    00000004     --HOLE-- [fill = 0]
                  000198e0    00000028     sysbios.aer4f : BIOS.obj (.text:ti_sysbios_family_arm_v7a_Pmu_Module_startup__E)
                  00019908    00000028     mss_mmw_per4f.oer4f (.text:ti_sysbios_family_arm_v7r_vim_Hwi_Module__startupDone__F)
                  00019930    00000028     sysbios.aer4f : BIOS.obj (.text:ti_sysbios_gates_GateMutex_leave__E)
                  00019958    00000028     mss_mmw_per4f.oer4f (.text:ti_sysbios_knl_Queue_destruct)
                  00019980    00000028     mss_mmw_per4f.oer4f (.text:ti_sysbios_timers_rti_Timer_Module__startupDone__F)
                  000199a8    00000028     ti.targets.arm.rtsarm.aer4f : Error.oer4f (.text:xdc_runtime_Error_init__E)
                  000199d0    00000028                                 : System.oer4f (.text:xdc_runtime_System_abort__E)
                  000199f8    00000028     mss_mmw_per4f.oer4f (.text:xdc_runtime_System_aprintf__E)
                  00019a20    00000028     mss_mmw_per4f.oer4f (.text:xdc_runtime_System_printf__E)
                  00019a48    00000026     libgtrack3D_xwr16xx.aer4f : gtrack_listlib.oer4f (.text:gtrack_listEnqueue)
                  00019a6e    00000026     libmmwavelink_xwr16xx.aer4f : rl_sensor.oer4f (.text:rlSetAdcOutConfig)
                  00019a94    00000026                                 : rl_sensor.oer4f (.text:rlSetAsyncEventDir)
                  00019aba    00000026                                 : rl_sensor.oer4f (.text:rlSetChannelConfig)
                  00019ae0    00000026                                 : rl_sensor.oer4f (.text:rlSetContModeConfig)
                  00019b06    00000024     libcrc_xwr16xx.aer4f : crc.oer4f (.text:CRC_isTransactionIdValid)
                  00019b2a    00000002     --HOLE-- [fill = 0]
                  00019b2c    00000024     libmailbox_xwr16xx.aer4f : mailbox.oer4f (.text:Mailbox_Config_init)
                  00019b50    00000024     libsoc_xwr16xx.aer4f : soc_xwr16xx.oer4f (.text:SOC_isMMWaveDSSOperational)
                  00019b74    00000024                          : soc_xwr16xx.oer4f (.text:SOC_isMMWaveMSSOperational)
                  00019b98    00000024     libuart_xwr16xx.aer4f : uartsci_dma.oer4f (.text:UartSci_RxDMACallbackFxn)
                  00019bbc    00000024                           : uartsci_dma.oer4f (.text:UartSci_TxDMACallbackFxn)
                  00019be0    00000024     libgtrack3D_xwr16xx.aer4f : gtrack_listlib.oer4f (.text:gtrack_listDequeue)
                  00019c04    00000024     libmmwavelink_xwr16xx.aer4f : rl_sensor.oer4f (.text:rlEnableContMode)
                  00019c28    00000024                                 : rl_sensor.oer4f (.text:rlSetLowPowerModeConfig)
                  00019c4c    00000024     ti.targets.arm.rtsarm.aer4f : System.oer4f (.text:xdc_runtime_System_exit__E)
                  00019c70    00000022     libuart_xwr16xx.aer4f : uartsci.oer4f (.text:UartSci_disableRxDMA)
                  00019c92    00000022                           : uartsci.oer4f (.text:UartSci_enableRxDMA)
                  00019cb4    00000022     rtsv7R4_T_le_v3D16_eabi.lib : strcspn.obj (.text)
                  00019cd6    00000002     --HOLE-- [fill = 0]
                  00019cd8    00000020     libcli_xwr16xx.aer4f : cli_mmwave.oer4f (.text:CLI_getMMWaveExtensionOpenConfig)
                  00019cf8    00000020     libmmwave_xwr16xx.aer4f : mmwave_fullcfg.oer4f (.text:MMWave_internalDelProfile)
                  00019d18    00000020                             : mmwave_osal.oer4f (.text:MMWave_osalMutexLock)
                  00019d38    00000020                             : mmwave_osal.oer4f (.text:MMWave_osalSemWait)
                  00019d58    00000020     libpinmux_xwr16xx.aer4f : pinmux.oer4f (.text:Pinmux_Unlock)
                  00019d78    00000020     gtrackAlloc.oer4f (.text:gtrack_alloc)
                  00019d98    00000020     libmmwavelink_xwr16xx.aer4f : rl_sensor.oer4f (.text:rlRfInit)
                  00019db8    00000020     rtsv7R4_T_le_v3D16_eabi.lib : memchr.obj (.text)
                  00019dd8    00000020     mss_mmw_per4f.oer4f (.text:ti_sysbios_BIOS_exitFunc__I)
                  00019df8    00000008     sysbios.aer4f : BIOS.obj (.tramp.ti_sysbios_family_arm_v7r_vim_Hwi_disableInterrupt__E.1)
                  00019e00    00000020                   : BIOS.obj (.text:ti_sysbios_family_arm_v7r_vim_Hwi_clearInterrupt__E)
                  00019e20    00000020                   : BIOS.obj (.text:ti_sysbios_knl_Task_sleepTimeout__I)
                  00019e40    0000001e     libsoc_xwr16xx.aer4f : soc_xwr16xx_mss.oer4f (.text:SOC_getOutAddr_LUTType)
                  00019e5e    0000001c     libcrc_xwr16xx.aer4f : crc.oer4f (.text:CRC_releaseTransactionId)
                  00019e7a    0000001c     libdma_xwr16xx.aer4f : dma.oer4f (.text:CSL_FEXTR)
                  00019e96    0000001c     libsoc_xwr16xx.aer4f : soc_xwr16xx.oer4f (.text:CSL_FEXTR)
                  00019eb2    0000001c                          : soc_xwr16xx_mss.oer4f (.text:CSL_FEXTR)
                  00019ece    0000001c     libuart_xwr16xx.aer4f : uartsci.oer4f (.text:CSL_FEXTR)
                  00019eea    00000002     --HOLE-- [fill = 0]
                  00019eec    0000001c     libmmwave_xwr16xx.aer4f : mmwave_xwr16xx.oer4f (.text:MMWave_deviceGetDeviceInfo)
                  00019f08    0000001c                             : mmwave_osal.oer4f (.text:MMWave_osalMutexDelete)
                  00019f24    0000001c                             : mmwave_osal.oer4f (.text:MMWave_osalSemDelete)
                  00019f40    0000001c     libsoc_xwr16xx.aer4f : soc_xwr16xx_mss.oer4f (.text:SOC_getInAddr_LUTType)
                  00019f5c    0000001c     sysbios.aer4f : arm_TaskSupport_asm.obj (.text:_ti_sysbios_family_arm_TaskSupport_glue)
                  00019f78    0000001c     rtsv7R4_T_le_v3D16_eabi.lib : memccpy.obj (.text)
                  00019f94    0000001c     mss_mmw_per4f.oer4f (.text:ti_sysbios_heaps_HeapMem_Object__get__S)
                  00019fb0    0000001c     sysbios.aer4f : BIOS.obj (.text:ti_sysbios_knl_Event_Instance_init__E)
                  00019fcc    0000001c     mss_mmw_per4f.oer4f (.text:ti_sysbios_knl_Swi_Object__get__S)
                  00019fe8    0000001c     mss_mmw_per4f.oer4f (.text:xdc_runtime_Startup_exec__I)
                  0001a004    0000001c     ti.targets.arm.rtsarm.aer4f : System.oer4f (.text:xdc_runtime_System_vsnprintf__E)
                  0001a020    0000001c                                 : Text.oer4f (.text:xdc_runtime_Text_ropeText__E)
                  0001a03c    0000001a     libsoc_xwr16xx.aer4f : soc.oer4f (.text:CSL_FEXTR)
                  0001a056    0000001a     rtsv7R4_T_le_v3D16_eabi.lib : s_copysign.obj (.text)
                  0001a070    00000018     libmmwave_xwr16xx.aer4f : mmwave.oer4f (.text:MMWave_decodeErrorLevel)
                  0001a088    00000018     libmailbox_xwr16xx.aer4f : mailbox.oer4f (.text:Mailbox_boxEmptyISRBss)
                  0001a0a0    00000018                              : mailbox.oer4f (.text:Mailbox_boxEmptyISRMssDss)
                  0001a0b8    00000018                              : mailbox.oer4f (.text:Mailbox_boxFullISRBss)
                  0001a0d0    00000018     mss_main.oer4f (.text:MmwDemo_mssMmwaveConfigCallbackFxn)
                  0001a0e8    00000018     mss_main.oer4f (.text:MmwDemo_mssMmwaveStartCallbackFxn)
                  0001a100    00000018     mss_main.oer4f (.text:MmwDemo_mssMmwaveStopCallbackFxn)
                  0001a118    00000018     libuart_xwr16xx.aer4f : UART.oer4f (.text:UART_Params_init)
                  0001a130    00000018     sysbios.aer4f : arm_TaskSupport_asm.obj (.text:_ti_sysbios_family_arm_TaskSupport_swap__E)
                  0001a148    00000018     gtrackAlloc.oer4f (.text:gtrack_free)
                  0001a160    00000018     libmmwavelink_xwr16xx.aer4f : rl_device.oer4f (.text:rlDeviceGetRfVersion)
                  0001a178    00000018                                 : rl_driver.oer4f (.text:rlDriverCalCRC)
                  0001a190    00000018                                 : rl_driver.oer4f (.text:rlDriverFillPayload)
                  0001a1a8    00000018                                 : rl_driver.oer4f (.text:rlDriverIsDeviceMapValid)
                  0001a1c0    00000018     rtsv7R4_T_le_v3D16_eabi.lib : args_main.obj (.text)
                  0001a1d8    00000018                                 : strcmp.obj (.text)
                  0001a1f0    00000018     sysbios.aer4f : BIOS.obj (.text:ti_sysbios_BIOS_setThreadType__E)
                  0001a208    00000008     gtrackAlloc.oer4f (.tramp.gtrack_free.1)
                  0001a210    00000018     sysbios.aer4f : BIOS.obj (.text:ti_sysbios_BIOS_start__E)
                  0001a228    00000018                   : BIOS.obj (.text:ti_sysbios_family_arm_v7a_Pmu_initCounters__I)
                  0001a240    00000018                   : BIOS.obj (.text:ti_sysbios_hal_Hwi_Module_startup__E)
                  0001a258    00000018     mss_mmw_per4f.oer4f (.text:ti_sysbios_heaps_HeapBuf_Object__get__S)
                  0001a270    00000018     sysbios.aer4f : BIOS.obj (.text:ti_sysbios_knl_Idle_loop__E)
                  0001a288    00000008     ti.targets.arm.rtsarm.aer4f : Memory.oer4f (.tramp.xdc_runtime_Memory_free__E.1)
                  0001a290    00000018     sysbios.aer4f : BIOS.obj (.text:ti_sysbios_knl_Queue_empty__E)
                  0001a2a8    00000008     ti.targets.arm.rtsarm.aer4f : Assert.oer4f (.tramp.xdc_runtime_Assert_raise__I.1)
                  0001a2b0    00000018     sysbios.aer4f : BIOS.obj (.text:ti_sysbios_knl_Swi_disable__E)
                  0001a2c8    00000018     mss_mmw_per4f.oer4f (.text:ti_sysbios_knl_Task_Object__get__S)
                  0001a2e0    00000018     sysbios.aer4f : BIOS.obj (.text:ti_sysbios_knl_Task_disable__E)
                  0001a2f8    00000018     mss_mmw_per4f.oer4f (.text:xdc_runtime_Text_visitRope__I)
                  0001a310    00000016     libmmwavelink_xwr16xx.aer4f : rl_driver.oer4f (.text:rlDriverShiftDWord)
                  0001a326    00000016     rtsv7R4_T_le_v3D16_eabi.lib : strchr.obj (.text)
                  0001a33c    00000016                                 : strlen.obj (.text)
                  0001a352    00000014     libosal_xwr16xx.aer4f : HwiP_tirtos.oer4f (.text:HwiP_Params_init)
                  0001a366    00000002     --HOLE-- [fill = 0]
                  0001a368    00000014     libmmwave_xwr16xx.aer4f : mmwave_osal.oer4f (.text:MMWave_osalMutexUnlock)
                  0001a37c    00000014                             : mmwave_osal.oer4f (.text:MMWave_osalSemSignal)
                  0001a390    00000014     libpinmux_xwr16xx.aer4f : pinmux.oer4f (.text:Pinmux_Lock)
                  0001a3a4    00000014     libuart_xwr16xx.aer4f : uartsci.oer4f (.text:UartSci_disableTxDMA)
                  0001a3b8    00000014                           : uartsci.oer4f (.text:UartSci_enableTxDMA)
                  0001a3cc    00000014     libosal_xwr16xx.aer4f : DebugP_tirtos.oer4f (.text:_DebugP_assert)
                  0001a3e0    00000014     libmmwavelink_xwr16xx.aer4f : rl_controller.oer4f (.text:rlAppendDummy)
                  0001a3f4    00000014     rtsv7R4_T_le_v3D16_eabi.lib : _lock.obj (.text)
                  0001a408    00000014                                 : strcpy.obj (.text)
                  0001a41c    00000004     --HOLE-- [fill = 0]
                  0001a420    00000014     sysbios.aer4f : BIOS.obj (.text:ti_sysbios_family_arm_TaskSupport_checkStack__E)
                  0001a434    0000000c     rtsv7R4_T_le_v3D16_eabi.lib : fputc.obj (.tramp.putchar.1)
                  0001a440    00000014     sysbios.aer4f : BIOS.obj (.text:ti_sysbios_family_arm_v7r_vim_Hwi_switchFromBootStack__E)
                  0001a454    0000000c     libmailbox_xwr16xx.aer4f : mailbox.oer4f (.tramp.Mailbox_readFlush.1)
                  0001a460    00000014     sysbios.aer4f : BIOS.obj (.text:ti_sysbios_gates_GateMutex_Instance_finalize__E)
                  0001a474    0000000c     libmailbox_xwr16xx.aer4f : mailbox.oer4f (.tramp.Mailbox_read.1)
                  0001a480    00000014     sysbios.aer4f : BIOS.obj (.text:ti_sysbios_knl_Semaphore_Instance_finalize__E)
                  0001a494    00000014     ti.targets.arm.rtsarm.aer4f : Gate.oer4f (.text:xdc_runtime_Gate_leaveSystem__E)
                  0001a4a8    00000014     mss_mmw_per4f.oer4f (.text:xdc_runtime_IHeap_alloc)
                  0001a4bc    00000014     mss_mmw_per4f.oer4f (.text:xdc_runtime_IHeap_free)
                  0001a4d0    00000014     ti.targets.arm.rtsarm.aer4f : Memory.oer4f (.text:xdc_runtime_Memory_calloc__E)
                  0001a4e4    00000014                                 : Memory.oer4f (.text:xdc_runtime_Memory_free__E)
                  0001a4f8    00000012     libcrc_xwr16xx.aer4f : crc.oer4f (.text:CRC_initConfigParams)
                  0001a50a    00000012     libosal_xwr16xx.aer4f : MemoryP_tirtos.oer4f (.text:MemoryP_ctrlAlloc)
                  0001a51c    00000012                           : SemaphoreP_tirtos.oer4f (.text:SemaphoreP_pend)
                  0001a52e    00000012     rtsv7R4_T_le_v3D16_eabi.lib : s_copysignf.obj (.text)
                  0001a540    00000010     libcli_xwr16xx.aer4f : cli_mmwave.oer4f (.text:CLI_getMMWaveExtensionConfig)
                  0001a550    00000010     libcrc_xwr16xx.aer4f : crc.oer4f (.text:CRC_getSignatureRegister)
                  0001a560    00000010     libmmwave_xwr16xx.aer4f : mmwave_xwr16xx.oer4f (.text:MMWave_deviceMailboxCallbackFxn)
                  0001a570    00000010     mss_main.oer4f (.text:MmwDemo_mboxCallback)
                  0001a580    00000010     libgtrack3D_xwr16xx.aer4f : gtrack_unit_get.oer4f (.text:gtrack_unitGetH)
                  0001a590    00000010     sysbios.aer4f : BIOS.obj (.text:ti_sysbios_family_arm_TaskSupport_getStackAlignment__E)
                  0001a5a0    00000010                   : BIOS.obj (.text:ti_sysbios_family_arm_exc_Exception_Module_startup__E)
                  0001a5b0    00000010                   : BIOS.obj (.text:ti_sysbios_family_arm_v7a_Pmu_disableInterruptI__E)
                  0001a5c0    00000010                   : BIOS.obj (.text:ti_sysbios_family_arm_v7a_Pmu_enableInterruptI__E)
                  0001a5d0    00000010                   : BIOS.obj (.text:ti_sysbios_family_arm_v7a_Pmu_getNumCounters__E)
                  0001a5e0    00000010                   : BIOS.obj (.text:ti_sysbios_family_arm_v7a_Pmu_startCounterI__E)
                  0001a5f0    00000010                   : BIOS.obj (.text:ti_sysbios_family_arm_v7a_Pmu_stopCounterI__E)
                  0001a600    00000010     mss_mmw_per4f.oer4f (.text:ti_sysbios_family_arm_v7r_vim_Hwi_Params__init__S)
                  0001a610    00000010     mss_mmw_per4f.oer4f (.text:ti_sysbios_knl_Queue_Object__get__S)
                  0001a620    00000010     mss_mmw_per4f.oer4f (.text:ti_sysbios_knl_Semaphore_Params__init__S)
                  0001a630    00000010     mss_mmw_per4f.oer4f (.text:ti_sysbios_knl_Task_Params__init__S)
                  0001a640    00000010     ti.targets.arm.rtsarm.aer4f : Gate.oer4f (.text:xdc_runtime_Gate_enterSystem__E)
                  0001a650    00000010                                 : Memory.oer4f (.text:xdc_runtime_Memory_getMaxDefaultTypeAlign__E)
                  0001a660    00000010                                 : Startup.oer4f (.text:xdc_runtime_Startup_rtsDone__E)
                  0001a670    0000000e     libosal_xwr16xx.aer4f : SemaphoreP_tirtos.oer4f (.text:SemaphoreP_delete)
                  0001a67e    0000000e     rtsv7R4_T_le_v3D16_eabi.lib : copy_decompress_none.obj (.text:decompress:none)
                  0001a68c    00000004     --HOLE-- [fill = 0]
                  0001a690    0000000c     sysbios.aer4f : BIOS.obj (.text:ti_sysbios_family_arm_v7r_vim_Hwi_startup__E)
                  0001a69c    00000004     --HOLE-- [fill = 0]
                  0001a6a0    0000000c                   : BIOS.obj (.text:ti_sysbios_gates_GateHwi_enter__E)
                  0001a6ac    00000004     --HOLE-- [fill = 0]
                  0001a6b0    0000000c                   : BIOS.obj (.text:ti_sysbios_knl_Queue_Instance_init__E)
                  0001a6bc    00000004     --HOLE-- [fill = 0]
                  0001a6c0    00000008                   : BIOS.obj (.text:ti_sysbios_gates_GateHwi_leave__E)
                  0001a6c8    00000008     mss_main.oer4f (.tramp.main.1)
                  0001a6d0    00000008     sysbios.aer4f : BIOS.obj (.text:ti_sysbios_gates_GateHwi_query__E)
                  0001a6d8    00000008     --HOLE-- [fill = 0]
                  0001a6e0    00000008                   : BIOS.obj (.text:ti_sysbios_gates_GateMutex_query__E)
                  0001a6e8    00000008     --HOLE-- [fill = 0]
                  0001a6f0    00000008                   : BIOS.obj (.text:ti_sysbios_heaps_HeapMem_isBlocking__E)
                  0001a6f8    00000008     --HOLE-- [fill = 0]
                  0001a700    00000008                   : BIOS.obj (.text:ti_sysbios_timers_rti_Timer_getMaxTicks__E)
                  0001a708    00000008     --HOLE-- [fill = 0]
                  0001a710    00000004                   : BIOS.obj (.text:ti_sysbios_BIOS_linkedWithIncorrectBootLibrary__E)
                  0001a714    0000000c     libmailbox_xwr16xx.aer4f : mailbox.oer4f (.tramp.Mailbox_close.1)
                  0001a720    00000004     sysbios.aer4f : BIOS.obj (.text:ti_sysbios_gates_GateHwi_Instance_init__E)
                  0001a724    0000000c     rtsv7R4_T_le_v3D16_eabi.lib : fflush.obj (.tramp.fflush.1)
                  0001a730    00000004     sysbios.aer4f : BIOS.obj (.text:ti_sysbios_knl_Task_startup__E)
                  0001a734    0000000c     libmmwavelink_xwr16xx.aer4f : rl_driver.oer4f (.tramp.rlDriverHostIrqHandler.1)
                  0001a740    0000000c     libosal_xwr16xx.aer4f : SemaphoreP_tirtos.oer4f (.tramp.SemaphoreP_postFromISR.1)
                  0001a74c    0000000c     rtsv7R4_T_le_v3D16_eabi.lib : memcpy_t2.obj (.tramp.memcpy.1)
                  0001a758    0000000c     libosal_xwr16xx.aer4f : MemoryP_tirtos.oer4f (.tramp.MemoryP_ctrlFree.1)
                  0001a764    0000000c                           : MemoryP_tirtos.oer4f (.tramp.MemoryP_ctrlAlloc.1)
                  0001a770    0000000c     rtsv7R4_T_le_v3D16_eabi.lib : memset_t2.obj (.tramp.memset.1)
                  0001a77c    0000000c     libsoc_xwr16xx.aer4f : soc_xwr16xx.oer4f (.tramp.SOC_isMMWaveDSSOperational.1)
                  0001a788    0000000c                          : soc_xwr16xx.oer4f (.tramp.SOC_isMMWaveMSSOperational.1)
                  0001a794    0000000c     rtsv7R4_T_le_v3D16_eabi.lib : cpy_tbl.obj (.tramp.copy_in.1)

.const     0    0001a7a0    0000394c     
                  0001a7a0    00001a98     mss_mmw_per4f.oer4f (.const:xdc_runtime_Text_charTab__A)
                  0001c238    000005a0     libgtrack3D_xwr16xx.aer4f : gtrack_math.oer4f (.const:cosTable)
                  0001c7d8    000005a0                               : gtrack_math.oer4f (.const:sinTable)
                  0001cd78    00000234     libmmwavelink_xwr16xx.aer4f : rl_sensor.oer4f (.const:$O1$$)
                  0001cfac    00000004     libcli_xwr16xx.aer4f : cli.oer4f (.const:.string:$P$T0$1)
                  0001cfb0    00000158     rtsv7R4_T_le_v3D16_eabi.lib : k_rem_pio2.obj (.const:$O1$$)
                  0001d108    00000144     libgtrack3D_xwr16xx.aer4f : gtrack_create.oer4f (.const:$P$T3$3)
                  0001d24c    00000144                               : gtrack_create.oer4f (.const:$P$T4$4)
                  0001d390    00000101     rtsv7R4_T_le_v3D16_eabi.lib : ctype.obj (.const:.string:_ctypes_)
                  0001d491    00000001     mss_mmw_per4f.oer4f (.const:xdc_runtime_Error_policy__C)
                  0001d492    000000d8     mss_mmw_per4f.oer4f (.const:xdc_runtime_Text_nodeTab__A)
                  0001d56a    00000002     mss_mmw_per4f.oer4f (.const:ti_sysbios_family_arm_exc_Exception_Module__id__C)
                  0001d56c    00000004     mss_mmw_per4f.oer4f (.const)
                  0001d570    00000098     rtsv7R4_T_le_v3D16_eabi.lib : strtod.obj (.const:$O1$$)
                  0001d608    00000090     libgtrack3D_xwr16xx.aer4f : gtrack_create.oer4f (.const:$P$T1$1)
                  0001d698    00000090                               : gtrack_create.oer4f (.const:$P$T2$2)
                  0001d728    00000090     libcli_xwr16xx.aer4f : cli_mmwave.oer4f (.const:.string)
                  0001d7b8    00000080     mss_mmw_per4f.oer4f (.const:ti_sysbios_family_arm_v7r_vim_Hwi_channelMap__A)
                  0001d838    0000007c     libmmwavelink_xwr16xx.aer4f : rl_driver.oer4f (.const:$O2$$)
                  0001d8b4    00000068     libgtrack3D_xwr16xx.aer4f : gtrack_create.oer4f (.const:defaultSceneryParams)
                  0001d91c    00000048                               : gtrack_unit_update.oer4f (.const:$P$T2$1)
                  0001d964    00000048     mss_mmw_per4f.oer4f (.const:.string)
                  0001d9ac    0000003c     mss_mmw_per4f.oer4f (.const:ti_sysbios_knl_Task_Object__PARAMS__C)
                  0001d9e8    00000034     rtsv7R4_T_le_v3D16_eabi.lib : s_atanf.obj (.const:$O1$$)
                  0001da1c    00000004     mss_mmw_per4f.oer4f (.const:ti_sysbios_family_arm_TaskSupport_stackAlignment__C)
[...]
0001def4  ti_sysbios_heaps_HeapMem_reqAlign__C                                 
0001def8  ti_sysbios_knl_Clock_LM_begin__C                                     
0001defc  ti_sysbios_knl_Clock_LM_tick__C                                      
0001df00  ti_sysbios_knl_Clock_LW_delayed__C                                   
0001df04  ti_sysbios_knl_Clock_Module_State_clockQ__O                          
0001df08  ti_sysbios_knl_Clock_Module__diagsEnabled__C                         
0001df0c  ti_sysbios_knl_Clock_Module__diagsIncluded__C                        
0001df10  ti_sysbios_knl_Clock_Module__diagsMask__C                            
0001df14  ti_sysbios_knl_Clock_Module__loggerFxn1__C                           
0001df18  ti_sysbios_knl_Clock_Module__loggerFxn2__C                           
0001df1c  ti_sysbios_knl_Clock_Module__loggerObj__C                            
0001df20  ti_sysbios_knl_Event_A_badContext__C                                 
0001df24  ti_sysbios_knl_Event_A_eventInUse__C                                 
0001df28  ti_sysbios_knl_Event_A_nullEventId__C                                
0001df2c  ti_sysbios_knl_Event_A_nullEventMasks__C                             
0001df30  ti_sysbios_knl_Event_A_pendTaskDisabled__C                           
0001df34  ti_sysbios_knl_Event_Instance_State_pendQ__O                         
0001df38  ti_sysbios_knl_Event_LM_pend__C                                      
0001df3c  ti_sysbios_knl_Event_LM_post__C                                      
0001df40  ti_sysbios_knl_Event_Module__diagsEnabled__C                         
0001df44  ti_sysbios_knl_Event_Module__diagsIncluded__C                        
0001df48  ti_sysbios_knl_Event_Module__diagsMask__C                            
0001df4c  ti_sysbios_knl_Event_Module__loggerFxn4__C                           
0001df50  ti_sysbios_knl_Event_Module__loggerFxn8__C                           
0001df54  ti_sysbios_knl_Event_Module__loggerObj__C                            
0001df58  ti_sysbios_knl_Idle_funcList__A                                      
0001df5c  ti_sysbios_knl_Semaphore_A_badContext__C                             
0001df60  ti_sysbios_knl_Semaphore_A_noEvents__C                               
0001df64  ti_sysbios_knl_Semaphore_A_overflow__C                               
0001df68  ti_sysbios_knl_Semaphore_A_pendTaskDisabled__C                       
0001df6c  ti_sysbios_knl_Semaphore_Instance_State_pendQ__O                     
0001df70  ti_sysbios_knl_Semaphore_LM_pend__C                                  
0001df74  ti_sysbios_knl_Semaphore_LM_post__C                                  
0001df78  ti_sysbios_knl_Semaphore_Module__diagsEnabled__C                     
0001df7c  ti_sysbios_knl_Semaphore_Module__diagsIncluded__C                    
0001df80  ti_sysbios_knl_Semaphore_Module__diagsMask__C                        
0001df84  ti_sysbios_knl_Semaphore_Module__loggerFxn2__C                       
0001df88  ti_sysbios_knl_Semaphore_Module__loggerFxn4__C                       
0001df8c  ti_sysbios_knl_Semaphore_Module__loggerObj__C                        
0001df90  ti_sysbios_knl_Swi_LD_end__C                                         
0001df94  ti_sysbios_knl_Swi_LM_begin__C                                       
0001df98  ti_sysbios_knl_Swi_LM_post__C                                        
0001df9c  ti_sysbios_knl_Swi_Module__diagsEnabled__C                           
0001dfa0  ti_sysbios_knl_Swi_Module__diagsIncluded__C                          
0001dfa4  ti_sysbios_knl_Swi_Module__diagsMask__C                              
0001dfa8  ti_sysbios_knl_Swi_Module__loggerFxn1__C                             
0001dfac  ti_sysbios_knl_Swi_Module__loggerFxn4__C                             
0001dfb0  ti_sysbios_knl_Swi_Module__loggerObj__C                              
0001dfb4  ti_sysbios_knl_Swi_Object__count__C                                  
0001dfb8  ti_sysbios_knl_Task_A_badPriority__C                                 
0001dfbc  ti_sysbios_knl_Task_A_badTaskState__C                                
0001dfc0  ti_sysbios_knl_Task_A_badThreadType__C                               
0001dfc4  ti_sysbios_knl_Task_A_badTimeout__C                                  
0001dfc8  ti_sysbios_knl_Task_A_noPendElem__C                                  
0001dfcc  ti_sysbios_knl_Task_A_sleepTaskDisabled__C                           
0001dfd0  ti_sysbios_knl_Task_E_spOutOfBounds__C                               
0001dfd4  ti_sysbios_knl_Task_E_stackOverflow__C                               
0001dfd8  ti_sysbios_knl_Task_LD_block__C                                      
0001dfdc  ti_sysbios_knl_Task_LD_exit__C                                       
0001dfe0  ti_sysbios_knl_Task_LD_ready__C                                      
0001dfe4  ti_sysbios_knl_Task_LM_sleep__C                                      
0001dfe8  ti_sysbios_knl_Task_LM_switch__C                                     
0001dfec  ti_sysbios_knl_Task_Module_State_inactiveQ__O                        
0001dff0  ti_sysbios_knl_Task_Module__diagsEnabled__C                          
0001dff4  ti_sysbios_knl_Task_Module__diagsIncluded__C                         
0001dff8  ti_sysbios_knl_Task_Module__diagsMask__C                             
0001dffc  ti_sysbios_knl_Task_Module__loggerFxn2__C                            
0001e000  ti_sysbios_knl_Task_Module__loggerFxn4__C                            
0001e004  ti_sysbios_knl_Task_Module__loggerObj__C                             
0001e008  ti_sysbios_knl_Task_Object__count__C                                 
0001e00c  ti_sysbios_knl_Task_allBlockedFunc__C                                
0001e010  ti_sysbios_knl_Task_defaultStackHeap__C                              
0001e014  ti_sysbios_knl_Task_defaultStackSize__C                              
0001e018  ti_sysbios_knl_Task_numConstructedTasks__C                           
0001e01c  ti_sysbios_timers_rti_Timer_E_cannotSupport__C                       
0001e020  ti_sysbios_timers_rti_Timer_Module__diagsEnabled__C                  
0001e024  ti_sysbios_timers_rti_Timer_Module__diagsIncluded__C                 
0001e028  ti_sysbios_timers_rti_Timer_Module__diagsMask__C                     
0001e02c  ti_sysbios_timers_rti_Timer_numTimerDevices__C                       
0001e030  ti_sysbios_timers_rti_Timer_startupNeeded__C                         
0001e034  xdc_runtime_Assert_E_assertFailed__C                                 
0001e038  xdc_runtime_Core_A_initializedParams__C                              
0001e03c  xdc_runtime_Core_Module__diagsEnabled__C                             
0001e040  xdc_runtime_Core_Module__diagsIncluded__C                            
0001e044  xdc_runtime_Core_Module__diagsMask__C                                
0001e048  xdc_runtime_Error_E_memory__C                                        
0001e04c  xdc_runtime_Error_Module__diagsEnabled__C                            
0001e050  xdc_runtime_Error_Module__diagsIncluded__C                           
0001e054  xdc_runtime_Error_Module__diagsMask__C                               
0001e058  xdc_runtime_Error_Module__loggerFxn8__C                              
0001e05c  xdc_runtime_Error_Module__loggerObj__C                               
0001e060  xdc_runtime_Error_policyFxn__C                                       
0001e064  xdc_runtime_Error_raiseHook__C                                       
0001e068  xdc_runtime_IGateProvider_Interface__BASE__C                         
0001e06c  xdc_runtime_IHeap_Interface__BASE__C                                 
0001e070  xdc_runtime_IModule_Interface__BASE__C                               
0001e074  xdc_runtime_Log_L_error__C                                           
0001e078  xdc_runtime_Memory_defaultHeapInstance__C                            
0001e07c  xdc_runtime_Startup_execImpl__C                                      
0001e080  xdc_runtime_Startup_maxPasses__C                                     
0001e084  xdc_runtime_Startup_sfxnRts__C                                       
0001e088  xdc_runtime_Startup_sfxnTab__C                                       
0001e08c  xdc_runtime_System_Module__gateObj__C                                
0001e090  xdc_runtime_System_abortFxn__C                                       
0001e094  xdc_runtime_System_exitFxn__C                                        
0001e098  xdc_runtime_System_extendFxn__C                                      
0001e09c  xdc_runtime_System_maxAtexitHandlers__C                              
0001e0a0  xdc_runtime_Text_charTab__C                                          
0001e0a4  xdc_runtime_Text_nameEmpty__C                                        
0001e0a8  xdc_runtime_Text_nameStatic__C                                       
0001e0ac  xdc_runtime_Text_nameUnknown__C                                      
0001e0b0  xdc_runtime_Text_nodeTab__C                                          
0001e0b4  xdc_runtime_Text_visitRopeFxn__C                                     
0001e0b8  ti_sysbios_family_arm_v7r_vim_Hwi_Module__id__C                      
0001e0ba  ti_sysbios_family_arm_v7r_vim_Hwi_Module__loggerDefined__C           
0001e0bc  ti_sysbios_gates_GateMutex_Module__id__C                             
0001e0be  ti_sysbios_hal_Hwi_Module__id__C                                     
0001e0c0  ti_sysbios_heaps_HeapMem_Module__id__C                               
0001e0c2  ti_sysbios_knl_Clock_Module__id__C                                   
0001e0c4  ti_sysbios_knl_Clock_Module__loggerDefined__C                        
0001e0c6  ti_sysbios_knl_Event_Module__id__C                                   
0001e0c8  ti_sysbios_knl_Event_Module__loggerDefined__C                        
0001e0ca  ti_sysbios_knl_Semaphore_Module__id__C                               
0001e0cc  ti_sysbios_knl_Semaphore_Module__loggerDefined__C                    
0001e0ce  ti_sysbios_knl_Swi_Module__id__C                                     
0001e0d0  ti_sysbios_knl_Swi_Module__loggerDefined__C                          
0001e0d2  ti_sysbios_knl_Task_Module__id__C                                    
0001e0d4  ti_sysbios_knl_Task_Module__loggerDefined__C                         
0001e0d6  ti_sysbios_timers_rti_Timer_Module__id__C                            
0001e0d8  ti_sysbios_timers_rti_Timer_continueOnSuspend__C                     
0001e0da  xdc_runtime_Core_Module__id__C                                       
0001e0dc  xdc_runtime_Error_Module__loggerDefined__C                           
0001e0de  xdc_runtime_Error_maxDepth__C                                        
0001e0e0  xdc_runtime_Main_Module__id__C                                       
0001e0e2  xdc_runtime_Memory_Module__id__C                                     
0001e0e4  xdc_runtime_Text_charCnt__C                                          
0001e0e6  xdc_runtime_Text_isLoaded__C                                         
0001e0e8  xdc_runtime_Text_registryModsLastId__C                               
0001e0ea  xdc_runtime_Text_unnamedModsLastId__C                                
0001e0f0  __TI_static_base__                                                   
0001e4dc  __TI_Handler_Table_Base                                              
0001e4e8  __TI_Handler_Table_Limit                                             
0001e500  __TI_CINIT_Base                                                      
0001e520  __TI_CINIT_Limit                                                     
08000000  ti_sysbios_heaps_HeapMem_Instance_State_0_buf__A                     
08010000  gMmwMssMCB                                                           
08011dc8  ti_sysbios_family_arm_exc_Exception_Module_State_0_excStack_0__A     
08012dc8  ti_sysbios_knl_Task_Instance_State_0_stack__A                        
080135c8  gCLI                                                                 
08013768  __CIOBUF_                                                            
08013888  gMMWave_MCB                                                          
0801396c  __TI_tmpnams                                                         
08013a0c  gEsmMCB                                                              
08013a84  gDMADriverPtr                                                        
08013a8c  gMMWave_XWR16xxMCB                                                   
08013a94  D2H_SYNC_PATTERN                                                     
08013a98  H2D_SYNC_PATTERN                                                     
08013a9c  H2D_CNYS_PATTERN                                                     
08013aa0  rl_txMsg                                                             
08013ba0  rl_rxMsg                                                             
08013e84  ti_sysbios_family_arm_v7r_vim_Hwi_Module_State_0_dispatchTable__A    
08014084  gCLIMMWaveOpenCfg                                                    
080140a0  gCLIMMWaveExtensionTable                                             
0801413c  gCLIMMWaveControlCfg                                                 
08014208  appStateParamTable                                                   
0801421c  appVariationParamTable                                               
0801423c  appGatingParamTable                                                  
08014264  appAllocationParamTable                                              
08014294  appSceneryParamTable                                                 
08014364  _ftable                                                              
08014524  ti_sysbios_knl_Swi_Module_State_0_readyQ__A                          
080145a4  ti_sysbios_knl_Task_Module_State_0_readyQ__A                         
08014624  gDMAHwCfg                                                            
0801467c  gUartSciHwCfg                                                        
080146cc  ti_sysbios_knl_Task_Object__table__V                                 
08014718  gMailboxMCB                                                          
08014760  ti_sysbios_knl_Task_Module__state__V                                 
080147a4  SOC_TranslateAddr_LUT                                                
080147e4  ti_sysbios_gates_GateMutex_Object__table__V                          
0801481c  ti_sysbios_timers_rti_Timer_Object__table__V                         
08014854  ti_sysbios_family_arm_v7r_vim_Hwi_Module__state__V                   
08014888  ti_sysbios_knl_Swi_Object__table__V                                  
080148b8  ti_sysbios_family_arm_v7r_vim_Hwi_Object__table__V                   
080148e4  ti_sysbios_knl_Clock_Module__state__V                                
08014910  gUartSciFxnTable                                                     
08014938  UART_config                                                          
0801495c  ti_sysbios_BIOS_Module__state__V                                     
08014980  xdc_runtime_Error_IgnoreBlock                                        
080149a0  xdc_runtime_System_Module_State_0_atexitHandlers__A                  
080149c0  ti_sysbios_knl_Swi_Module__state__V                                  
080149dc  gMailboxMssBssHwCfg                                                  
080149f4  gMailboxMssDssHwCfg                                                  
08014a0c  ti_sysbios_heaps_HeapMem_Object__table__V                            
08014a24  ti_sysbios_timers_rti_Timer_Module_State_0_device__A                 
08014a3c  gSOCHwAttrib                                                         
08014a50  ti_sysbios_family_arm_exc_Exception_Module__state__V                 
08014a64  __TI_ft_end                                                          
08014a68  __aeabi_stdin                                                        
08014a6c  __aeabi_stdout                                                       
08014a70  __aeabi_stderr                                                       
08014a74  ti_sysbios_timers_rti_Timer_Module_State_0_intFreqs__A               
08014a84  ti_sysbios_timers_rti_Timer_Module__state__V                         
08014a94  __TI_cleanup_ptr                                                     
08014a98  __TI_dtors_ptr                                                       
08014a9c  __TI_enable_exit_profile_output                                      
08014aa0  ti_sysbios_family_arm_v7a_Pmu_Module__state__V                       
08014aac  _lock                                                                
08014ab0  _unlock                                                              
08014ab4  gESMHwCfgAttrs                                                       
08014abc  ti_sysbios_family_arm_v7r_vim_Hwi_Module__root__V                    
08014ac4  ti_sysbios_gates_GateHwi_Module__root__V                             
08014acc  ti_sysbios_gates_GateMutex_Module__root__V                           
08014ad4  ti_sysbios_hal_Hwi_Object__table__V                                  
08014adc  ti_sysbios_heaps_HeapMem_Module__root__V                             
08014ae4  ti_sysbios_knl_Event_Module__root__V                                 
08014aec  ti_sysbios_knl_Queue_Module__root__V                                 
08014af4  ti_sysbios_knl_Semaphore_Module__root__V                             
08014afc  ti_sysbios_knl_Task_Module__root__V                                  
08014b04  ti_sysbios_timers_rti_Timer_Module_State_0_handles__A                
08014b0c  xdc_runtime_Registry_Module__state__V                                
08014b14  xdc_runtime_Startup_Module__state__V                                 
08014b1c  xdc_runtime_System_Module__state__V                                  
08014b24  DMA_defaultParams                                                    
08014b28  memoryBytesUsed                                                      
08014b2c  gCRCRegister                                                         
08014b30  gPinmuxRegs                                                          
08014b38  errno                                                                
08014b40  main_func_sp                                                         
08014b48  ti_sysbios_family_arm_exc_Exception_Module_State_0_excContext__A     
08014b4c  ti_sysbios_family_arm_exc_Exception_Module_State_0_excStackBuffers__A
08014b50  ti_sysbios_family_arm_exc_Exception_Module_State_0_excStack__A       
08014b54  ti_sysbios_gates_GateHwi_Object__table__V                            
08014b58  ti_sysbios_heaps_HeapBuf_Module__state__V                            
08014b5c  ti_sysbios_knl_Task_Module_State_0_idleTask__A                       
08014b60  xdc_runtime_Memory_Module__state__V                                  
08014b64  ti_sysbios_family_arm_exc_Exception_Module_State_0_excActive__A      
08014b66  xdc_runtime_Error_Module__state__V                                   
08014b68  ti_sysbios_family_arm_v7r_vim_Hwi_Module_State_0_fiqStack__A         
08015b80  __stack                                                              
08016b80  __STACK_END                                                          
fffffdec  ti_sysbios_family_arm_v7r_vim_Hwi_vim                                
ffffffff  __TI_pprof_out_hndl                                                  
ffffffff  __TI_prof_data_size                                                  
ffffffff  __TI_prof_data_start                                                 
ffffffff  __binit__                                                            
ffffffff  __c_args__                                                           
ffffffff  binit                                                                
UNDEFED   SHT$$INIT_ARRAY$$Base                                                
UNDEFED   SHT$$INIT_ARRAY$$Limit                                               

[992 symbols]
